[    0.000000] Linux version 5.10.25-linuxkit (root@cef9c358b34d) (gcc (Alpine 9.2.0) 9.2.0, GNU ld (GNU Binutils) 2.33.1) #1 SMP Tue Mar 23 09:27:39 UTC 2021
[    0.000000] Command line: earlyprintk=serial page_poison=1 vsyscall=emulate panic=1 nospec_store_bypass_disable noibrs noibpb no_stf_barrier mitigations=off console=ttyS0 console=ttyS1  vpnkit.connect=connect://2/1999
[    0.000000] x86/fpu: Supporting XSAVE feature 0x001: 'x87 floating point registers'
[    0.000000] x86/fpu: Supporting XSAVE feature 0x002: 'SSE registers'
[    0.000000] x86/fpu: Supporting XSAVE feature 0x004: 'AVX registers'
[    0.000000] x86/fpu: xstate_offset[2]:  576, xstate_sizes[2]:  256
[    0.000000] x86/fpu: Enabled xstate features 0x7, context size is 832 bytes, using 'standard' format.
[    0.000000] BIOS-provided physical RAM map:
[    0.000000] BIOS-e820: [mem 0x0000000000000000-0x000000000009fbff] usable
[    0.000000] BIOS-e820: [mem 0x0000000000100000-0x00000000bfffffff] usable
[    0.000000] BIOS-e820: [mem 0x0000000100000000-0x000000013fffffff] usable
[    0.000000] printk: bootconsole [earlyser0] enabled
[    0.000000] ERROR: earlyprintk= earlyser already used
[    0.000000] ERROR: earlyprintk= earlyser already used
[    0.000000] NX (Execute Disable) protection: active
[    0.000000] SMBIOS 2.6 present.
[    0.000000] DMI:  BHYVE, BIOS 1.00 03/14/2014
[    0.000000] tsc: Detected 2300.000 MHz processor
[    0.000000] tsc: Detected 2299.968 MHz TSC
[    0.000131] e820: update [mem 0x00000000-0x00000fff] usable ==> reserved
[    0.000411] e820: remove [mem 0x000a0000-0x000fffff] usable
[    0.000414] last_pfn = 0x140000 max_arch_pfn = 0x400000000
[    0.000799] MTRR default type: uncachable
[    0.000800] MTRR variable ranges disabled:
[    0.000800] Disabled
[    0.000948] x86/PAT: MTRRs disabled, skipping PAT initialization too.
[    0.001388] CPU MTRRs all blank - virtualized system.
[    0.001732] x86/PAT: Configuration [0-7]: WB  WT  UC- UC  WB  WT  UC- UC  
[    0.002407] last_pfn = 0xc0000 max_arch_pfn = 0x400000000
[    0.002849] found SMP MP-table at [mem 0x000f0000-0x000f000f]
[    0.003263] Kernel/User page tables isolation: disabled on command line.
[    0.003716] Using GB pages for direct mapping
[    0.004119] RAMDISK: [mem 0x78024000-0x7fffffff]
[    0.004446] ACPI: Early table checksum verification disabled
[    0.004831] ACPI: RSDP 0x00000000000F2400 000024 (v02 BHYVE )
[    0.005222] ACPI: XSDT 0x00000000000F2480 000044 (v01 BHYVE  BVXSDT   00000001 INTL 20140828)
[    0.005821] ACPI: APIC 0x00000000000F2500 000092 (v01 BHYVE  BVMADT   00000001 INTL 20140828)
[    0.006403] ACPI: FACP 0x00000000000F2A00 00010C (v05 BHYVE  BVFACP   00000001 INTL 20140828)
[    0.006984] ACPI: DSDT 0x00000000000F2C00 000A2D (v02 BHYVE  BVDSDT   00000001 INTL 20140828)
[    0.007564] ACPI: FACS 0x00000000000F2BC0 000040
[    0.007884] ACPI: FACS 0x00000000000F2BC0 000040
[    0.008200] ACPI: HPET 0x00000000000F2B40 000038 (v01 BHYVE  BVHPET   00000001 INTL 20140828)
[    0.008779] ACPI: MCFG 0x00000000000F2B80 00003C (v01 BHYVE  BVMCFG   00000001 INTL 20140828)
[    0.009374] ACPI: Local APIC address 0xfee00000
[    0.009375] system APIC only can use physical flat
[    0.009376] Setting APIC routing to physical flat.
[    0.009776] Zone ranges:
[    0.009945]   DMA      [mem 0x0000000000001000-0x0000000000ffffff]
[    0.010364]   DMA32    [mem 0x0000000001000000-0x00000000ffffffff]
[    0.010761]   Normal   [mem 0x0000000100000000-0x000000013fffffff]
[    0.011174]   Device   empty
[    0.011356] Movable zone start for each node
[    0.011624] Early memory node ranges
[    0.011848]   node   0: [mem 0x0000000000001000-0x000000000009efff]
[    0.012242]   node   0: [mem 0x0000000000100000-0x00000000bfffffff]
[    0.012641]   node   0: [mem 0x0000000100000000-0x000000013fffffff]
[    0.013025] Initmem setup node 0 [mem 0x0000000000001000-0x000000013fffffff]
[    0.013464] On node 0 totalpages: 1048478
[    0.013465]   DMA zone: 64 pages used for memmap
[    0.013466]   DMA zone: 21 pages reserved
[    0.013466]   DMA zone: 3998 pages, LIFO batch:0
[    0.015683]   DMA zone: 28770 pages in unavailable ranges
[    0.016007]   DMA32 zone: 12224 pages used for memmap
[    0.016008]   DMA32 zone: 782336 pages, LIFO batch:63
[    0.060068]   Normal zone: 4096 pages used for memmap
[    0.060071]   Normal zone: 262144 pages, LIFO batch:63
[    0.075688] ACPI: PM-Timer IO Port: 0x408
[    0.075940] ACPI: Local APIC address 0xfee00000
[    0.075942] system APIC only can use physical flat
[    0.075948] ACPI: LAPIC_NMI (acpi_id[0xff] high edge lint[0x1])
[    0.076344] IOAPIC[0]: apic_id 0, version 17, address 0xfec00000, GSI 0-23
[    0.076756] ACPI: INT_SRC_OVR (bus 0 bus_irq 0 global_irq 2 high edge)
[    0.077145] ACPI: INT_SRC_OVR (bus 0 bus_irq 9 global_irq 9 low level)
[    0.077579] ACPI: IRQ0 used by override.
[    0.077580] ACPI: IRQ9 used by override.
[    0.077582] Using ACPI (MADT) for SMP configuration information
[    0.078046] ACPI: HPET id: 0x80860701 base: 0xfed00000
[    0.078382] smpboot: Allowing 8 CPUs, 0 hotplug CPUs
[    0.078683] [mem 0xc0000000-0xffffffff] available for PCI devices
[    0.079047] Booting paravirtualized kernel on bare hardware
[    0.079382] clocksource: refined-jiffies: mask: 0xffffffff max_cycles: 0xffffffff, max_idle_ns: 1910969940391419 ns
[    0.093017] setup_percpu: NR_CPUS:128 nr_cpumask_bits:128 nr_cpu_ids:8 nr_node_ids:1
[    0.095462] percpu: Embedded 54 pages/cpu s181208 r8192 d31784 u262144
[    0.095840] pcpu-alloc: s181208 r8192 d31784 u262144 alloc=1*2097152
[    0.095841] pcpu-alloc: [0] 0 1 2 3 4 5 6 7 
[    0.095859] Built 1 zonelists, mobility grouping on.  Total pages: 1032073
[    0.096253] Kernel command line: earlyprintk=serial page_poison=1 vsyscall=emulate panic=1 nospec_store_bypass_disable noibrs noibpb no_stf_barrier mitigations=off console=ttyS0 console=ttyS1  vpnkit.connect=connect://2/1999
[    0.101126] Dentry cache hash table entries: 524288 (order: 10, 4194304 bytes, linear)
[    0.103517] Inode-cache hash table entries: 262144 (order: 9, 2097152 bytes, linear)
[    0.104063] mem auto-init: stack:off, heap alloc:off, heap free:off
[    3.905037] Memory: 3894520K/4193912K available (14348K kernel code, 2302K rwdata, 3536K rodata, 1608K init, 944K bss, 299132K reserved, 0K cma-reserved)
[    3.905979] random: get_random_u32 called from ____cache_alloc+0x42d/0x612 with crng_init=0
[    3.906030] ftrace: allocating 49213 entries in 193 pages
[    3.921350] ftrace: allocated 193 pages with 3 groups
[    3.921762] rcu: Hierarchical RCU implementation.
[    3.922082] rcu: 	RCU restricting CPUs from NR_CPUS=128 to nr_cpu_ids=8.
[    3.922533] 	Rude variant of Tasks RCU enabled.
[    3.922838] 	Tracing variant of Tasks RCU enabled.
[    3.923161] rcu: RCU calculated value of scheduler-enlistment delay is 100 jiffies.
[    3.923677] rcu: Adjusting geometry for rcu_fanout_leaf=16, nr_cpu_ids=8
[    3.927523] NR_IRQS: 8448, nr_irqs: 488, preallocated irqs: 16
[    3.928232] Console: colour dummy device 80x25
[    3.966629] printk: console [ttyS0] enabled
[    3.967156] ACPI: Core revision 20200925
[    3.967652] ACPI BIOS Warning (bug): Incorrect checksum in table [DSDT] - 0x7E, should be 0xDB (20200925/tbprint-173)
[    3.969207] clocksource: hpet: mask: 0xffffffff max_cycles: 0xffffffff, max_idle_ns: 191126044627 ns
[    3.970345] APIC: Switch to symmetric I/O mode setup
[    3.972460] ..TIMER: vector=0x30 apic1=0 pin1=2 apic2=-1 pin2=-1
[    3.977600] clocksource: tsc-early: mask: 0xffffffffffffffff max_cycles: 0x212717146a7, max_idle_ns: 440795291431 ns
[    3.979041] Calibrating delay loop (skipped), value calculated using timer frequency.. 4599.93 BogoMIPS (lpj=2299968)
[    3.980041] pid_max: default: 32768 minimum: 301
[    3.980657] LSM: Security Framework initializing
[    3.981042] Yama: becoming mindful.
[    3.981494] Mount-cache hash table entries: 8192 (order: 4, 65536 bytes, linear)
[    3.982041] Mountpoint-cache hash table entries: 8192 (order: 4, 65536 bytes, linear)
[    3.984704] Last level iTLB entries: 4KB 64, 2MB 8, 4MB 8
[    3.985041] Last level dTLB entries: 4KB 64, 2MB 0, 4MB 0, 1GB 4
[    3.986042] Speculative Store Bypass: Vulnerable
[    3.986669] SRBDS: Unknown: Dependent on hypervisor status
[    3.987114] Freeing SMP alternatives memory: 20K
[    4.090806] smpboot: CPU0: Intel(R) Core(TM) i9-9880H CPU @ 2.30GHz (family: 0x6, model: 0x9e, stepping: 0xd)
[    4.091141] Performance Events: unsupported p6 CPU model 158 no PMU driver, software events only.
[    4.092086] rcu: Hierarchical SRCU implementation.
[    4.093269] NMI watchdog: Perf NMI watchdog permanently disabled
[    4.094097] smp: Bringing up secondary CPUs ...
[    4.095103] x86: Booting SMP configuration:
[    4.095664] .... node  #0, CPUs:      #1
[    0.045936] smpboot: CPU 1 Converting physical 0 to logical die 1
[    4.158161]  #2
[    0.045936] smpboot: CPU 2 Converting physical 0 to logical die 2
[    4.221132]  #3
[    0.045936] smpboot: CPU 3 Converting physical 0 to logical die 3
[    4.284125]  #4
[    0.045936] smpboot: CPU 4 Converting physical 0 to logical die 4
[    4.347221]  #5
[    0.045936] smpboot: CPU 5 Converting physical 0 to logical die 5
[    4.410213]  #6
[    0.045936] smpboot: CPU 6 Converting physical 0 to logical die 6
[    4.473149]  #7
[    0.045936] smpboot: CPU 7 Converting physical 0 to logical die 7
[    4.536270] smp: Brought up 1 node, 8 CPUs
[    4.537043] smpboot: Max logical packages: 8
[    4.537625] smpboot: Total of 8 processors activated (36756.65 BogoMIPS)
[    4.539092] devtmpfs: initialized
[    4.539565] x86/mm: Memory block size: 128MB
[    4.540450] clocksource: jiffies: mask: 0xffffffff max_cycles: 0xffffffff, max_idle_ns: 1911260446275000 ns
[    4.541043] futex hash table entries: 2048 (order: 5, 131072 bytes, linear)
[    4.542412] NET: Registered protocol family 16
[    4.543196] audit: initializing netlink subsys (disabled)
[    4.544069] audit: type=2000 audit(1622402059.571:1): state=initialized audit_enabled=0 res=1
[    4.544107] thermal_sys: Registered thermal governor 'step_wise'
[    4.545050] cpuidle: using governor ladder
[    4.546593] cpuidle: using governor menu
[    4.547161] ACPI FADT declares the system doesn't support PCIe ASPM, so disable it
[    4.548040] ACPI: bus type PCI registered
[    4.549040] acpiphp: ACPI Hot Plug PCI Controller Driver version: 0.5
[    4.550103] PCI: MMCONFIG for domain 0000 [bus 00-ff] at [mem 0xe0000000-0xefffffff] (base 0xe0000000)
[    4.551041] PCI: not using MMCONFIG
[    4.552043] PCI: Using configuration type 1 for base access
[    4.554479] Kprobes globally optimized
[    4.555130] HugeTLB registered 1.00 GiB page size, pre-allocated 0 pages
[    4.556041] HugeTLB registered 2.00 MiB page size, pre-allocated 0 pages
[    4.560111] cryptd: max_cpu_qlen set to 1000
[    4.566106] ACPI: Added _OSI(Module Device)
[    4.567043] ACPI: Added _OSI(Processor Device)
[    4.567657] ACPI: Added _OSI(3.0 _SCP Extensions)
[    4.568040] ACPI: Added _OSI(Processor Aggregator Device)
[    4.569044] ACPI: Added _OSI(Linux-Dell-Video)
[    4.570041] ACPI: Added _OSI(Linux-Lenovo-NV-HDMI-Audio)
[    4.570751] ACPI: Added _OSI(Linux-HPI-Hybrid-Graphics)
[    4.571262] ACPI: 1 ACPI AML tables successfully acquired and loaded
[    4.573460] ACPI: Interpreter enabled
[    4.573959] ACPI: (supports S0 S5)
[    4.574041] ACPI: Using IOAPIC for interrupt routing
[    4.575059] PCI: MMCONFIG for domain 0000 [bus 00-ff] at [mem 0xe0000000-0xefffffff] (base 0xe0000000)
[    4.576089] PCI: MMCONFIG at [mem 0xe0000000-0xefffffff] reserved in ACPI motherboard resources
[    4.577048] PCI: Using host bridge windows from ACPI; if necessary, use "pci=nocrs" and report a bug
[    4.578886] ACPI: PCI Root Bridge [PC00] (domain 0000 [bus 00])
[    4.579045] acpi PNP0A03:00: _OSC: OS supports [ExtendedConfig ASPM ClockPM Segments MSI HPX-Type3]
[    4.580053] acpi PNP0A03:00: host bridge window [mem 0x00000000-0xd0000fffff window] ([0x8000000000-0xd0000fffff] ignored, not CPU addressable)
[    4.581041] acpi PNP0A03:00: host bridge window expanded to [mem 0x00000000-0x7fffffffff window]; [mem 0x00000000-0x7fffffffff window] ignored
[    4.582076] PCI host bridge to bus 0000:00
[    4.583042] pci_bus 0000:00: root bus resource [io  0x0000-0x0cf7 window]
[    4.584041] pci_bus 0000:00: root bus resource [io  0x0d00-0x1fff window]
[    4.585041] pci_bus 0000:00: root bus resource [io  0x2000-0x215f window]
[    4.586041] pci_bus 0000:00: root bus resource [mem 0x00000000-0x7fffffffff window]
[    4.587041] pci_bus 0000:00: root bus resource [bus 00]
[    4.588066] pci 0000:00:00.0: [1275:1275] type 00 class 0x060000
[    4.589234] pci 0000:00:00.0: reg 0x30: [mem 0x00000000-0x000007ff pref]
[    4.590323] pci 0000:00:01.0: [1af4:1000] type 00 class 0x020000
[    4.591111] pci 0000:00:01.0: reg 0x10: [io  0x2000-0x201f]
[    4.592083] pci 0000:00:01.0: reg 0x14: [mem 0xc0000000-0xc0001fff]
[    4.593224] pci 0000:00:01.0: reg 0x30: [mem 0x00000000-0x000007ff pref]
[    4.594314] pci 0000:00:02.0: [1af4:1001] type 00 class 0x010000
[    4.595112] pci 0000:00:02.0: reg 0x10: [io  0x2080-0x20ff]
[    4.596079] pci 0000:00:02.0: reg 0x14: [mem 0xc0002000-0xc0003fff]
[    4.597225] pci 0000:00:02.0: reg 0x30: [mem 0x00000000-0x000007ff pref]
[    4.598313] pci 0000:00:03.0: [1af4:103f] type 00 class 0x020000
[    4.599110] pci 0000:00:03.0: reg 0x10: [io  0x2100-0x211f]
[    4.600078] pci 0000:00:03.0: reg 0x14: [mem 0xc0004000-0xc0005fff]
[    4.602114] pci 0000:00:03.0: reg 0x30: [mem 0x00000000-0x000007ff pref]
[    4.603316] pci 0000:00:04.0: [1af4:1005] type 00 class 0x100000
[    4.604110] pci 0000:00:04.0: reg 0x10: [io  0x2120-0x213f]
[    4.605049] pci 0000:00:04.0: reg 0x14: [mem 0xc0006000-0xc0007fff]
[    4.606260] pci 0000:00:04.0: reg 0x30: [mem 0x00000000-0x000007ff pref]
[    4.607426] pci 0000:00:1f.0: [8086:7000] type 00 class 0x060100
[    4.609268] pci 0000:00:1f.0: reg 0x30: [mem 0x00000000-0x000007ff pref]
[    4.610152] pci_bus 0000:00: on NUMA node 0
[    4.610228] ACPI: PCI Interrupt Link [LNKA] (IRQs 3 4 *5 6 7 9 10 11 12 14 15)
[    4.611105] ACPI: PCI Interrupt Link [LNKB] (IRQs 3 4 5 *6 7 9 10 11 12 14 15)
[    4.612103] ACPI: PCI Interrupt Link [LNKC] (IRQs 3 4 5 6 *7 9 10 11 12 14 15)
[    4.613102] ACPI: PCI Interrupt Link [LNKD] (IRQs 3 4 5 6 7 9 *10 11 12 14 15)
[    4.615129] ACPI: PCI Interrupt Link [LNKE] (IRQs 3 4 5 6 7 9 10 11 12 14 15) *0, disabled.
[    4.616092] ACPI: PCI Interrupt Link [LNKF] (IRQs 3 4 5 6 7 9 10 11 12 14 15) *0, disabled.
[    4.617091] ACPI: PCI Interrupt Link [LNKG] (IRQs 3 4 5 6 7 9 10 11 12 14 15) *0, disabled.
[    4.618092] ACPI: PCI Interrupt Link [LNKH] (IRQs 3 4 5 6 7 9 10 11 12 14 15) *0, disabled.
[    4.619222] SCSI subsystem initialized
[    4.620082] libata version 3.00 loaded.
[    4.620100] ACPI: bus type USB registered
[    4.621054] usbcore: registered new interface driver usbfs
[    4.621790] usbcore: registered new interface driver hub
[    4.622047] usbcore: registered new device driver usb
[    4.623051] pps_core: LinuxPPS API ver. 1 registered
[    4.624040] pps_core: Software ver. 5.3.6 - Copyright 2005-2007 Rodolfo Giometti <giometti@linux.it>
[    4.625047] PTP clock support registered
[    4.626158] NetLabel: Initializing
[    4.627041] NetLabel:  domain hash size = 128
[    4.627638] NetLabel:  protocols = UNLABELED CIPSOv4 CALIPSO
[    4.628054] NetLabel:  unlabeled traffic allowed by default
[    4.629040] PCI: Using ACPI for IRQ routing
[    4.680360] PCI: pci_cache_line_size set to 64 bytes
[    4.680449] e820: reserve RAM buffer [mem 0x0009fc00-0x0009ffff]
[    4.680596] hpet0: at MMIO 0xfed00000, IRQs 2, 8, 0, 0, 0, 0, 0, 0
[    4.681041] hpet0: 8 comparators, 32-bit 10.000000 MHz counter
[    4.684234] clocksource: Switched to clocksource tsc-early
[    4.709692] VFS: Disk quotas dquot_6.6.0
[    4.710305] VFS: Dquot-cache hash table entries: 512 (order 0, 4096 bytes)
[    4.711627] FS-Cache: Loaded
[    4.712398] CacheFiles: Loaded
[    4.713324] pnp: PnP ACPI init
[    4.714202] system 00:00: [io  0x0220-0x0223] has been reserved
[    4.715207] system 00:00: [io  0x0224-0x0227] has been reserved
[    4.716208] system 00:00: [io  0x04d0-0x04d1] has been reserved
[    4.717072] system 00:00: [io  0x0400-0x0407] has been reserved
[    4.718023] system 00:00: [mem 0xe0000000-0xefffffff] has been reserved
[    4.719172] system 00:00: Plug and Play ACPI device, IDs PNP0c02 (active)
[    4.719226] pnp 00:01: Plug and Play ACPI device, IDs PNP0501 (active)
[    4.719244] pnp 00:02: Plug and Play ACPI device, IDs PNP0501 (active)
[    4.719257] pnp 00:03: Plug and Play ACPI device, IDs PNP0b00 (active)
[    4.719262] pnp: PnP ACPI: found 4 devices
[    4.730097] clocksource: acpi_pm: mask: 0xffffff max_cycles: 0xffffff, max_idle_ns: 2085701024 ns
[    4.731445] NET: Registered protocol family 2
[    4.732183] tcp_listen_portaddr_hash hash table entries: 2048 (order: 3, 32768 bytes, linear)
[    4.733481] TCP established hash table entries: 32768 (order: 6, 262144 bytes, linear)
[    4.734641] TCP bind hash table entries: 32768 (order: 7, 524288 bytes, linear)
[    4.735875] TCP: Hash tables configured (established 32768 bind 32768)
[    4.736881] UDP hash table entries: 2048 (order: 4, 65536 bytes, linear)
[    4.737817] UDP-Lite hash table entries: 2048 (order: 4, 65536 bytes, linear)
[    4.738849] NET: Registered protocol family 1
[    4.739487] NET: Registered protocol family 44
[    4.740091] pci 0000:00:01.0: BAR 6: assigned [mem 0xc0008000-0xc00087ff pref]
[    4.741089] pci 0000:00:02.0: BAR 6: assigned [mem 0xc0008800-0xc0008fff pref]
[    4.742081] pci 0000:00:03.0: BAR 6: assigned [mem 0xc0009000-0xc00097ff pref]
[    4.743021] pci 0000:00:04.0: BAR 6: assigned [mem 0xc0009800-0xc0009fff pref]
[    4.744253] pci 0000:00:1f.0: BAR 6: assigned [mem 0xc000a000-0xc000a7ff pref]
[    4.745271] pci_bus 0000:00: resource 4 [io  0x0000-0x0cf7 window]
[    4.746177] pci_bus 0000:00: resource 5 [io  0x0d00-0x1fff window]
[    4.747095] pci_bus 0000:00: resource 6 [io  0x2000-0x215f window]
[    4.747955] pci_bus 0000:00: resource 7 [mem 0x00000000-0x7fffffffff window]
[    4.749089] pci 0000:00:1f.0: Activating ISA DMA hang workarounds
[    4.750004] PCI: CLS 0 bytes, default 64
[    4.750617] Trying to unpack rootfs image as initramfs...
[    6.504196] Freeing initrd memory: 130928K
[    6.504855] PCI-DMA: Using software bounce buffering for IO (SWIOTLB)
[    6.505858] software IO TLB: mapped [mem 0x00000000bc000000-0x00000000c0000000] (64MB)
[    6.507784] RAPL PMU: API unit is 2^-32 Joules, 0 fixed counters, 163840 ms ovfl timer
[    6.524689] workingset: timestamp_bits=46 max_order=20 bucket_order=0
[    6.526261] squashfs: version 4.0 (2009/01/31) Phillip Lougher
[    6.527576] FS-Cache: Netfs 'cifs' registered for caching
[    6.528582] Key type cifs.idmap registered
[    6.529239] fuse: init (API version 7.32)
[    6.529945] SGI XFS with ACLs, security attributes, quota, no debug enabled
[    6.531468] 9p: Installing v9fs 9p2000 file system support
[    6.532417] FS-Cache: Netfs '9p' registered for caching
[    6.540274] NET: Registered protocol family 38
[    6.540972] Key type asymmetric registered
[    6.541645] Asymmetric key parser 'x509' registered
[    6.542442] Block layer SCSI generic (bsg) driver version 0.4 loaded (major 247)
[    6.543742] io scheduler mq-deadline registered
[    6.544464] io scheduler kyber registered
[    6.545129] io scheduler bfq registered
[    6.546557] shpchp: Standard Hot Plug PCI Controller Driver version: 0.4
[    6.547635] hv_vmbus: registering driver hyperv_fb
[    6.548392] intel_idle: Please enable MWAIT in BIOS SETUP
[    6.548444] input: Power Button as /devices/LNXSYSTM:00/LNXPWRBN:00/input/input0
[    6.549621] ACPI: Power Button [PWRF]
[    6.550774] virtio-pci 0000:00:01.0: virtio_pci: leaving for legacy driver
[    6.552005] virtio-pci 0000:00:02.0: virtio_pci: leaving for legacy driver
[    6.553191] virtio-pci 0000:00:03.0: virtio_pci: leaving for legacy driver
[    6.554385] virtio-pci 0000:00:04.0: virtio_pci: leaving for legacy driver
[    6.555634] Serial: 8250/16550 driver, 4 ports, IRQ sharing disabled
[    6.556772] 00:01: ttyS0 at I/O 0x3f8 (irq = 4, base_baud = 115200) is a 16550A
[    6.558021] 00:02: ttyS1 at I/O 0x2f8 (irq = 3, base_baud = 115200) is a 16550A
[    6.559372] Non-volatile memory driver v1.3
[    6.560509] Hangcheck: starting hangcheck timer 0.9.1 (tick is 180 seconds, margin is 60 seconds).
[    6.560596] random: fast init done
[    6.562622] random: crng init done
[    6.564121] brd: module loaded
[    6.565895] loop: module loaded
[    6.569288] virtio_blk virtio1: [vda] 536870912 512-byte logical blocks (275 GB/256 GiB)
[    6.570563] vda: detected capacity change from 0 to 274877906944
[    6.571880]  vda: vda1
[    6.572518] VMware PVSCSI driver - version 1.0.7.0-k
[    6.573308] hv_vmbus: registering driver hv_storvsc
[    6.574626] tun: Universal TUN/TAP device driver, 1.6
[    6.576061] VMware vmxnet3 virtual NIC driver - version 1.5.0.0-k-NAPI
[    6.577059] hv_vmbus: registering driver hv_netvsc
[    6.577791] Fusion MPT base driver 3.04.20
[    6.578430] Copyright (c) 1999-2008 LSI Corporation
[    6.579180] Fusion MPT SPI Host driver 3.04.20
[    6.579892] i8042: PNP: No PS/2 controller found.
[    6.580627] hv_vmbus: registering driver hyperv_keyboard
[    6.581499] mousedev: PS/2 mouse device common for all mice
[    6.582431] input: PC Speaker as /devices/platform/pcspkr/input/input1
[    6.583534] ACPI Error: Could not enable RealTimeClock event (20200925/evxfevnt-182)
[    6.584801] ACPI Warning: Could not enable fixed event - RealTimeClock (4) (20200925/evxface-618)
[    6.586604] rtc_cmos 00:03: registered as rtc0
[    6.587461] rtc_cmos 00:03: setting system clock to 2021-05-30T19:14:22 UTC (1622402062)
[    6.588726] rtc_cmos 00:03: alarms up to one day, y3k, 114 bytes nvram
[    6.589754] i2c /dev entries driver
[    6.590415] device-mapper: ioctl: 4.43.0-ioctl (2020-10-01) initialised: dm-devel@redhat.com
[    6.591871] intel_pstate: CPU model not supported
[    6.592713] usbcore: registered new interface driver usbhid
[    6.593588] usbhid: USB HID core driver
[    6.594223] hv_utils: Registering HyperV Utility Driver
[    6.595012] hv_vmbus: registering driver hv_utils
[    6.595731] hv_vmbus: registering driver hv_balloon
[    6.596523] GACT probability on
[    6.597016] Mirror/redirect action on
[    6.597590] Simple TC action Loaded
[    6.598128] u32 classifier
[    6.598610]     Performance counters on
[    6.599233]     input device check on
[    6.599819]     Actions configured
[    6.600559] xt_time: kernel timezone is -0000
[    6.601270] IPVS: Registered protocols (TCP, UDP, SCTP, AH, ESP)
[    6.602202] IPVS: Connection hash table configured (size=4096, memory=64Kbytes)
[    6.603298] IPVS: Each connection entry needs 288 bytes at least
[    6.603335] IPVS: ipvs loaded.
[    6.603811] IPVS: [rr] scheduler registered.
[    6.604481] IPVS: [wrr] scheduler registered.
[    6.605451] IPVS: [lc] scheduler registered.
[    6.606104] IPVS: [wlc] scheduler registered.
[    6.606780] IPVS: [fo] scheduler registered.
[    6.607442] IPVS: [ovf] scheduler registered.
[    6.608175] IPVS: [lblc] scheduler registered.
[    6.608867] IPVS: [lblcr] scheduler registered.
[    6.609573] IPVS: [dh] scheduler registered.
[    6.610277] IPVS: [sh] scheduler registered.
[    6.611081] IPVS: [mh] scheduler registered.
[    6.611826] IPVS: [sed] scheduler registered.
[    6.612510] IPVS: [nq] scheduler registered.
[    6.613170] IPVS: ftp: loaded support on port[0] = 21
[    6.613980] ipip: IPv4 and MPLS over IPv4 tunneling driver
[    6.614923] gre: GRE over IPv4 demultiplexor driver
[    6.616333] ipt_CLUSTERIP: ClusterIP Version 0.8 loaded successfully
[    6.617437] NET: Registered protocol family 10
[    6.618420] Segment Routing with IPv6
[    6.619570] NET: Registered protocol family 17
[    6.620107] Bridge firewalling registered
[    6.621009] 8021q: 802.1Q VLAN Support v1.8
[    6.621681] 9pnet: Installing 9P2000 support
[    6.622361] Key type dns_resolver registered
[    6.624016] oprofile: using NMI timer interrupt.
[    6.624866] IPI shorthand broadcast: enabled
[    6.625534] AVX2 version of gcm_enc/dec engaged.
[    6.626258] AES CTR mode by8 optimization enabled
[    6.628895] sched_clock: Marking stable (6583939576, 44936426)->(6770233474, -141357472)
[    6.630273] registered taskstats version 1
[    6.630982] Key type ._fscrypt registered
[    6.631595] Key type .fscrypt registered
[    6.632199] Key type fscrypt-provisioning registered
[    6.635962] Key type encrypted registered
[    6.636610] ima: No TPM chip found, activating TPM-bypass!
[    6.637465] ima: Allocated hash algorithm: sha256
[    6.638190] ima: No architecture policies found
[    6.638879] evm: Initialising EVM extended attributes:
[    6.639652] evm: security.ima
[    6.640104] evm: security.capability
[    6.640680] evm: HMAC attrs: 0x1
[    6.642937] Freeing unused kernel image (initmem) memory: 1608K
[    6.652307] Write protecting the kernel read-only data: 20480k
[    6.653806] Freeing unused kernel image (text/rodata gap) memory: 2032K
[    6.655003] Freeing unused kernel image (rodata/data gap) memory: 560K
[    6.655975] Run /init as init process
[    6.656531]   with arguments:
[    6.656532]     /init
[    6.656532]     nospec_store_bypass_disable
[    6.656533]     noibrs
[    6.656533]     noibpb
[    6.656534]     no_stf_barrier
[    6.656534]   with environment:
[    6.656535]     HOME=/
[    6.656535]     TERM=linux
[    7.206642] NET: Registered protocol family 40
[    7.524375] tsc: Refined TSC clocksource calibration: 2302.357 MHz
[    7.526349] clocksource: tsc: mask: 0xffffffffffffffff max_cycles: 0x212fe7b4a77, max_idle_ns: 440795219271 ns
[    7.528889] clocksource: Switched to clocksource tsc
[    8.272509] cgroup: cgroup: disabling cgroup2 socket matching due to net_prio or net_cls activation
[    8.379266] IPVS: ftp: loaded support on port[0] = 21
[    8.492756] IPVS: ftp: loaded support on port[0] = 21
[    8.549783] IPVS: ftp: loaded support on port[0] = 21
[   10.321403] IPVS: ftp: loaded support on port[0] = 21
[   10.356540] EXT4-fs (vda1): mounted filesystem with ordered data mode. Opts: (null)
[   10.546269] IPVS: ftp: loaded support on port[0] = 21
[   10.646733] IPv6: ADDRCONF(NETDEV_CHANGE): services1: link becomes ready
[   10.647802] IPv6: ADDRCONF(NETDEV_CHANGE): services0: link becomes ready
[   10.684435] IPVS: ftp: loaded support on port[0] = 21
[   10.721305] Adding 1048572k swap on /var/lib/swap.  Priority:-2 extents:5 across:1081340k 
[   11.165329] binfmt_misc: register: failed to install interpreter file /usr/bin/qemu-i386
[   11.745522] bpfilter: Loaded bpfilter_umh pid 1515
[   11.746319] bpfilter: write fail -32
[   11.783759] bpfilter: Loaded bpfilter_umh pid 1549
[   11.784598] bpfilter: read fail 0
[   11.837441] bpfilter: Loaded bpfilter_umh pid 1576
[   11.838209] bpfilter: write fail -32
[   11.877744] bpfilter: Loaded bpfilter_umh pid 1594
[   11.878536] bpfilter: write fail -32
[   11.924178] bpfilter: Loaded bpfilter_umh pid 1635
[   11.925013] bpfilter: read fail 0
[   11.949747] bpfilter: Loaded bpfilter_umh pid 1651
[   11.950498] bpfilter: write fail -32
[   11.986791] bpfilter: Loaded bpfilter_umh pid 1685
[   11.987526] bpfilter: write fail -32
[   12.026114] bpfilter: Loaded bpfilter_umh pid 1708
[   12.026878] bpfilter: read fail 0
[   12.050788] bpfilter: Loaded bpfilter_umh pid 1734
[   12.051535] bpfilter: write fail -32
[   12.086725] bpfilter: Loaded bpfilter_umh pid 1751
[   12.087587] bpfilter: read fail 0
[   12.113755] bpfilter: Loaded bpfilter_umh pid 1764
[   12.114454] bpfilter: write fail -32
[   12.118535] grpcfuse: loading out-of-tree module taints kernel.
[   12.119660] grpcfuse module loaded
[   12.150588] bpfilter: Loaded bpfilter_umh pid 1778
[   12.151287] bpfilter: write fail -32
[   12.181136] bpfilter: Loaded bpfilter_umh pid 1781
[   12.181893] bpfilter: write fail -32
[   12.211013] bpfilter: Loaded bpfilter_umh pid 1783
[   12.211756] bpfilter: write fail -32
[   12.238450] bpfilter: Loaded bpfilter_umh pid 1785
[   12.239335] bpfilter: write fail -32
[   12.284640] bpfilter: Loaded bpfilter_umh pid 1787
[   12.285416] bpfilter: write fail -32
[   12.311429] bpfilter: Loaded bpfilter_umh pid 1790
[   12.312196] bpfilter: write fail -32
[   12.339973] bpfilter: Loaded bpfilter_umh pid 1792
[   12.340717] bpfilter: write fail -32
[   12.371397] bpfilter: Loaded bpfilter_umh pid 1794
[   12.372274] bpfilter: write fail -32
[   12.409268] bpfilter: Loaded bpfilter_umh pid 1796
[   12.410008] bpfilter: write fail -32
[   12.440898] bpfilter: Loaded bpfilter_umh pid 1799
[   12.441671] bpfilter: write fail -32
[   12.474968] bpfilter: Loaded bpfilter_umh pid 1801
[   12.475842] bpfilter: write fail -32
[   12.500027] bpfilter: Loaded bpfilter_umh pid 1803
[   12.500771] bpfilter: write fail -32
[   12.541711] bpfilter: Loaded bpfilter_umh pid 1805
[   12.542471] bpfilter: write fail -32
[   12.571889] bpfilter: Loaded bpfilter_umh pid 1808
[   12.572689] bpfilter: write fail -32
[   12.608193] bpfilter: Loaded bpfilter_umh pid 1817
[   12.609118] bpfilter: write fail -32
[   12.650678] bpfilter: Loaded bpfilter_umh pid 1820
[   12.651432] bpfilter: write fail -32
[   12.691933] bpfilter: Loaded bpfilter_umh pid 1822
[   12.692667] bpfilter: write fail -32
[   12.725939] bpfilter: Loaded bpfilter_umh pid 1831
[   12.726620] bpfilter: write fail -32
[   12.758760] bpfilter: Loaded bpfilter_umh pid 1838
[   12.759525] bpfilter: write fail -32
[   12.798923] bpfilter: Loaded bpfilter_umh pid 1840
[   12.799686] bpfilter: write fail -32
[   12.849537] bpfilter: Loaded bpfilter_umh pid 1844
[   12.850269] bpfilter: write fail -32
[   13.092413] bpfilter: Loaded bpfilter_umh pid 1851
[   13.093118] bpfilter: write fail -32
[   13.125090] bpfilter: Loaded bpfilter_umh pid 1853
[   13.125845] bpfilter: write fail -32
[   13.154312] bpfilter: Loaded bpfilter_umh pid 1856
[   13.155103] bpfilter: write fail -32
[   13.189100] bpfilter: Loaded bpfilter_umh pid 1858
[   13.189849] bpfilter: write fail -32
[   13.218953] bpfilter: Loaded bpfilter_umh pid 1862
[   13.219696] bpfilter: write fail -32
[   13.252911] bpfilter: Loaded bpfilter_umh pid 1864
[   13.253668] bpfilter: write fail -32
[   13.287009] bpfilter: Loaded bpfilter_umh pid 1867
[   13.287980] bpfilter: write fail -32
[   13.318173] bpfilter: Loaded bpfilter_umh pid 1869
[   13.318996] bpfilter: write fail -32
[   13.353148] bpfilter: Loaded bpfilter_umh pid 1871
[   13.353990] bpfilter: write fail -32
[   13.383008] bpfilter: Loaded bpfilter_umh pid 1873
[   13.383756] bpfilter: write fail -32
[   13.411882] bpfilter: Loaded bpfilter_umh pid 1875
[   13.412635] bpfilter: write fail -32
[   13.441558] bpfilter: Loaded bpfilter_umh pid 1878
[   13.442344] bpfilter: write fail -32
[   13.472971] bpfilter: Loaded bpfilter_umh pid 1880
[   13.473743] bpfilter: write fail -32
[   13.500933] bpfilter: Loaded bpfilter_umh pid 1882
[   13.501764] bpfilter: write fail -32
[   13.533167] bpfilter: Loaded bpfilter_umh pid 1884
[   13.533939] bpfilter: write fail -32
[   13.558139] bpfilter: Loaded bpfilter_umh pid 1886
[   13.558886] bpfilter: write fail -32
[   13.588169] bpfilter: Loaded bpfilter_umh pid 1889
[   13.588932] bpfilter: write fail -32
[   13.624967] bpfilter: Loaded bpfilter_umh pid 1891
[   13.625738] bpfilter: write fail -32
[   13.654002] bpfilter: Loaded bpfilter_umh pid 1893
[   13.654756] bpfilter: write fail -32
[   13.680998] bpfilter: Loaded bpfilter_umh pid 1895
[   13.681761] bpfilter: write fail -32
[   13.706033] bpfilter: Loaded bpfilter_umh pid 1897
[   13.706798] bpfilter: write fail -32
[   13.732341] bpfilter: Loaded bpfilter_umh pid 1900
[   13.733111] bpfilter: write fail -32
[   13.760267] bpfilter: Loaded bpfilter_umh pid 1902
[   13.761024] bpfilter: write fail -32
[   13.794136] bpfilter: Loaded bpfilter_umh pid 1905
[   13.794922] bpfilter: write fail -32
[   13.821854] bpfilter: Loaded bpfilter_umh pid 1907
[   13.822618] bpfilter: write fail -32
[   13.847125] bpfilter: Loaded bpfilter_umh pid 1910
[   13.847873] bpfilter: write fail -32
[   13.878445] bpfilter: Loaded bpfilter_umh pid 1912
[   13.879330] bpfilter: write fail -32
[   13.913003] bpfilter: Loaded bpfilter_umh pid 1915
[   13.913767] bpfilter: write fail -32
[   13.939952] bpfilter: Loaded bpfilter_umh pid 1917
[   13.940709] bpfilter: write fail -32
[   13.965288] bpfilter: Loaded bpfilter_umh pid 1920
[   13.966193] bpfilter: write fail -32
[   13.996143] bpfilter: Loaded bpfilter_umh pid 1922
[   13.996894] bpfilter: write fail -32
[   14.025024] bpfilter: Loaded bpfilter_umh pid 1925
[   14.025819] bpfilter: write fail -32
[   14.059985] bpfilter: Loaded bpfilter_umh pid 1927
[   14.060743] bpfilter: write fail -32
[   14.090302] bpfilter: Loaded bpfilter_umh pid 1930
[   14.091097] bpfilter: write fail -32
[   14.117073] bpfilter: Loaded bpfilter_umh pid 1932
[   14.117841] bpfilter: write fail -32
[   14.142227] bpfilter: Loaded bpfilter_umh pid 1935
[   14.142972] bpfilter: write fail -32
[   14.174079] bpfilter: Loaded bpfilter_umh pid 1937
[   14.174841] bpfilter: write fail -32
[   14.199123] bpfilter: Loaded bpfilter_umh pid 1940
[   14.199869] bpfilter: write fail -32
[   14.229986] bpfilter: Loaded bpfilter_umh pid 1942
[   14.230735] bpfilter: write fail -32
[   14.255220] bpfilter: Loaded bpfilter_umh pid 1945
[   14.255984] bpfilter: write fail -32
[   14.285855] bpfilter: Loaded bpfilter_umh pid 1947
[   14.286611] bpfilter: write fail -32
[   14.310917] bpfilter: Loaded bpfilter_umh pid 1950
[   14.311673] bpfilter: write fail -32
[   14.334003] bpfilter: Loaded bpfilter_umh pid 1952
[   14.334769] bpfilter: write fail -32
[   14.359591] bpfilter: Loaded bpfilter_umh pid 1955
[   14.360354] bpfilter: write fail -32
[   14.394995] bpfilter: Loaded bpfilter_umh pid 1957
[   14.395744] bpfilter: write fail -32
[   14.419997] bpfilter: Loaded bpfilter_umh pid 1960
[   14.420745] bpfilter: write fail -32
[   14.446082] bpfilter: Loaded bpfilter_umh pid 1962
[   14.446828] bpfilter: write fail -32
[   14.473186] bpfilter: Loaded bpfilter_umh pid 1965
[   14.473958] bpfilter: write fail -32
[   14.499308] bpfilter: Loaded bpfilter_umh pid 1967
[   14.500051] bpfilter: write fail -32
[   14.533054] bpfilter: Loaded bpfilter_umh pid 1969
[   14.533840] bpfilter: write fail -32
[   14.570614] bpfilter: Loaded bpfilter_umh pid 1971
[   14.571409] bpfilter: write fail -32
[   14.597976] bpfilter: Loaded bpfilter_umh pid 1974
[   14.598751] bpfilter: write fail -32
[   14.631804] bpfilter: Loaded bpfilter_umh pid 1976
[   14.632593] bpfilter: write fail -32
[   14.659059] bpfilter: Loaded bpfilter_umh pid 1979
[   14.660074] bpfilter: write fail -32
[   14.690208] bpfilter: Loaded bpfilter_umh pid 1981
[   14.690979] bpfilter: write fail -32
[   14.722059] bpfilter: Loaded bpfilter_umh pid 1983
[   14.722877] bpfilter: write fail -32
[   14.756810] bpfilter: Loaded bpfilter_umh pid 1985
[   14.757643] bpfilter: write fail -32
[   14.786026] bpfilter: Loaded bpfilter_umh pid 1988
[   14.786780] bpfilter: write fail -32
[   14.817035] bpfilter: Loaded bpfilter_umh pid 1990
[   14.817805] bpfilter: write fail -32
[   14.842280] bpfilter: Loaded bpfilter_umh pid 1993
[   14.843077] bpfilter: write fail -32
[   14.873802] bpfilter: Loaded bpfilter_umh pid 1995
[   14.874670] bpfilter: write fail -32
[   14.907302] bpfilter: Loaded bpfilter_umh pid 1997
[   14.908050] bpfilter: write fail -32
[   14.944922] bpfilter: Loaded bpfilter_umh pid 1999
[   14.945736] bpfilter: write fail -32
[   14.973464] bpfilter: Loaded bpfilter_umh pid 2002
[   14.974241] bpfilter: write fail -32
[   15.004442] bpfilter: Loaded bpfilter_umh pid 2004
[   15.005245] bpfilter: write fail -32
[   15.031124] bpfilter: Loaded bpfilter_umh pid 2007
[   15.031873] bpfilter: write fail -32
[   15.058967] bpfilter: Loaded bpfilter_umh pid 2009
[   15.059723] bpfilter: write fail -32
[   15.087088] bpfilter: Loaded bpfilter_umh pid 2011
[   15.087835] bpfilter: write fail -32
[   15.116658] bpfilter: Loaded bpfilter_umh pid 2013
[   15.117412] bpfilter: write fail -32
[   15.142497] bpfilter: Loaded bpfilter_umh pid 2016
[   15.143324] bpfilter: write fail -32
[   15.173103] bpfilter: Loaded bpfilter_umh pid 2018
[   15.173878] bpfilter: write fail -32
[   15.198550] bpfilter: Loaded bpfilter_umh pid 2021
[   15.199358] bpfilter: write fail -32
[   15.228837] bpfilter: Loaded bpfilter_umh pid 2023
[   15.229609] bpfilter: write fail -32
[   15.253060] bpfilter: Loaded bpfilter_umh pid 2025
[   15.253805] bpfilter: write fail -32
[   15.290585] bpfilter: Loaded bpfilter_umh pid 2027
[   15.291349] bpfilter: write fail -32
[   15.322237] bpfilter: Loaded bpfilter_umh pid 2030
[   15.322986] bpfilter: write fail -32
[   15.352813] bpfilter: Loaded bpfilter_umh pid 2032
[   15.353570] bpfilter: write fail -32
[   15.382277] bpfilter: Loaded bpfilter_umh pid 2035
[   15.383034] bpfilter: write fail -32
[   15.413098] bpfilter: Loaded bpfilter_umh pid 2037
[   15.413904] bpfilter: write fail -32
[   15.437623] bpfilter: Loaded bpfilter_umh pid 2039
[   15.438340] bpfilter: write fail -32
[   15.471736] bpfilter: Loaded bpfilter_umh pid 2041
[   15.472527] bpfilter: write fail -32
[   15.502118] Initializing XFRM netlink socket
[   15.507867] bpfilter: Loaded bpfilter_umh pid 2051
[   15.508631] bpfilter: write fail -32
[   15.533958] bpfilter: Loaded bpfilter_umh pid 2053
[   15.534704] bpfilter: write fail -32
[   15.561797] bpfilter: Loaded bpfilter_umh pid 2055
[   15.562553] bpfilter: write fail -32
[   15.591603] bpfilter: Loaded bpfilter_umh pid 2058
[   15.592365] bpfilter: write fail -32
[   15.622826] bpfilter: Loaded bpfilter_umh pid 2060
[   15.623594] bpfilter: write fail -32
[   15.659087] bpfilter: Loaded bpfilter_umh pid 2062
[   15.659853] bpfilter: write fail -32
[   15.691318] bpfilter: Loaded bpfilter_umh pid 2064
[   15.692068] bpfilter: write fail -32
[   15.733923] bpfilter: Loaded bpfilter_umh pid 2066
[   15.734675] bpfilter: write fail -32
[   15.764870] bpfilter: Loaded bpfilter_umh pid 2069
[   15.765618] bpfilter: write fail -32
[   15.796918] bpfilter: Loaded bpfilter_umh pid 2071
[   15.797694] bpfilter: write fail -32
[   15.823151] bpfilter: Loaded bpfilter_umh pid 2074
[   15.823946] bpfilter: write fail -32
[   15.850892] bpfilter: Loaded bpfilter_umh pid 2076
[   15.851647] bpfilter: write fail -32
[   15.883091] bpfilter: Loaded bpfilter_umh pid 2078
[   15.883838] bpfilter: write fail -32
[   15.929730] bpfilter: Loaded bpfilter_umh pid 2080
[   15.930500] bpfilter: write fail -32
[   15.957039] bpfilter: Loaded bpfilter_umh pid 2083
[   15.957848] bpfilter: write fail -32
[   15.987858] bpfilter: Loaded bpfilter_umh pid 2085
[   15.988610] bpfilter: write fail -32
[   16.017182] bpfilter: Loaded bpfilter_umh pid 2088
[   16.017936] bpfilter: write fail -32
[   16.048008] bpfilter: Loaded bpfilter_umh pid 2090
[   16.048757] bpfilter: write fail -32
[   16.077318] bpfilter: Loaded bpfilter_umh pid 2093
[   16.078088] bpfilter: write fail -32
[   16.114971] bpfilter: Loaded bpfilter_umh pid 2095
[   16.115725] bpfilter: write fail -32
[   16.139002] bpfilter: Loaded bpfilter_umh pid 2097
[   16.139779] bpfilter: write fail -32
[   16.176811] bpfilter: Loaded bpfilter_umh pid 2099
[   16.177571] bpfilter: write fail -32
[   16.210367] bpfilter: Loaded bpfilter_umh pid 2102
[   16.211135] bpfilter: write fail -32
[   16.244923] bpfilter: Loaded bpfilter_umh pid 2104
[   16.245678] bpfilter: write fail -32
[   16.278436] bpfilter: Loaded bpfilter_umh pid 2107
[   16.279222] bpfilter: write fail -32
[   16.310731] bpfilter: Loaded bpfilter_umh pid 2109
[   16.311523] bpfilter: write fail -32
[   16.345848] bpfilter: Loaded bpfilter_umh pid 2111
[   16.346615] bpfilter: write fail -32
[   16.383779] bpfilter: Loaded bpfilter_umh pid 2113
[   16.384541] bpfilter: write fail -32
[   16.415188] bpfilter: Loaded bpfilter_umh pid 2116
[   16.415939] bpfilter: write fail -32
[   16.445812] bpfilter: Loaded bpfilter_umh pid 2118
[   16.446569] bpfilter: write fail -32
[   16.480477] bpfilter: Loaded bpfilter_umh pid 2120
[   16.481343] bpfilter: write fail -32
[   16.512067] bpfilter: Loaded bpfilter_umh pid 2122
[   16.513145] bpfilter: write fail -32
[   16.539995] bpfilter: Loaded bpfilter_umh pid 2124
[   16.540750] bpfilter: write fail -32
[   16.566336] bpfilter: Loaded bpfilter_umh pid 2127
[   16.567108] bpfilter: write fail -32
[   16.601021] bpfilter: Loaded bpfilter_umh pid 2129
[   16.601787] bpfilter: write fail -32
[   16.624982] bpfilter: Loaded bpfilter_umh pid 2131
[   16.625738] bpfilter: write fail -32
[   16.653839] bpfilter: Loaded bpfilter_umh pid 2133
[   16.654593] bpfilter: write fail -32
[   16.677954] bpfilter: Loaded bpfilter_umh pid 2135
[   16.678715] bpfilter: write fail -32
[   16.706190] bpfilter: Loaded bpfilter_umh pid 2137
[   16.706942] bpfilter: write fail -32
[   16.745568] bpfilter: Loaded bpfilter_umh pid 2139
[   16.746328] bpfilter: write fail -32
[   16.773080] bpfilter: Loaded bpfilter_umh pid 2142
[   16.773832] bpfilter: write fail -32
[   16.808346] bpfilter: Loaded bpfilter_umh pid 2144
[   16.809360] bpfilter: write fail -32
[   16.840013] bpfilter: Loaded bpfilter_umh pid 2146
[   16.840788] bpfilter: write fail -32
[   16.870055] bpfilter: Loaded bpfilter_umh pid 2148
[   16.870801] bpfilter: write fail -32
[   16.898208] bpfilter: Loaded bpfilter_umh pid 2150
[   16.898963] bpfilter: write fail -32
[   16.935785] bpfilter: Loaded bpfilter_umh pid 2153
[   16.936575] bpfilter: write fail -32
[   16.966011] bpfilter: Loaded bpfilter_umh pid 2155
[   16.966770] bpfilter: write fail -32
[   16.994086] bpfilter: Loaded bpfilter_umh pid 2157
[   16.994872] bpfilter: write fail -32
[   17.022484] bpfilter: Loaded bpfilter_umh pid 2159
[   17.023375] bpfilter: write fail -32
[   17.058789] bpfilter: Loaded bpfilter_umh pid 2161
[   17.059822] bpfilter: write fail -32
[   17.090129] bpfilter: Loaded bpfilter_umh pid 2163
[   17.090922] bpfilter: write fail -32
[   17.126899] bpfilter: Loaded bpfilter_umh pid 2165
[   17.127673] bpfilter: write fail -32
[   17.153453] bpfilter: Loaded bpfilter_umh pid 2168
[   17.154364] bpfilter: write fail -32
[   17.187548] bpfilter: Loaded bpfilter_umh pid 2170
[   17.188369] bpfilter: write fail -32
[   17.222276] bpfilter: Loaded bpfilter_umh pid 2173
[   17.223048] bpfilter: write fail -32
[   17.256921] bpfilter: Loaded bpfilter_umh pid 2175
[   17.257732] bpfilter: write fail -32
[   17.286978] bpfilter: Loaded bpfilter_umh pid 2177
[   17.287747] bpfilter: write fail -32
[   17.315965] bpfilter: Loaded bpfilter_umh pid 2179
[   17.316741] bpfilter: write fail -32
[   17.345155] bpfilter: Loaded bpfilter_umh pid 2182
[   17.345910] bpfilter: write fail -32
[   17.378916] bpfilter: Loaded bpfilter_umh pid 2184
[   17.379663] bpfilter: write fail -32
[   17.412112] bpfilter: Loaded bpfilter_umh pid 2186
[   17.413069] bpfilter: write fail -32
[   17.443007] bpfilter: Loaded bpfilter_umh pid 2188
[   17.443766] bpfilter: write fail -32
[   17.471146] bpfilter: Loaded bpfilter_umh pid 2190
[   17.471900] bpfilter: write fail -32
[   17.503209] bpfilter: Loaded bpfilter_umh pid 2192
[   17.503971] bpfilter: write fail -32
[   17.535976] bpfilter: Loaded bpfilter_umh pid 2194
[   17.536738] bpfilter: write fail -32
[   17.559967] bpfilter: Loaded bpfilter_umh pid 2196
[   17.560728] bpfilter: write fail -32
[   17.587993] bpfilter: Loaded bpfilter_umh pid 2198
[   17.588788] bpfilter: write fail -32
[   17.620748] bpfilter: Loaded bpfilter_umh pid 2200
[   17.621769] bpfilter: write fail -32
[   17.658086] bpfilter: Loaded bpfilter_umh pid 2202
[   17.658833] bpfilter: write fail -32
[   17.685970] bpfilter: Loaded bpfilter_umh pid 2204
[   17.686723] bpfilter: write fail -32
[   17.719479] bpfilter: Loaded bpfilter_umh pid 2207
[   17.720247] bpfilter: write fail -32
[   17.746417] bpfilter: Loaded bpfilter_umh pid 2209
[   17.747305] bpfilter: write fail -32
[   17.781722] bpfilter: Loaded bpfilter_umh pid 2211
[   17.782482] bpfilter: write fail -32
[   17.810162] bpfilter: Loaded bpfilter_umh pid 2213
[   17.810915] bpfilter: write fail -32
[   17.839099] bpfilter: Loaded bpfilter_umh pid 2215
[   17.839849] bpfilter: write fail -32
[   17.862904] bpfilter: Loaded bpfilter_umh pid 2217
[   17.863657] bpfilter: write fail -32
[   17.886950] bpfilter: Loaded bpfilter_umh pid 2219
[   17.887697] bpfilter: write fail -32
[   17.910913] bpfilter: Loaded bpfilter_umh pid 2221
[   17.911656] bpfilter: write fail -32
[   17.937917] bpfilter: Loaded bpfilter_umh pid 2223
[   17.938678] bpfilter: write fail -32
[   17.973860] bpfilter: Loaded bpfilter_umh pid 2225
[   17.974614] bpfilter: write fail -32
[   18.001944] bpfilter: Loaded bpfilter_umh pid 2227
[   18.002699] bpfilter: write fail -32
[   18.033933] bpfilter: Loaded bpfilter_umh pid 2229
[   18.034683] bpfilter: write fail -32
[   18.057921] bpfilter: Loaded bpfilter_umh pid 2231
[   18.058690] bpfilter: write fail -32
[   18.091685] bpfilter: Loaded bpfilter_umh pid 2233
[   18.092453] bpfilter: write fail -32
[   18.130122] bpfilter: Loaded bpfilter_umh pid 2236
[   18.130866] bpfilter: write fail -32
[   18.161083] bpfilter: Loaded bpfilter_umh pid 2238
[   18.161845] bpfilter: write fail -32
[   18.190115] bpfilter: Loaded bpfilter_umh pid 2241
[   18.190865] bpfilter: write fail -32
[   18.216907] bpfilter: Loaded bpfilter_umh pid 2243
[   18.217672] bpfilter: write fail -32
[   18.245337] bpfilter: Loaded bpfilter_umh pid 2245
[   18.246072] bpfilter: write fail -32
[   18.294743] bpfilter: Loaded bpfilter_umh pid 2247
[   18.295495] bpfilter: write fail -32
[   18.324005] bpfilter: Loaded bpfilter_umh pid 2250
[   18.324764] bpfilter: write fail -32
[   18.354931] bpfilter: Loaded bpfilter_umh pid 2252
[   18.355806] bpfilter: write fail -32
[   18.388040] bpfilter: Loaded bpfilter_umh pid 2255
[   18.388806] bpfilter: write fail -32
[   18.417053] bpfilter: Loaded bpfilter_umh pid 2257
[   18.417808] bpfilter: write fail -32
[   18.445926] bpfilter: Loaded bpfilter_umh pid 2259
[   18.446685] bpfilter: write fail -32
[   18.484861] bpfilter: Loaded bpfilter_umh pid 2261
[   18.485606] bpfilter: write fail -32
[   18.517275] bpfilter: Loaded bpfilter_umh pid 2264
[   18.518021] bpfilter: write fail -32
[   18.549279] bpfilter: Loaded bpfilter_umh pid 2266
[   18.550334] bpfilter: write fail -32
[   18.577426] bpfilter: Loaded bpfilter_umh pid 2269
[   18.578193] bpfilter: write fail -32
[   18.608153] bpfilter: Loaded bpfilter_umh pid 2271
[   18.608894] bpfilter: write fail -32
[   18.646919] bpfilter: Loaded bpfilter_umh pid 2273
[   18.647666] bpfilter: write fail -32
[   18.688986] bpfilter: Loaded bpfilter_umh pid 2275
[   18.689921] bpfilter: write fail -32
[   18.719314] bpfilter: Loaded bpfilter_umh pid 2280
[   18.720060] bpfilter: write fail -32
[   18.751541] bpfilter: Loaded bpfilter_umh pid 2285
[   18.752390] bpfilter: write fail -32
[   18.786822] bpfilter: Loaded bpfilter_umh pid 2287
[   18.787565] bpfilter: write fail -32
[   18.824754] bpfilter: Loaded bpfilter_umh pid 2289
[   18.825528] bpfilter: write fail -32
[   18.851361] bpfilter: Loaded bpfilter_umh pid 2291
[   18.852112] bpfilter: write fail -32
[   18.880948] bpfilter: Loaded bpfilter_umh pid 2293
[   18.881714] bpfilter: write fail -32
[   18.910486] bpfilter: Loaded bpfilter_umh pid 2296
[   18.911250] bpfilter: write fail -32
[   18.941038] bpfilter: Loaded bpfilter_umh pid 2298
[   18.941785] bpfilter: write fail -32
[   18.968941] bpfilter: Loaded bpfilter_umh pid 2300
[   18.969694] bpfilter: write fail -32
[   18.996964] bpfilter: Loaded bpfilter_umh pid 2302
[   18.997716] bpfilter: write fail -32
[   19.025905] bpfilter: Loaded bpfilter_umh pid 2304
[   19.026663] bpfilter: write fail -32
[   19.057907] bpfilter: Loaded bpfilter_umh pid 2306
[   19.058761] bpfilter: write fail -32
[   19.082013] bpfilter: Loaded bpfilter_umh pid 2308
[   19.082765] bpfilter: write fail -32
[   19.111698] bpfilter: Loaded bpfilter_umh pid 2310
[   19.112463] bpfilter: write fail -32
[   19.139508] bpfilter: Loaded bpfilter_umh pid 2313
[   19.140274] bpfilter: write fail -32
[   19.170983] bpfilter: Loaded bpfilter_umh pid 2315
[   19.171776] bpfilter: write fail -32
[   19.198121] bpfilter: Loaded bpfilter_umh pid 2317
[   19.198863] bpfilter: write fail -32
[   19.231416] bpfilter: Loaded bpfilter_umh pid 2320
[   19.232177] bpfilter: write fail -32
[   19.264760] bpfilter: Loaded bpfilter_umh pid 2322
[   19.265621] bpfilter: write fail -32
[   19.292245] bpfilter: Loaded bpfilter_umh pid 2324
[   19.293100] bpfilter: write fail -32
[   19.321176] bpfilter: Loaded bpfilter_umh pid 2326
[   19.322041] bpfilter: write fail -32
[   19.351799] bpfilter: Loaded bpfilter_umh pid 2328
[   19.352553] bpfilter: write fail -32
[   19.377939] bpfilter: Loaded bpfilter_umh pid 2331
[   19.378812] bpfilter: write fail -32
[   19.412994] bpfilter: Loaded bpfilter_umh pid 2333
[   19.413762] bpfilter: write fail -32
[   19.440367] bpfilter: Loaded bpfilter_umh pid 2335
[   19.441107] bpfilter: write fail -32
[   19.469146] bpfilter: Loaded bpfilter_umh pid 2337
[   19.469885] bpfilter: write fail -32
[   19.499487] bpfilter: Loaded bpfilter_umh pid 2340
[   19.500243] bpfilter: write fail -32
[   19.531236] bpfilter: Loaded bpfilter_umh pid 2342
[   19.531974] bpfilter: write fail -32
[   19.556050] bpfilter: Loaded bpfilter_umh pid 2344
[   19.556811] bpfilter: write fail -32
[   19.583992] bpfilter: Loaded bpfilter_umh pid 2346
[   19.584766] bpfilter: write fail -32
[   19.608997] bpfilter: Loaded bpfilter_umh pid 2348
[   19.609852] bpfilter: write fail -32
[   19.654751] bpfilter: Loaded bpfilter_umh pid 2350
[   19.655523] bpfilter: write fail -32
[   19.693209] bpfilter: Loaded bpfilter_umh pid 2370
[   19.693962] bpfilter: write fail -32
[   19.718398] bpfilter: Loaded bpfilter_umh pid 2372
[   19.719137] bpfilter: write fail -32
[   19.747147] bpfilter: Loaded bpfilter_umh pid 2374
[   19.748011] bpfilter: write fail -32
[   19.777761] bpfilter: Loaded bpfilter_umh pid 2376
[   19.778767] bpfilter: write fail -32
[   19.806320] bpfilter: Loaded bpfilter_umh pid 2378
[   19.807063] bpfilter: write fail -32
[   19.837497] bpfilter: Loaded bpfilter_umh pid 2380
[   19.838366] bpfilter: write fail -32
[   19.876878] bpfilter: Loaded bpfilter_umh pid 2383
[   19.877751] bpfilter: write fail -32
[   19.908105] bpfilter: Loaded bpfilter_umh pid 2385
[   19.908956] bpfilter: write fail -32
[   19.948334] bpfilter: Loaded bpfilter_umh pid 2387
[   19.949246] bpfilter: write fail -32
[   19.979131] bpfilter: Loaded bpfilter_umh pid 2389
[   19.979941] bpfilter: write fail -32
[   20.007560] bpfilter: Loaded bpfilter_umh pid 2391
[   20.008317] bpfilter: write fail -32
[   20.039360] bpfilter: Loaded bpfilter_umh pid 2393
[   20.040094] bpfilter: write fail -32
[   20.067007] bpfilter: Loaded bpfilter_umh pid 2395
[   20.067866] bpfilter: write fail -32
[   20.107787] bpfilter: Loaded bpfilter_umh pid 2397
[   20.108593] bpfilter: write fail -32
[   20.137325] bpfilter: Loaded bpfilter_umh pid 2400
[   20.138107] bpfilter: write fail -32
[   20.164080] bpfilter: Loaded bpfilter_umh pid 2402
[   20.164822] bpfilter: write fail -32
[   20.192045] bpfilter: Loaded bpfilter_umh pid 2404
[   20.192789] bpfilter: write fail -32
[   20.222613] bpfilter: Loaded bpfilter_umh pid 2407
[   20.223502] bpfilter: write fail -32
[   20.248343] bpfilter: Loaded bpfilter_umh pid 2409
[   20.249085] bpfilter: write fail -32
[   20.281625] bpfilter: Loaded bpfilter_umh pid 2411
[   20.282435] bpfilter: write fail -32
[   20.315877] bpfilter: Loaded bpfilter_umh pid 2413
[   20.316999] bpfilter: write fail -32
[   20.352472] bpfilter: Loaded bpfilter_umh pid 2415
[   20.353555] bpfilter: write fail -32
[   20.380324] bpfilter: Loaded bpfilter_umh pid 2418
[   20.381091] bpfilter: write fail -32
[   20.407127] bpfilter: Loaded bpfilter_umh pid 2420
[   20.407880] bpfilter: write fail -32
[   20.434847] bpfilter: Loaded bpfilter_umh pid 2422
[   20.435602] bpfilter: write fail -32
[   20.463978] bpfilter: Loaded bpfilter_umh pid 2424
[   20.464841] bpfilter: write fail -32
[   20.497989] bpfilter: Loaded bpfilter_umh pid 2427
[   20.498752] bpfilter: write fail -32
[   20.522938] bpfilter: Loaded bpfilter_umh pid 2429
[   20.523688] bpfilter: write fail -32
[   20.547182] bpfilter: Loaded bpfilter_umh pid 2431
[   20.547927] bpfilter: write fail -32
[   20.575066] bpfilter: Loaded bpfilter_umh pid 2433
[   20.575816] bpfilter: write fail -32
[   20.603885] bpfilter: Loaded bpfilter_umh pid 2435
[   20.604641] bpfilter: write fail -32
[   20.647569] bpfilter: Loaded bpfilter_umh pid 2437
[   20.648359] bpfilter: write fail -32
[   20.682533] bpfilter: Loaded bpfilter_umh pid 2452
[   20.683350] bpfilter: write fail -32
[   20.708903] bpfilter: Loaded bpfilter_umh pid 2454
[   20.709660] bpfilter: write fail -32
[   20.735238] bpfilter: Loaded bpfilter_umh pid 2456
[   20.735970] bpfilter: write fail -32
[   20.760426] bpfilter: Loaded bpfilter_umh pid 2458
[   20.761326] bpfilter: write fail -32
[   20.793828] bpfilter: Loaded bpfilter_umh pid 2460
[   20.794575] bpfilter: write fail -32
[   20.821894] bpfilter: Loaded bpfilter_umh pid 2462
[   20.822665] bpfilter: write fail -32
[   20.852764] bpfilter: Loaded bpfilter_umh pid 2465
[   20.853654] bpfilter: write fail -32
[   20.878312] bpfilter: Loaded bpfilter_umh pid 2467
[   20.879087] bpfilter: write fail -32
[   20.914063] bpfilter: Loaded bpfilter_umh pid 2469
[   20.914809] bpfilter: write fail -32
[   20.942313] bpfilter: Loaded bpfilter_umh pid 2471
[   20.943074] bpfilter: write fail -32
[   20.970080] bpfilter: Loaded bpfilter_umh pid 2473
[   20.970821] bpfilter: write fail -32
[   21.001999] bpfilter: Loaded bpfilter_umh pid 2475
[   21.002844] bpfilter: write fail -32
[   21.030077] bpfilter: Loaded bpfilter_umh pid 2477
[   21.030826] bpfilter: write fail -32
[   21.057451] bpfilter: Loaded bpfilter_umh pid 2479
[   21.058365] bpfilter: write fail -32
[   21.086660] bpfilter: Loaded bpfilter_umh pid 2482
[   21.087543] bpfilter: write fail -32
[   21.116356] bpfilter: Loaded bpfilter_umh pid 2484
[   21.117101] bpfilter: write fail -32
[   21.145199] bpfilter: Loaded bpfilter_umh pid 2486
[   21.145947] bpfilter: write fail -32
[   21.174519] bpfilter: Loaded bpfilter_umh pid 2489
[   21.175294] bpfilter: write fail -32
[   21.209221] bpfilter: Loaded bpfilter_umh pid 2491
[   21.209981] bpfilter: write fail -32
[   21.236771] bpfilter: Loaded bpfilter_umh pid 2493
[   21.237516] bpfilter: write fail -32
[   21.264727] bpfilter: Loaded bpfilter_umh pid 2495
[   21.265485] bpfilter: write fail -32
[   21.298722] bpfilter: Loaded bpfilter_umh pid 2497
[   21.299489] bpfilter: write fail -32
[   21.324285] bpfilter: Loaded bpfilter_umh pid 2500
[   21.325026] bpfilter: write fail -32
[   21.352247] bpfilter: Loaded bpfilter_umh pid 2502
[   21.352992] bpfilter: write fail -32
[   21.384136] bpfilter: Loaded bpfilter_umh pid 2504
[   21.384880] bpfilter: write fail -32
[   21.413320] bpfilter: Loaded bpfilter_umh pid 2506
[   21.414065] bpfilter: write fail -32
[   21.450793] bpfilter: Loaded bpfilter_umh pid 2509
[   21.451712] bpfilter: write fail -32
[   21.478629] bpfilter: Loaded bpfilter_umh pid 2511
[   21.479650] bpfilter: write fail -32
[   21.514662] bpfilter: Loaded bpfilter_umh pid 2513
[   21.515731] bpfilter: write fail -32
[   21.546852] bpfilter: Loaded bpfilter_umh pid 2515
[   21.547753] bpfilter: write fail -32
[   21.575005] bpfilter: Loaded bpfilter_umh pid 2517
[   21.575785] bpfilter: write fail -32
[   21.623056] bpfilter: Loaded bpfilter_umh pid 2519
[   21.624047] bpfilter: write fail -32
[   21.667359] bpfilter: Loaded bpfilter_umh pid 2538
[   21.668426] bpfilter: write fail -32
[   21.695663] bpfilter: Loaded bpfilter_umh pid 2540
[   21.696630] bpfilter: write fail -32
[   21.724189] bpfilter: Loaded bpfilter_umh pid 2542
[   21.725042] bpfilter: write fail -32
[   21.751338] bpfilter: Loaded bpfilter_umh pid 2544
[   21.752449] bpfilter: write fail -32
[   21.780021] bpfilter: Loaded bpfilter_umh pid 2546
[   21.781133] bpfilter: write fail -32
[   21.819576] bpfilter: Loaded bpfilter_umh pid 2548
[   21.820466] bpfilter: write fail -32
[   21.849818] bpfilter: Loaded bpfilter_umh pid 2551
[   21.850812] bpfilter: write fail -32
[   21.880813] bpfilter: Loaded bpfilter_umh pid 2553
[   21.881800] bpfilter: write fail -32
[   21.906995] bpfilter: Loaded bpfilter_umh pid 2555
[   21.908203] bpfilter: write fail -32
[   21.943433] bpfilter: Loaded bpfilter_umh pid 2557
[   21.944617] bpfilter: write fail -32
[   21.971373] bpfilter: Loaded bpfilter_umh pid 2559
[   21.972572] bpfilter: write fail -32
[   22.010178] bpfilter: Loaded bpfilter_umh pid 2561
[   22.010933] bpfilter: write fail -32
[   22.038200] bpfilter: Loaded bpfilter_umh pid 2563
[   22.039029] bpfilter: write fail -32
[   22.076892] bpfilter: Loaded bpfilter_umh pid 2565
[   22.077713] bpfilter: write fail -32
[   22.105836] bpfilter: Loaded bpfilter_umh pid 2568
[   22.106632] bpfilter: write fail -32
[   22.136963] bpfilter: Loaded bpfilter_umh pid 2570
[   22.137735] bpfilter: write fail -32
[   22.161125] bpfilter: Loaded bpfilter_umh pid 2572
[   22.161962] bpfilter: write fail -32
[   22.192626] bpfilter: Loaded bpfilter_umh pid 2575
[   22.193428] bpfilter: write fail -32
[   22.214971] bpfilter: Loaded bpfilter_umh pid 2577
[   22.215723] bpfilter: write fail -32
[   22.238914] bpfilter: Loaded bpfilter_umh pid 2579
[   22.239683] bpfilter: write fail -32
[   22.270225] bpfilter: Loaded bpfilter_umh pid 2581
[   22.271005] bpfilter: write fail -32
[   22.307726] bpfilter: Loaded bpfilter_umh pid 2583
[   22.308506] bpfilter: write fail -32
[   22.341190] bpfilter: Loaded bpfilter_umh pid 2586
[   22.341936] bpfilter: write fail -32
[   22.378032] bpfilter: Loaded bpfilter_umh pid 2588
[   22.378855] bpfilter: write fail -32
[   22.410368] bpfilter: Loaded bpfilter_umh pid 2590
[   22.411173] bpfilter: write fail -32
[   22.444433] bpfilter: Loaded bpfilter_umh pid 2592
[   22.445359] bpfilter: write fail -32
[   22.477368] bpfilter: Loaded bpfilter_umh pid 2595
[   22.478206] bpfilter: write fail -32
[   22.508137] bpfilter: Loaded bpfilter_umh pid 2597
[   22.509028] bpfilter: write fail -32
[   22.531939] bpfilter: Loaded bpfilter_umh pid 2599
[   22.532697] bpfilter: write fail -32
[   22.555817] bpfilter: Loaded bpfilter_umh pid 2601
[   22.556591] bpfilter: write fail -32
[   22.583881] bpfilter: Loaded bpfilter_umh pid 2603
[   22.584631] bpfilter: write fail -32
[   22.617703] bpfilter: Loaded bpfilter_umh pid 2605
[   22.618467] bpfilter: write fail -32
[   22.647800] IPVS: ftp: loaded support on port[0] = 21
[   22.762438] bpfilter: Loaded bpfilter_umh pid 2656
[   22.763338] bpfilter: write fail -32
[   22.792003] bpfilter: Loaded bpfilter_umh pid 2658
[   22.792751] bpfilter: write fail -32
[   22.820193] bpfilter: Loaded bpfilter_umh pid 2660
[   22.820932] bpfilter: write fail -32
[   22.848083] bpfilter: Loaded bpfilter_umh pid 2662
[   22.848832] bpfilter: write fail -32
[   22.871867] bpfilter: Loaded bpfilter_umh pid 2664
[   22.872622] bpfilter: write fail -32
[   22.900114] bpfilter: Loaded bpfilter_umh pid 2666
[   22.900898] bpfilter: write fail -32
[   22.927465] bpfilter: Loaded bpfilter_umh pid 2669
[   22.928373] bpfilter: write fail -32
[   22.959334] bpfilter: Loaded bpfilter_umh pid 2671
[   22.960200] bpfilter: write fail -32
[   22.991672] bpfilter: Loaded bpfilter_umh pid 2673
[   22.992503] bpfilter: write fail -32
[   23.019957] bpfilter: Loaded bpfilter_umh pid 2675
[   23.020733] bpfilter: write fail -32
[   23.045178] bpfilter: Loaded bpfilter_umh pid 2677
[   23.045942] bpfilter: write fail -32
[   23.075247] bpfilter: Loaded bpfilter_umh pid 2679
[   23.075992] bpfilter: write fail -32
[   23.104950] bpfilter: Loaded bpfilter_umh pid 2681
[   23.105743] bpfilter: write fail -32
[   23.134581] bpfilter: Loaded bpfilter_umh pid 2683
[   23.135338] bpfilter: write fail -32
[   23.160375] bpfilter: Loaded bpfilter_umh pid 2686
[   23.161140] bpfilter: write fail -32
[   23.187161] bpfilter: Loaded bpfilter_umh pid 2688
[   23.187911] bpfilter: write fail -32
[   23.219360] bpfilter: Loaded bpfilter_umh pid 2690
[   23.220239] bpfilter: write fail -32
[   23.249818] bpfilter: Loaded bpfilter_umh pid 2693
[   23.250697] bpfilter: write fail -32
[   23.280085] bpfilter: Loaded bpfilter_umh pid 2695
[   23.280859] bpfilter: write fail -32
[   23.307957] bpfilter: Loaded bpfilter_umh pid 2697
[   23.308714] bpfilter: write fail -32
[   23.335840] bpfilter: Loaded bpfilter_umh pid 2699
[   23.336594] bpfilter: write fail -32
[   23.366291] bpfilter: Loaded bpfilter_umh pid 2701
[   23.367129] bpfilter: write fail -32
[   23.395362] bpfilter: Loaded bpfilter_umh pid 2704
[   23.396183] bpfilter: write fail -32
[   23.423671] bpfilter: Loaded bpfilter_umh pid 2706
[   23.424438] bpfilter: write fail -32
[   23.462323] bpfilter: Loaded bpfilter_umh pid 2708
[   23.463098] bpfilter: write fail -32
[   23.494019] bpfilter: Loaded bpfilter_umh pid 2710
[   23.494764] bpfilter: write fail -32
[   23.523627] bpfilter: Loaded bpfilter_umh pid 2713
[   23.524392] bpfilter: write fail -32
[   23.554060] bpfilter: Loaded bpfilter_umh pid 2715
[   23.554814] bpfilter: write fail -32
[   23.578492] bpfilter: Loaded bpfilter_umh pid 2717
[   23.579354] bpfilter: write fail -32
[   23.606109] bpfilter: Loaded bpfilter_umh pid 2719
[   23.606855] bpfilter: write fail -32
[   23.635005] bpfilter: Loaded bpfilter_umh pid 2721
[   23.635763] bpfilter: write fail -32
[   23.671829] bpfilter: Loaded bpfilter_umh pid 2723
[   23.672584] bpfilter: write fail -32
[   23.705038] bpfilter: Loaded bpfilter_umh pid 2727
[   23.705801] bpfilter: write fail -32
[   23.731190] bpfilter: Loaded bpfilter_umh pid 2729
[   23.732050] bpfilter: write fail -32
[   23.762936] bpfilter: Loaded bpfilter_umh pid 2731
[   23.764008] bpfilter: write fail -32
[   23.802385] bpfilter: Loaded bpfilter_umh pid 2733
[   23.803157] bpfilter: write fail -32
[   23.831982] bpfilter: Loaded bpfilter_umh pid 2735
[   23.832991] bpfilter: write fail -32
[   23.859221] bpfilter: Loaded bpfilter_umh pid 2737
[   23.860070] bpfilter: write fail -32
[   23.885064] bpfilter: Loaded bpfilter_umh pid 2740
[   23.885933] bpfilter: write fail -32
[   23.911998] bpfilter: Loaded bpfilter_umh pid 2742
[   23.913068] bpfilter: write fail -32
[   23.948753] bpfilter: Loaded bpfilter_umh pid 2744
[   23.949650] bpfilter: write fail -32
[   23.984633] bpfilter: Loaded bpfilter_umh pid 2746
[   23.985513] bpfilter: write fail -32
[   24.020495] bpfilter: Loaded bpfilter_umh pid 2748
[   24.021263] bpfilter: write fail -32
[   24.048369] bpfilter: Loaded bpfilter_umh pid 2750
[   24.049200] bpfilter: write fail -32
[   24.080715] bpfilter: Loaded bpfilter_umh pid 2752
[   24.081584] bpfilter: write fail -32
[   24.120130] bpfilter: Loaded bpfilter_umh pid 2754
[   24.121139] bpfilter: write fail -32
[   24.149746] bpfilter: Loaded bpfilter_umh pid 2757
[   24.150514] bpfilter: write fail -32
[   24.177073] bpfilter: Loaded bpfilter_umh pid 2759
[   24.177825] bpfilter: write fail -32
[   24.201448] bpfilter: Loaded bpfilter_umh pid 2761
[   24.202373] bpfilter: write fail -32
[   24.233249] bpfilter: Loaded bpfilter_umh pid 2764
[   24.233992] bpfilter: write fail -32
[   24.261149] bpfilter: Loaded bpfilter_umh pid 2766
[   24.261889] bpfilter: write fail -32
[   24.289478] bpfilter: Loaded bpfilter_umh pid 2768
[   24.290365] bpfilter: write fail -32
[   24.317039] bpfilter: Loaded bpfilter_umh pid 2770
[   24.317790] bpfilter: write fail -32
[   24.473611] bpfilter: Loaded bpfilter_umh pid 2772
[   24.474632] bpfilter: write fail -32
[   24.498111] bpfilter: Loaded bpfilter_umh pid 2775
[   24.499050] bpfilter: write fail -32
[   24.523272] bpfilter: Loaded bpfilter_umh pid 2777
[   24.524052] bpfilter: write fail -32
[   24.550635] bpfilter: Loaded bpfilter_umh pid 2779
[   24.551411] bpfilter: write fail -32
[   24.582067] bpfilter: Loaded bpfilter_umh pid 2781
[   24.582824] bpfilter: write fail -32
[   24.607459] bpfilter: Loaded bpfilter_umh pid 2784
[   24.608233] bpfilter: write fail -32
[   24.645164] bpfilter: Loaded bpfilter_umh pid 2786
[   24.645916] bpfilter: write fail -32
[   24.674001] bpfilter: Loaded bpfilter_umh pid 2788
[   24.674759] bpfilter: write fail -32
[   24.699097] bpfilter: Loaded bpfilter_umh pid 2790
[   24.699843] bpfilter: write fail -32
[   24.724327] bpfilter: Loaded bpfilter_umh pid 2792
[   24.725085] bpfilter: write fail -32
[   24.763765] bpfilter: Loaded bpfilter_umh pid 2794
[   24.764533] bpfilter: write fail -32
[   24.795206] bpfilter: Loaded bpfilter_umh pid 2798
[   24.795979] bpfilter: write fail -32
[   24.819135] bpfilter: Loaded bpfilter_umh pid 2800
[   24.819883] bpfilter: write fail -32
[   24.844016] bpfilter: Loaded bpfilter_umh pid 2802
[   24.844772] bpfilter: write fail -32
[   24.875914] bpfilter: Loaded bpfilter_umh pid 2804
[   24.876800] bpfilter: write fail -32
[   24.904111] bpfilter: Loaded bpfilter_umh pid 2806
[   24.904868] bpfilter: write fail -32
[   24.932053] bpfilter: Loaded bpfilter_umh pid 2808
[   24.932813] bpfilter: write fail -32
[   24.957401] bpfilter: Loaded bpfilter_umh pid 2811
[   24.958189] bpfilter: write fail -32
[   24.992822] bpfilter: Loaded bpfilter_umh pid 2813
[   24.993603] bpfilter: write fail -32
[   25.020032] bpfilter: Loaded bpfilter_umh pid 2815
[   25.020791] bpfilter: write fail -32
[   25.043843] bpfilter: Loaded bpfilter_umh pid 2817
[   25.044596] bpfilter: write fail -32
[   25.072028] bpfilter: Loaded bpfilter_umh pid 2819
[   25.072780] bpfilter: write fail -32
[   25.100387] bpfilter: Loaded bpfilter_umh pid 2821
[   25.101207] bpfilter: write fail -32
[   25.132139] bpfilter: Loaded bpfilter_umh pid 2823
[   25.132926] bpfilter: write fail -32
[   25.165219] bpfilter: Loaded bpfilter_umh pid 2825
[   25.166062] bpfilter: write fail -32
[   25.193427] bpfilter: Loaded bpfilter_umh pid 2828
[   25.194187] bpfilter: write fail -32
[   25.220907] bpfilter: Loaded bpfilter_umh pid 2830
[   25.221812] bpfilter: write fail -32
[   25.255915] bpfilter: Loaded bpfilter_umh pid 2832
[   25.256677] bpfilter: write fail -32
[   25.281440] bpfilter: Loaded bpfilter_umh pid 2835
[   25.282200] bpfilter: write fail -32
[   25.317451] bpfilter: Loaded bpfilter_umh pid 2837
[   25.318189] bpfilter: write fail -32
[   25.347164] bpfilter: Loaded bpfilter_umh pid 2839
[   25.347926] bpfilter: write fail -32
[   25.370995] bpfilter: Loaded bpfilter_umh pid 2841
[   25.371748] bpfilter: write fail -32
[   25.401861] bpfilter: Loaded bpfilter_umh pid 2843
[   25.402626] bpfilter: write fail -32
[   25.428264] bpfilter: Loaded bpfilter_umh pid 2846
[   25.429013] bpfilter: write fail -32
[   25.454221] bpfilter: Loaded bpfilter_umh pid 2848
[   25.454965] bpfilter: write fail -32
[   25.483274] bpfilter: Loaded bpfilter_umh pid 2850
[   25.484056] bpfilter: write fail -32
[   25.519920] bpfilter: Loaded bpfilter_umh pid 2852
[   25.520674] bpfilter: write fail -32
[   25.545418] bpfilter: Loaded bpfilter_umh pid 2855
[   25.546189] bpfilter: write fail -32
[   25.579308] bpfilter: Loaded bpfilter_umh pid 2857
[   25.580078] bpfilter: write fail -32
[   25.608132] bpfilter: Loaded bpfilter_umh pid 2859
[   25.608879] bpfilter: write fail -32
[   25.635788] bpfilter: Loaded bpfilter_umh pid 2861
[   25.636551] bpfilter: write fail -32
[   25.672610] bpfilter: Loaded bpfilter_umh pid 2865
[   25.673488] bpfilter: write fail -32
[   25.729728] bpfilter: Loaded bpfilter_umh pid 2867
[   25.730823] bpfilter: write fail -32
[   25.763597] bpfilter: Loaded bpfilter_umh pid 2870
[   25.764490] bpfilter: write fail -32
[   25.788029] bpfilter: Loaded bpfilter_umh pid 2872
[   25.788794] bpfilter: write fail -32
[   25.815091] bpfilter: Loaded bpfilter_umh pid 2874
[   25.815839] bpfilter: write fail -32
[   25.839093] bpfilter: Loaded bpfilter_umh pid 2876
[   25.839856] bpfilter: write fail -32
[   25.867705] bpfilter: Loaded bpfilter_umh pid 2878
[   25.868519] bpfilter: write fail -32
[   25.899381] bpfilter: Loaded bpfilter_umh pid 2880
[   25.900196] bpfilter: write fail -32
[   25.928393] bpfilter: Loaded bpfilter_umh pid 2883
[   25.929174] bpfilter: write fail -32
[   25.959047] bpfilter: Loaded bpfilter_umh pid 2885
[   25.959799] bpfilter: write fail -32
[   25.987175] bpfilter: Loaded bpfilter_umh pid 2887
[   25.987936] bpfilter: write fail -32
[   26.014799] bpfilter: Loaded bpfilter_umh pid 2889
[   26.015561] bpfilter: write fail -32
[   26.045094] bpfilter: Loaded bpfilter_umh pid 2891
[   26.045845] bpfilter: write fail -32
[   26.068958] bpfilter: Loaded bpfilter_umh pid 2893
[   26.069767] bpfilter: write fail -32
[   26.100925] bpfilter: Loaded bpfilter_umh pid 2895
[   26.101680] bpfilter: write fail -32
[   26.134795] bpfilter: Loaded bpfilter_umh pid 2897
[   26.135597] bpfilter: write fail -32
[   26.162364] bpfilter: Loaded bpfilter_umh pid 2900
[   26.163158] bpfilter: write fail -32
[   26.191192] bpfilter: Loaded bpfilter_umh pid 2902
[   26.191938] bpfilter: write fail -32
[   26.222933] bpfilter: Loaded bpfilter_umh pid 2904
[   26.223679] bpfilter: write fail -32
[   26.248487] bpfilter: Loaded bpfilter_umh pid 2907
[   26.249332] bpfilter: write fail -32
[   26.279470] bpfilter: Loaded bpfilter_umh pid 2909
[   26.280242] bpfilter: write fail -32
[   26.315127] bpfilter: Loaded bpfilter_umh pid 2911
[   26.315877] bpfilter: write fail -32
[   26.343994] bpfilter: Loaded bpfilter_umh pid 2913
[   26.344758] bpfilter: write fail -32
[   26.373713] bpfilter: Loaded bpfilter_umh pid 2915
[   26.374476] bpfilter: write fail -32
[   26.399647] bpfilter: Loaded bpfilter_umh pid 2918
[   26.400432] bpfilter: write fail -32
[   26.427262] bpfilter: Loaded bpfilter_umh pid 2920
[   26.428028] bpfilter: write fail -32
[   26.459095] bpfilter: Loaded bpfilter_umh pid 2922
[   26.459841] bpfilter: write fail -32
[   26.487177] bpfilter: Loaded bpfilter_umh pid 2924
[   26.487913] bpfilter: write fail -32
[   26.515163] bpfilter: Loaded bpfilter_umh pid 2927
[   26.515913] bpfilter: write fail -32
[   26.548435] bpfilter: Loaded bpfilter_umh pid 2929
[   26.549298] bpfilter: write fail -32
[   26.580417] bpfilter: Loaded bpfilter_umh pid 2931
[   26.581169] bpfilter: write fail -32
[   26.611877] bpfilter: Loaded bpfilter_umh pid 2933
[   26.612629] bpfilter: write fail -32
[   26.635967] bpfilter: Loaded bpfilter_umh pid 2935
[   26.636726] bpfilter: write fail -32
[   26.677786] bpfilter: Loaded bpfilter_umh pid 2937
[   26.678549] bpfilter: write fail -32
[   26.714232] bpfilter: Loaded bpfilter_umh pid 2940
[   26.714975] bpfilter: write fail -32
[   26.752005] bpfilter: Loaded bpfilter_umh pid 2942
[   26.752750] bpfilter: write fail -32
[   26.779976] bpfilter: Loaded bpfilter_umh pid 2944
[   26.780733] bpfilter: write fail -32
[   26.810099] bpfilter: Loaded bpfilter_umh pid 2947
[   26.810851] bpfilter: write fail -32
[   26.841076] bpfilter: Loaded bpfilter_umh pid 2949
[   26.841826] bpfilter: write fail -32
[   26.871086] bpfilter: Loaded bpfilter_umh pid 2951
[   26.871879] bpfilter: write fail -32
[   26.895100] bpfilter: Loaded bpfilter_umh pid 2953
[   26.895843] bpfilter: write fail -32
[   26.936669] bpfilter: Loaded bpfilter_umh pid 2955
[   26.937435] bpfilter: write fail -32
[   26.968231] bpfilter: Loaded bpfilter_umh pid 2958
[   26.968982] bpfilter: write fail -32
[   26.996137] bpfilter: Loaded bpfilter_umh pid 2960
[   26.996887] bpfilter: write fail -32
[   27.029194] bpfilter: Loaded bpfilter_umh pid 2963
[   27.029946] bpfilter: write fail -32
[   27.056889] bpfilter: Loaded bpfilter_umh pid 2965
[   27.057642] bpfilter: write fail -32
[   27.081085] bpfilter: Loaded bpfilter_umh pid 2967
[   27.081849] bpfilter: write fail -32
[   27.127615] bpfilter: Loaded bpfilter_umh pid 2969
[   27.128387] bpfilter: write fail -32
[   27.163143] bpfilter: Loaded bpfilter_umh pid 2972
[   27.163889] bpfilter: write fail -32
[   27.199276] bpfilter: Loaded bpfilter_umh pid 2974
[   27.200024] bpfilter: write fail -32
[   27.229839] bpfilter: Loaded bpfilter_umh pid 2977
[   27.230727] bpfilter: write fail -32
[   27.256358] bpfilter: Loaded bpfilter_umh pid 2979
[   27.257240] bpfilter: write fail -32
[   27.285126] bpfilter: Loaded bpfilter_umh pid 2981
[   27.285870] bpfilter: write fail -32
[   27.319846] bpfilter: Loaded bpfilter_umh pid 2983
[   27.320725] bpfilter: write fail -32
[   27.348276] bpfilter: Loaded bpfilter_umh pid 2986
[   27.349026] bpfilter: write fail -32
[   27.383079] bpfilter: Loaded bpfilter_umh pid 2988
[   27.383866] bpfilter: write fail -32
[   27.412253] bpfilter: Loaded bpfilter_umh pid 2991
[   27.412996] bpfilter: write fail -32
[   27.443077] bpfilter: Loaded bpfilter_umh pid 2993
[   27.443821] bpfilter: write fail -32
[   27.473112] bpfilter: Loaded bpfilter_umh pid 2995
[   27.473897] bpfilter: write fail -32
[   27.503700] bpfilter: Loaded bpfilter_umh pid 2997
[   27.504498] bpfilter: write fail -32
[   27.530523] bpfilter: Loaded bpfilter_umh pid 3000
[   27.531532] bpfilter: write fail -32
[   27.559962] bpfilter: Loaded bpfilter_umh pid 3002
[   27.560733] bpfilter: write fail -32
[   27.585814] bpfilter: Loaded bpfilter_umh pid 3005
[   27.586629] bpfilter: write fail -32
[   27.615972] bpfilter: Loaded bpfilter_umh pid 3007
[   27.616739] bpfilter: write fail -32
[   27.648277] bpfilter: Loaded bpfilter_umh pid 3010
[   27.649128] bpfilter: read fail 0
[   27.675092] bpfilter: Loaded bpfilter_umh pid 3011
[   27.675855] bpfilter: write fail -32
[   27.700687] bpfilter: Loaded bpfilter_umh pid 3013
[   27.701485] bpfilter: write fail -32
[   27.738269] bpfilter: Loaded bpfilter_umh pid 3015
[   27.739022] bpfilter: write fail -32
[   27.768763] bpfilter: Loaded bpfilter_umh pid 3017
[   27.769527] bpfilter: write fail -32
[   27.799875] bpfilter: Loaded bpfilter_umh pid 3020
[   27.800673] bpfilter: write fail -32
[   27.830199] bpfilter: Loaded bpfilter_umh pid 3022
[   27.831041] bpfilter: write fail -32
[   27.859268] bpfilter: Loaded bpfilter_umh pid 3024
[   27.860014] bpfilter: write fail -32
[   27.891294] bpfilter: Loaded bpfilter_umh pid 3026
[   27.892056] bpfilter: write fail -32
[   27.918963] bpfilter: Loaded bpfilter_umh pid 3028
[   27.919848] bpfilter: write fail -32
[   27.945987] bpfilter: Loaded bpfilter_umh pid 3030
[   27.946743] bpfilter: write fail -32
[   27.970033] bpfilter: Loaded bpfilter_umh pid 3032
[   27.970781] bpfilter: write fail -32
[   27.997957] bpfilter: Loaded bpfilter_umh pid 3034
[   27.998724] bpfilter: write fail -32
[   28.022023] bpfilter: Loaded bpfilter_umh pid 3036
[   28.022795] bpfilter: write fail -32
[   28.045872] bpfilter: Loaded bpfilter_umh pid 3038
[   28.046629] bpfilter: write fail -32
[   28.070152] bpfilter: Loaded bpfilter_umh pid 3040
[   28.070912] bpfilter: write fail -32
[   28.101979] bpfilter: Loaded bpfilter_umh pid 3042
[   28.102737] bpfilter: write fail -32
[   28.127238] bpfilter: Loaded bpfilter_umh pid 3045
[   28.127987] bpfilter: write fail -32
[   28.162905] bpfilter: Loaded bpfilter_umh pid 3047
[   28.163661] bpfilter: write fail -32
[   28.187321] bpfilter: Loaded bpfilter_umh pid 3049
[   28.188095] bpfilter: write fail -32
[   28.225802] bpfilter: Loaded bpfilter_umh pid 3051
[   28.226559] bpfilter: write fail -32
[   28.249278] bpfilter: Loaded bpfilter_umh pid 3053
[   28.250009] bpfilter: write fail -32
[   28.277981] bpfilter: Loaded bpfilter_umh pid 3055
[   28.278724] bpfilter: write fail -32
[   28.309838] bpfilter: Loaded bpfilter_umh pid 3057
[   28.310630] bpfilter: write fail -32
[   28.338025] bpfilter: Loaded bpfilter_umh pid 3059
[   28.338782] bpfilter: write fail -32
[   28.362088] bpfilter: Loaded bpfilter_umh pid 3061
[   28.362836] bpfilter: write fail -32
[   28.386053] bpfilter: Loaded bpfilter_umh pid 3063
[   28.386797] bpfilter: write fail -32
[   28.414377] bpfilter: Loaded bpfilter_umh pid 3065
[   28.415149] bpfilter: write fail -32
[   28.445965] bpfilter: Loaded bpfilter_umh pid 3067
[   28.446714] bpfilter: write fail -32
[   28.471116] bpfilter: Loaded bpfilter_umh pid 3070
[   28.471866] bpfilter: write fail -32
[   28.505992] bpfilter: Loaded bpfilter_umh pid 3072
[   28.506763] bpfilter: write fail -32
[   28.534264] bpfilter: Loaded bpfilter_umh pid 3074
[   28.535012] bpfilter: write fail -32
[   28.568088] bpfilter: Loaded bpfilter_umh pid 3076
[   28.568834] bpfilter: write fail -32
[   28.596142] bpfilter: Loaded bpfilter_umh pid 3078
[   28.596885] bpfilter: write fail -32
[   28.624163] bpfilter: Loaded bpfilter_umh pid 3080
[   28.624913] bpfilter: write fail -32
[   28.656792] bpfilter: Loaded bpfilter_umh pid 3082
[   28.657564] bpfilter: write fail -32
[   28.685244] bpfilter: Loaded bpfilter_umh pid 3084
[   28.686000] bpfilter: write fail -32
[   28.717062] bpfilter: Loaded bpfilter_umh pid 3086
[   28.717834] bpfilter: write fail -32
[   28.749144] bpfilter: Loaded bpfilter_umh pid 3088
[   28.749887] bpfilter: write fail -32
[   28.781498] bpfilter: Loaded bpfilter_umh pid 3090
[   28.782393] bpfilter: write fail -32
[   28.825444] bpfilter: Loaded bpfilter_umh pid 3092
[   28.826330] bpfilter: write fail -32
[   28.862471] bpfilter: Loaded bpfilter_umh pid 3094
[   28.863344] bpfilter: write fail -32
[   28.907762] bpfilter: Loaded bpfilter_umh pid 3096
[   28.908532] bpfilter: write fail -32
[   28.935181] bpfilter: Loaded bpfilter_umh pid 3099
[   28.935934] bpfilter: write fail -32
[   28.962041] bpfilter: Loaded bpfilter_umh pid 3101
[   28.962786] bpfilter: write fail -32
[   28.990698] bpfilter: Loaded bpfilter_umh pid 3104
[   28.991611] bpfilter: write fail -32
[   29.025185] bpfilter: Loaded bpfilter_umh pid 3106
[   29.025928] bpfilter: write fail -32
[   29.061902] bpfilter: Loaded bpfilter_umh pid 3108
[   29.062776] bpfilter: write fail -32
[   29.096433] bpfilter: Loaded bpfilter_umh pid 3110
[   29.097347] bpfilter: write fail -32
[   29.128425] bpfilter: Loaded bpfilter_umh pid 3113
[   29.129376] bpfilter: write fail -32
[   29.162121] bpfilter: Loaded bpfilter_umh pid 3115
[   29.162864] bpfilter: write fail -32
[   29.191251] bpfilter: Loaded bpfilter_umh pid 3118
[   29.191992] bpfilter: write fail -32
[   29.222051] bpfilter: Loaded bpfilter_umh pid 3120
[   29.222806] bpfilter: write fail -32
[   29.249481] bpfilter: Loaded bpfilter_umh pid 3122
[   29.250263] bpfilter: write fail -32
[   29.284506] bpfilter: Loaded bpfilter_umh pid 3124
[   29.285394] bpfilter: write fail -32
[   29.315915] bpfilter: Loaded bpfilter_umh pid 3127
[   29.316671] bpfilter: write fail -32
[   29.340849] bpfilter: Loaded bpfilter_umh pid 3129
[   29.341900] bpfilter: write fail -32
[   29.369311] bpfilter: Loaded bpfilter_umh pid 3131
[   29.370365] bpfilter: write fail -32
[   29.396927] bpfilter: Loaded bpfilter_umh pid 3134
[   29.397795] bpfilter: write fail -32
[   29.422896] bpfilter: Loaded bpfilter_umh pid 3136
[   29.423655] bpfilter: write fail -32
[   29.451108] bpfilter: Loaded bpfilter_umh pid 3138
[   29.451846] bpfilter: write fail -32
[   29.482329] bpfilter: Loaded bpfilter_umh pid 3140
[   29.483099] bpfilter: write fail -32
[   29.521165] bpfilter: Loaded bpfilter_umh pid 3142
[   29.522002] bpfilter: write fail -32
[   29.554271] bpfilter: Loaded bpfilter_umh pid 3145
[   29.555026] bpfilter: write fail -32
[   29.584184] bpfilter: Loaded bpfilter_umh pid 3147
[   29.584950] bpfilter: write fail -32
[   29.617816] bpfilter: Loaded bpfilter_umh pid 3150
[   29.618621] bpfilter: write fail -32
[   29.648706] bpfilter: Loaded bpfilter_umh pid 3152
[   29.649558] bpfilter: write fail -32
[   29.685605] bpfilter: Loaded bpfilter_umh pid 3154
[   29.686586] bpfilter: write fail -32
[   29.723796] bpfilter: Loaded bpfilter_umh pid 3156
[   29.724558] bpfilter: write fail -32
[   29.757132] bpfilter: Loaded bpfilter_umh pid 3159
[   29.757899] bpfilter: write fail -32
[   29.788036] bpfilter: Loaded bpfilter_umh pid 3161
[   29.788790] bpfilter: write fail -32
[   29.817020] bpfilter: Loaded bpfilter_umh pid 3164
[   29.817776] bpfilter: write fail -32
[   29.846294] bpfilter: Loaded bpfilter_umh pid 3166
[   29.847037] bpfilter: write fail -32
[   29.879308] bpfilter: Loaded bpfilter_umh pid 3169
[   29.880078] bpfilter: write fail -32
[   29.910876] bpfilter: Loaded bpfilter_umh pid 3171
[   29.911719] bpfilter: write fail -32
[   29.938865] bpfilter: Loaded bpfilter_umh pid 3173
[   29.939614] bpfilter: write fail -32
[   29.976923] bpfilter: Loaded bpfilter_umh pid 3175
[   29.977694] bpfilter: write fail -32
[   30.008317] bpfilter: Loaded bpfilter_umh pid 3178
[   30.009089] bpfilter: write fail -32
[   30.039002] bpfilter: Loaded bpfilter_umh pid 3180
[   30.039767] bpfilter: write fail -32
[   30.068214] bpfilter: Loaded bpfilter_umh pid 3183
[   30.068961] bpfilter: write fail -32
[   30.096173] bpfilter: Loaded bpfilter_umh pid 3185
[   30.096915] bpfilter: write fail -32
[   30.125028] bpfilter: Loaded bpfilter_umh pid 3187
[   30.125781] bpfilter: write fail -32
[   30.160186] bpfilter: Loaded bpfilter_umh pid 3189
[   30.161047] bpfilter: write fail -32
[   30.186570] bpfilter: Loaded bpfilter_umh pid 3192
[   30.187446] bpfilter: write fail -32
[   30.217103] bpfilter: Loaded bpfilter_umh pid 3194
[   30.217862] bpfilter: write fail -32
[   30.241322] bpfilter: Loaded bpfilter_umh pid 3196
[   30.242060] bpfilter: write fail -32
[   30.274974] bpfilter: Loaded bpfilter_umh pid 3198
[   30.275935] bpfilter: write fail -32
[   30.305111] bpfilter: Loaded bpfilter_umh pid 3200
[   30.305852] bpfilter: write fail -32
[   30.333477] bpfilter: Loaded bpfilter_umh pid 3203
[   30.334378] bpfilter: write fail -32
[   30.359229] bpfilter: Loaded bpfilter_umh pid 3205
[   30.359968] bpfilter: write fail -32
[   30.385442] bpfilter: Loaded bpfilter_umh pid 3207
[   30.386357] bpfilter: write fail -32
[   30.413419] bpfilter: Loaded bpfilter_umh pid 3209
[   30.414193] bpfilter: write fail -32
[   30.444883] bpfilter: Loaded bpfilter_umh pid 3211
[   30.445653] bpfilter: write fail -32
[   30.474194] bpfilter: Loaded bpfilter_umh pid 3214
[   30.474947] bpfilter: write fail -32
[   30.510181] bpfilter: Loaded bpfilter_umh pid 3216
[   30.511084] bpfilter: write fail -32
[   30.539851] bpfilter: Loaded bpfilter_umh pid 3218
[   30.540611] bpfilter: write fail -32
[   30.568351] bpfilter: Loaded bpfilter_umh pid 3220
[   30.569096] bpfilter: write fail -32
[   30.603432] bpfilter: Loaded bpfilter_umh pid 3222
[   30.604318] bpfilter: write fail -32
[   30.634829] bpfilter: Loaded bpfilter_umh pid 3225
[   30.636408] bpfilter: write fail -32
[   30.668993] bpfilter: Loaded bpfilter_umh pid 3227
[   30.669738] bpfilter: write fail -32
[   30.695219] bpfilter: Loaded bpfilter_umh pid 3229
[   30.695958] bpfilter: write fail -32
[   30.723085] bpfilter: Loaded bpfilter_umh pid 3231
[   30.723831] bpfilter: write fail -32
[   30.755019] bpfilter: Loaded bpfilter_umh pid 3233
[   30.755761] bpfilter: write fail -32
[   30.783432] bpfilter: Loaded bpfilter_umh pid 3236
[   30.784198] bpfilter: write fail -32
[   30.815865] bpfilter: Loaded bpfilter_umh pid 3238
[   30.816618] bpfilter: write fail -32
[   30.841211] bpfilter: Loaded bpfilter_umh pid 3241
[   30.841989] bpfilter: write fail -32
[   30.868063] bpfilter: Loaded bpfilter_umh pid 3243
[   30.868803] bpfilter: write fail -32
[   30.893325] bpfilter: Loaded bpfilter_umh pid 3245
[   30.894417] bpfilter: write fail -32
[   30.925334] bpfilter: Loaded bpfilter_umh pid 3247
[   30.926186] bpfilter: write fail -32
[   30.958402] bpfilter: Loaded bpfilter_umh pid 3250
[   30.959179] bpfilter: write fail -32
[   30.992681] bpfilter: Loaded bpfilter_umh pid 3252
[   30.993556] bpfilter: write fail -32
[   31.020487] bpfilter: Loaded bpfilter_umh pid 3254
[   31.021370] bpfilter: write fail -32
[   31.053359] bpfilter: Loaded bpfilter_umh pid 3256
[   31.054344] bpfilter: write fail -32
[   31.084091] bpfilter: Loaded bpfilter_umh pid 3258
[   31.085071] bpfilter: write fail -32
[   31.116739] bpfilter: Loaded bpfilter_umh pid 3260
[   31.117842] bpfilter: write fail -32
[   31.142652] bpfilter: Loaded bpfilter_umh pid 3262
[   31.143744] bpfilter: write fail -32
[   31.168542] bpfilter: Loaded bpfilter_umh pid 3264
[   31.169448] bpfilter: write fail -32
[   31.204602] bpfilter: Loaded bpfilter_umh pid 3266
[   31.205516] bpfilter: write fail -32
[   31.231400] bpfilter: Loaded bpfilter_umh pid 3268
[   31.232133] bpfilter: write fail -32
[   31.263811] bpfilter: Loaded bpfilter_umh pid 3270
[   31.264694] bpfilter: write fail -32
[   31.292692] bpfilter: Loaded bpfilter_umh pid 3272
[   31.293808] bpfilter: write fail -32
[   31.319455] bpfilter: Loaded bpfilter_umh pid 3275
[   31.320212] bpfilter: write fail -32
[   31.353174] bpfilter: Loaded bpfilter_umh pid 3277
[   31.354178] bpfilter: write fail -32
[   31.381330] bpfilter: Loaded bpfilter_umh pid 3279
[   31.382416] bpfilter: write fail -32
[   31.414892] bpfilter: Loaded bpfilter_umh pid 3281
[   31.415960] bpfilter: write fail -32
[   31.447741] bpfilter: Loaded bpfilter_umh pid 3283
[   31.448816] bpfilter: write fail -32
[   31.478762] bpfilter: Loaded bpfilter_umh pid 3285
[   31.479570] bpfilter: write fail -32
[   31.506527] bpfilter: Loaded bpfilter_umh pid 3287
[   31.507294] bpfilter: write fail -32
[   31.538053] bpfilter: Loaded bpfilter_umh pid 3289
[   31.539090] bpfilter: write fail -32
[   31.567197] bpfilter: Loaded bpfilter_umh pid 3291
[   31.568077] bpfilter: write fail -32
[   31.602429] bpfilter: Loaded bpfilter_umh pid 3293
[   31.603174] bpfilter: write fail -32
[   31.634741] bpfilter: Loaded bpfilter_umh pid 3295
[   31.635507] bpfilter: write fail -32
[   31.664984] bpfilter: Loaded bpfilter_umh pid 3297
[   31.665731] bpfilter: write fail -32
[   31.695576] bpfilter: Loaded bpfilter_umh pid 3299
[   31.696342] bpfilter: write fail -32
[   31.733470] bpfilter: Loaded bpfilter_umh pid 3301
[   31.734399] bpfilter: write fail -32
[   31.763683] bpfilter: Loaded bpfilter_umh pid 3304
[   31.764584] bpfilter: write fail -32
[   31.793554] bpfilter: Loaded bpfilter_umh pid 3306
[   31.794640] bpfilter: write fail -32
[   31.832372] bpfilter: Loaded bpfilter_umh pid 3309
[   31.833276] bpfilter: write fail -32
[   31.867686] bpfilter: Loaded bpfilter_umh pid 3311
[   31.868599] bpfilter: write fail -32
[   31.905176] bpfilter: Loaded bpfilter_umh pid 3313
[   31.906246] bpfilter: write fail -32
[   31.942855] bpfilter: Loaded bpfilter_umh pid 3315
[   31.943956] bpfilter: write fail -32
[   31.979730] bpfilter: Loaded bpfilter_umh pid 3318
[   31.980610] bpfilter: write fail -32
[   32.014461] bpfilter: Loaded bpfilter_umh pid 3320
[   32.015540] bpfilter: write fail -32
[   32.050846] bpfilter: Loaded bpfilter_umh pid 3322
[   32.051938] bpfilter: write fail -32
[   32.089054] bpfilter: Loaded bpfilter_umh pid 3324
[   32.089832] bpfilter: write fail -32
[   32.118283] bpfilter: Loaded bpfilter_umh pid 3327
[   32.119025] bpfilter: write fail -32
[   32.145159] bpfilter: Loaded bpfilter_umh pid 3329
[   32.146149] bpfilter: write fail -32
[   32.174700] bpfilter: Loaded bpfilter_umh pid 3332
[   32.175616] bpfilter: write fail -32
[   32.205265] bpfilter: Loaded bpfilter_umh pid 3334
[   32.206298] bpfilter: write fail -32
[   32.241421] bpfilter: Loaded bpfilter_umh pid 3336
[   32.242384] bpfilter: write fail -32
[   32.280084] bpfilter: Loaded bpfilter_umh pid 3338
[   32.281172] bpfilter: write fail -32
[   32.306888] bpfilter: Loaded bpfilter_umh pid 3341
[   32.307638] bpfilter: write fail -32
[   32.337992] bpfilter: Loaded bpfilter_umh pid 3343
[   32.339010] bpfilter: write fail -32
[   32.374171] bpfilter: Loaded bpfilter_umh pid 3346
[   32.375042] bpfilter: write fail -32
[   32.404030] bpfilter: Loaded bpfilter_umh pid 3348
[   32.404797] bpfilter: write fail -32
[   32.436313] bpfilter: Loaded bpfilter_umh pid 3350
[   32.437401] bpfilter: write fail -32
[   32.469810] bpfilter: Loaded bpfilter_umh pid 3352
[   32.470884] bpfilter: write fail -32
[   32.502601] bpfilter: Loaded bpfilter_umh pid 3355
[   32.503494] bpfilter: write fail -32
[   32.534290] bpfilter: Loaded bpfilter_umh pid 3357
[   32.535343] bpfilter: write fail -32
[   32.565767] bpfilter: Loaded bpfilter_umh pid 3360
[   32.566644] bpfilter: write fail -32
[   32.595793] bpfilter: Loaded bpfilter_umh pid 3362
[   32.596661] bpfilter: write fail -32
[   32.630963] bpfilter: Loaded bpfilter_umh pid 3364
[   32.631992] bpfilter: write fail -32
[   32.675938] bpfilter: Loaded bpfilter_umh pid 3366
[   32.676811] bpfilter: write fail -32
[   32.708163] bpfilter: Loaded bpfilter_umh pid 3369
[   32.708911] bpfilter: write fail -32
[   32.735580] bpfilter: Loaded bpfilter_umh pid 3371
[   32.736514] bpfilter: write fail -32
[   32.765272] bpfilter: Loaded bpfilter_umh pid 3374
[   32.766018] bpfilter: write fail -32
[   32.797556] bpfilter: Loaded bpfilter_umh pid 3376
[   32.798314] bpfilter: write fail -32
[   32.829780] bpfilter: Loaded bpfilter_umh pid 3378
[   32.830831] bpfilter: write fail -32
[   32.871887] bpfilter: Loaded bpfilter_umh pid 3380
[   32.873034] bpfilter: write fail -32
[   32.898811] bpfilter: Loaded bpfilter_umh pid 3383
[   32.899680] bpfilter: write fail -32
[   32.930291] bpfilter: Loaded bpfilter_umh pid 3385
[   32.931393] bpfilter: write fail -32
[   32.963398] bpfilter: Loaded bpfilter_umh pid 3388
[   32.964274] bpfilter: write fail -32
[   32.993081] bpfilter: Loaded bpfilter_umh pid 3390
[   32.993846] bpfilter: write fail -32
[   33.021309] bpfilter: Loaded bpfilter_umh pid 3392
[   33.022063] bpfilter: write fail -32
[   33.058989] bpfilter: Loaded bpfilter_umh pid 3394
[   33.059731] bpfilter: write fail -32
[  123.231119] docker0: port 1(veth3d85601) entered blocking state
[  123.232041] docker0: port 1(veth3d85601) entered disabled state
[  123.232989] device veth3d85601 entered promiscuous mode
[  123.234029] docker0: port 1(veth3d85601) entered blocking state
[  123.234964] docker0: port 1(veth3d85601) entered forwarding state
[  123.236046] docker0: port 1(veth3d85601) entered disabled state
[  123.243918] bpfilter: Loaded bpfilter_umh pid 3452
[  123.244660] bpfilter: write fail -32
[  123.272009] bpfilter: Loaded bpfilter_umh pid 3454
[  123.272781] bpfilter: write fail -32
[  123.302047] bpfilter: Loaded bpfilter_umh pid 3456
[  123.302781] bpfilter: write fail -32
[  123.327027] bpfilter: Loaded bpfilter_umh pid 3458
[  123.327896] bpfilter: write fail -32
[  123.355567] bpfilter: Loaded bpfilter_umh pid 3460
[  123.356468] bpfilter: write fail -32
[  123.385732] bpfilter: Loaded bpfilter_umh pid 3462
[  123.386609] bpfilter: write fail -32
[  123.422743] bpfilter: Loaded bpfilter_umh pid 3465
[  123.423514] bpfilter: write fail -32
[  123.457606] bpfilter: Loaded bpfilter_umh pid 3467
[  123.458369] bpfilter: write fail -32
[  123.485309] bpfilter: Loaded bpfilter_umh pid 3469
[  123.486108] bpfilter: write fail -32
[  123.513319] bpfilter: Loaded bpfilter_umh pid 3471
[  123.514060] bpfilter: write fail -32
[  123.545483] bpfilter: Loaded bpfilter_umh pid 3473
[  123.546372] bpfilter: write fail -32
[  123.578047] bpfilter: Loaded bpfilter_umh pid 3475
[  123.578907] bpfilter: write fail -32
[  123.612985] bpfilter: Loaded bpfilter_umh pid 3477
[  123.613838] bpfilter: write fail -32
[  123.654089] bpfilter: Loaded bpfilter_umh pid 3479
[  123.654836] bpfilter: write fail -32
[  123.679301] bpfilter: Loaded bpfilter_umh pid 3482
[  123.680044] bpfilter: write fail -32
[  123.710263] bpfilter: Loaded bpfilter_umh pid 3484
[  123.710999] bpfilter: write fail -32
[  123.741434] bpfilter: Loaded bpfilter_umh pid 3486
[  123.742521] bpfilter: write fail -32
[  123.771399] bpfilter: Loaded bpfilter_umh pid 3489
[  123.772305] bpfilter: write fail -32
[  123.807367] bpfilter: Loaded bpfilter_umh pid 3491
[  123.808367] bpfilter: write fail -32
[  123.834341] bpfilter: Loaded bpfilter_umh pid 3493
[  123.835071] bpfilter: write fail -32
[  123.869501] bpfilter: Loaded bpfilter_umh pid 3495
[  123.870379] bpfilter: write fail -32
[  123.901815] bpfilter: Loaded bpfilter_umh pid 3497
[  123.902564] bpfilter: write fail -32
[  123.930669] bpfilter: Loaded bpfilter_umh pid 3500
[  123.931475] bpfilter: write fail -32
[  123.960388] bpfilter: Loaded bpfilter_umh pid 3502
[  123.961126] bpfilter: write fail -32
[  123.996087] bpfilter: Loaded bpfilter_umh pid 3504
[  123.996846] bpfilter: write fail -32
[  124.020625] bpfilter: Loaded bpfilter_umh pid 3506
[  124.021334] bpfilter: write fail -32
[  124.048808] bpfilter: Loaded bpfilter_umh pid 3509
[  124.049780] bpfilter: write fail -32
[  124.082152] bpfilter: Loaded bpfilter_umh pid 3511
[  124.082903] bpfilter: write fail -32
[  124.106456] bpfilter: Loaded bpfilter_umh pid 3513
[  124.107195] bpfilter: write fail -32
[  124.139452] bpfilter: Loaded bpfilter_umh pid 3515
[  124.140319] bpfilter: write fail -32
[  124.175788] bpfilter: Loaded bpfilter_umh pid 3517
[  124.176549] bpfilter: write fail -32
[  124.212551] bpfilter: Loaded bpfilter_umh pid 3519
[  124.213356] bpfilter: write fail -32
[  124.250541] bpfilter: Loaded bpfilter_umh pid 3535
[  124.251316] bpfilter: write fail -32
[  124.277586] bpfilter: Loaded bpfilter_umh pid 3537
[  124.278523] bpfilter: write fail -32
[  124.311574] bpfilter: Loaded bpfilter_umh pid 3539
[  124.312441] bpfilter: write fail -32
[  124.339580] bpfilter: Loaded bpfilter_umh pid 3541
[  124.340488] bpfilter: write fail -32
[  124.367934] bpfilter: Loaded bpfilter_umh pid 3543
[  124.368807] bpfilter: write fail -32
[  124.398467] bpfilter: Loaded bpfilter_umh pid 3545
[  124.399209] bpfilter: write fail -32
[  124.425891] bpfilter: Loaded bpfilter_umh pid 3548
[  124.426753] bpfilter: write fail -32
[  124.454327] bpfilter: Loaded bpfilter_umh pid 3550
[  124.455444] bpfilter: write fail -32
[  124.485150] bpfilter: Loaded bpfilter_umh pid 3552
[  124.486152] bpfilter: write fail -32
[  124.517056] bpfilter: Loaded bpfilter_umh pid 3554
[  124.518111] bpfilter: write fail -32
[  124.545307] bpfilter: Loaded bpfilter_umh pid 3556
[  124.546329] bpfilter: write fail -32
[  124.577372] bpfilter: Loaded bpfilter_umh pid 3558
[  124.578279] bpfilter: write fail -32
[  124.605162] bpfilter: Loaded bpfilter_umh pid 3560
[  124.605908] bpfilter: write fail -32
[  124.642299] bpfilter: Loaded bpfilter_umh pid 3562
[  124.643173] bpfilter: write fail -32
[  124.675973] bpfilter: Loaded bpfilter_umh pid 3565
[  124.676782] bpfilter: write fail -32
[  124.702802] bpfilter: Loaded bpfilter_umh pid 3567
[  124.703877] bpfilter: write fail -32
[  124.728917] bpfilter: Loaded bpfilter_umh pid 3569
[  124.729798] bpfilter: write fail -32
[  124.758221] bpfilter: Loaded bpfilter_umh pid 3572
[  124.759151] bpfilter: write fail -32
[  124.783626] bpfilter: Loaded bpfilter_umh pid 3574
[  124.784499] bpfilter: write fail -32
[  124.820299] bpfilter: Loaded bpfilter_umh pid 3576
[  124.821329] bpfilter: write fail -32
[  124.851975] bpfilter: Loaded bpfilter_umh pid 3578
[  124.852913] bpfilter: write fail -32
[  124.889807] bpfilter: Loaded bpfilter_umh pid 3580
[  124.890866] bpfilter: write fail -32
[  124.921655] bpfilter: Loaded bpfilter_umh pid 3583
[  124.922723] bpfilter: write fail -32
[  124.952429] bpfilter: Loaded bpfilter_umh pid 3585
[  124.953477] bpfilter: write fail -32
[  124.980292] bpfilter: Loaded bpfilter_umh pid 3587
[  124.981375] bpfilter: write fail -32
[  125.012206] bpfilter: Loaded bpfilter_umh pid 3589
[  125.013292] bpfilter: write fail -32
[  125.041994] bpfilter: Loaded bpfilter_umh pid 3592
[  125.042856] bpfilter: write fail -32
[  125.071627] bpfilter: Loaded bpfilter_umh pid 3594
[  125.072516] bpfilter: write fail -32
[  125.105980] bpfilter: Loaded bpfilter_umh pid 3596
[  125.107022] bpfilter: write fail -32
[  125.143322] bpfilter: Loaded bpfilter_umh pid 3598
[  125.144342] bpfilter: write fail -32
[  125.174933] bpfilter: Loaded bpfilter_umh pid 3600
[  125.175834] bpfilter: write fail -32
[  125.212878] bpfilter: Loaded bpfilter_umh pid 3602
[  125.213937] bpfilter: write fail -32
[  125.247867] bpfilter: Loaded bpfilter_umh pid 3622
[  125.248627] bpfilter: write fail -32
[  125.272179] bpfilter: Loaded bpfilter_umh pid 3624
[  125.272918] bpfilter: write fail -32
[  125.303237] bpfilter: Loaded bpfilter_umh pid 3626
[  125.303982] bpfilter: write fail -32
[  125.331219] bpfilter: Loaded bpfilter_umh pid 3628
[  125.332069] bpfilter: write fail -32
[  125.356694] bpfilter: Loaded bpfilter_umh pid 3630
[  125.357573] bpfilter: write fail -32
[  125.387441] bpfilter: Loaded bpfilter_umh pid 3632
[  125.388522] bpfilter: write fail -32
[  125.416752] bpfilter: Loaded bpfilter_umh pid 3635
[  125.417628] bpfilter: write fail -32
[  125.444912] bpfilter: Loaded bpfilter_umh pid 3637
[  125.446028] bpfilter: write fail -32
[  125.474421] bpfilter: Loaded bpfilter_umh pid 3639
[  125.475420] bpfilter: write fail -32
[  125.511586] bpfilter: Loaded bpfilter_umh pid 3641
[  125.512673] bpfilter: write fail -32
[  125.542813] bpfilter: Loaded bpfilter_umh pid 3643
[  125.543694] bpfilter: write fail -32
[  125.572204] bpfilter: Loaded bpfilter_umh pid 3645
[  125.573212] bpfilter: write fail -32
[  125.603420] bpfilter: Loaded bpfilter_umh pid 3647
[  125.604408] bpfilter: write fail -32
[  125.640613] bpfilter: Loaded bpfilter_umh pid 3649
[  125.641696] bpfilter: write fail -32
[  125.674586] bpfilter: Loaded bpfilter_umh pid 3652
[  125.675481] bpfilter: write fail -32
[  125.706338] bpfilter: Loaded bpfilter_umh pid 3654
[  125.707424] bpfilter: write fail -32
[  125.733861] bpfilter: Loaded bpfilter_umh pid 3656
[  125.734978] bpfilter: write fail -32
[  125.767483] bpfilter: Loaded bpfilter_umh pid 3659
[  125.768362] bpfilter: write fail -32
[  125.796385] bpfilter: Loaded bpfilter_umh pid 3661
[  125.797125] bpfilter: write fail -32
[  125.824943] bpfilter: Loaded bpfilter_umh pid 3663
[  125.825973] bpfilter: write fail -32
[  125.856818] bpfilter: Loaded bpfilter_umh pid 3665
[  125.857688] bpfilter: write fail -32
[  125.897686] bpfilter: Loaded bpfilter_umh pid 3667
[  125.898764] bpfilter: write fail -32
[  125.936383] bpfilter: Loaded bpfilter_umh pid 3670
[  125.937449] bpfilter: write fail -32
[  125.963210] bpfilter: Loaded bpfilter_umh pid 3672
[  125.964255] bpfilter: write fail -32
[  125.989754] bpfilter: Loaded bpfilter_umh pid 3674
[  125.990627] bpfilter: write fail -32
[  126.022147] bpfilter: Loaded bpfilter_umh pid 3676
[  126.023026] bpfilter: write fail -32
[  126.051830] bpfilter: Loaded bpfilter_umh pid 3679
[  126.052795] bpfilter: write fail -32
[  126.081532] bpfilter: Loaded bpfilter_umh pid 3681
[  126.082401] bpfilter: write fail -32
[  126.110159] bpfilter: Loaded bpfilter_umh pid 3683
[  126.111183] bpfilter: write fail -32
[  126.135528] bpfilter: Loaded bpfilter_umh pid 3685
[  126.136396] bpfilter: write fail -32
[  126.160321] bpfilter: Loaded bpfilter_umh pid 3687
