May 30 15:16:23 1ea786539a1e journal: Runtime journal is using 8.0M (max allowed 196.7M, trying to leave 295.1M free of 1.9G available â†’ current limit 196.7M).
May 30 15:16:23 1ea786539a1e kernel: Linux version 5.10.25-linuxkit (root@cef9c358b34d) (gcc (Alpine 9.2.0) 9.2.0, GNU ld (GNU Binutils) 2.33.1) #1 SMP Tue Mar 23 09:27:39 UTC 2021
May 30 15:16:23 1ea786539a1e kernel: Command line: earlyprintk=serial page_poison=1 vsyscall=emulate panic=1 nospec_store_bypass_disable noibrs noibpb no_stf_barrier mitigations=off console=ttyS0 console=ttyS1  vpnkit.connect=connect://2/1999
May 30 15:16:23 1ea786539a1e kernel: x86/fpu: Supporting XSAVE feature 0x001: 'x87 floating point registers'
May 30 15:16:23 1ea786539a1e kernel: x86/fpu: Supporting XSAVE feature 0x002: 'SSE registers'
May 30 15:16:23 1ea786539a1e kernel: x86/fpu: Supporting XSAVE feature 0x004: 'AVX registers'
May 30 15:16:23 1ea786539a1e kernel: x86/fpu: xstate_offset[2]:  576, xstate_sizes[2]:  256
May 30 15:16:23 1ea786539a1e kernel: x86/fpu: Enabled xstate features 0x7, context size is 832 bytes, using 'standard' format.
May 30 15:16:23 1ea786539a1e kernel: BIOS-provided physical RAM map:
May 30 15:16:23 1ea786539a1e kernel: BIOS-e820: [mem 0x0000000000000000-0x000000000009fbff] usable
May 30 15:16:23 1ea786539a1e kernel: BIOS-e820: [mem 0x0000000000100000-0x00000000bfffffff] usable
May 30 15:16:23 1ea786539a1e kernel: BIOS-e820: [mem 0x0000000100000000-0x000000013fffffff] usable
May 30 15:16:23 1ea786539a1e kernel: printk: bootconsole [earlyser0] enabled
May 30 15:16:23 1ea786539a1e kernel: ERROR: earlyprintk= earlyser already used
May 30 15:16:23 1ea786539a1e kernel: ERROR: earlyprintk= earlyser already used
May 30 15:16:23 1ea786539a1e kernel: NX (Execute Disable) protection: active
May 30 15:16:23 1ea786539a1e kernel: SMBIOS 2.6 present.
May 30 15:16:23 1ea786539a1e kernel: DMI:  BHYVE, BIOS 1.00 03/14/2014
May 30 15:16:23 1ea786539a1e kernel: tsc: Detected 2300.000 MHz processor
May 30 15:16:23 1ea786539a1e kernel: tsc: Detected 2299.968 MHz TSC
May 30 15:16:23 1ea786539a1e kernel: last_pfn = 0x140000 max_arch_pfn = 0x400000000
May 30 15:16:23 1ea786539a1e kernel: Disabled
May 30 15:16:23 1ea786539a1e kernel: x86/PAT: MTRRs disabled, skipping PAT initialization too.
May 30 15:16:23 1ea786539a1e kernel: CPU MTRRs all blank - virtualized system.
May 30 15:16:23 1ea786539a1e kernel: x86/PAT: Configuration [0-7]: WB  WT  UC- UC  WB  WT  UC- UC  
May 30 15:16:23 1ea786539a1e kernel: last_pfn = 0xc0000 max_arch_pfn = 0x400000000
May 30 15:16:23 1ea786539a1e kernel: found SMP MP-table at [mem 0x000f0000-0x000f000f]
May 30 15:16:23 1ea786539a1e kernel: Kernel/User page tables isolation: disabled on command line.
May 30 15:16:23 1ea786539a1e kernel: Using GB pages for direct mapping
May 30 15:16:23 1ea786539a1e kernel: RAMDISK: [mem 0x78024000-0x7fffffff]
May 30 15:16:23 1ea786539a1e kernel: ACPI: Early table checksum verification disabled
May 30 15:16:23 1ea786539a1e kernel: ACPI: RSDP 0x00000000000F2400 000024 (v02 BHYVE )
May 30 15:16:23 1ea786539a1e kernel: ACPI: XSDT 0x00000000000F2480 000044 (v01 BHYVE  BVXSDT   00000001 INTL 20140828)
May 30 15:16:23 1ea786539a1e kernel: ACPI: APIC 0x00000000000F2500 000092 (v01 BHYVE  BVMADT   00000001 INTL 20140828)
May 30 15:16:23 1ea786539a1e kernel: ACPI: FACP 0x00000000000F2A00 00010C (v05 BHYVE  BVFACP   00000001 INTL 20140828)
May 30 15:16:23 1ea786539a1e kernel: ACPI: DSDT 0x00000000000F2C00 000A2D (v02 BHYVE  BVDSDT   00000001 INTL 20140828)
May 30 15:16:23 1ea786539a1e kernel: ACPI: FACS 0x00000000000F2BC0 000040
May 30 15:16:23 1ea786539a1e kernel: ACPI: FACS 0x00000000000F2BC0 000040
May 30 15:16:23 1ea786539a1e kernel: ACPI: HPET 0x00000000000F2B40 000038 (v01 BHYVE  BVHPET   00000001 INTL 20140828)
May 30 15:16:23 1ea786539a1e kernel: ACPI: MCFG 0x00000000000F2B80 00003C (v01 BHYVE  BVMCFG   00000001 INTL 20140828)
May 30 15:16:23 1ea786539a1e kernel: Setting APIC routing to physical flat.
May 30 15:16:23 1ea786539a1e kernel: Zone ranges:
May 30 15:16:23 1ea786539a1e kernel:  DMA      [mem 0x0000000000001000-0x0000000000ffffff]
May 30 15:16:23 1ea786539a1e kernel:  DMA32    [mem 0x0000000001000000-0x00000000ffffffff]
May 30 15:16:23 1ea786539a1e kernel:  Normal   [mem 0x0000000100000000-0x000000013fffffff]
May 30 15:16:23 1ea786539a1e kernel:  Device   empty
May 30 15:16:23 1ea786539a1e kernel: Movable zone start for each node
May 30 15:16:23 1ea786539a1e kernel: Early memory node ranges
May 30 15:16:23 1ea786539a1e kernel:  node   0: [mem 0x0000000000001000-0x000000000009efff]
May 30 15:16:23 1ea786539a1e kernel:  node   0: [mem 0x0000000000100000-0x00000000bfffffff]
May 30 15:16:23 1ea786539a1e kernel:  node   0: [mem 0x0000000100000000-0x000000013fffffff]
May 30 15:16:23 1ea786539a1e kernel: Initmem setup node 0 [mem 0x0000000000001000-0x000000013fffffff]
May 30 15:16:23 1ea786539a1e kernel:  DMA zone: 28770 pages in unavailable ranges
May 30 15:16:23 1ea786539a1e kernel: ACPI: PM-Timer IO Port: 0x408
May 30 15:16:23 1ea786539a1e kernel: ACPI: LAPIC_NMI (acpi_id[0xff] high edge lint[0x1])
May 30 15:16:23 1ea786539a1e kernel: IOAPIC[0]: apic_id 0, version 17, address 0xfec00000, GSI 0-23
May 30 15:16:23 1ea786539a1e kernel: ACPI: INT_SRC_OVR (bus 0 bus_irq 0 global_irq 2 high edge)
May 30 15:16:23 1ea786539a1e kernel: ACPI: INT_SRC_OVR (bus 0 bus_irq 9 global_irq 9 low level)
May 30 15:16:23 1ea786539a1e kernel: Using ACPI (MADT) for SMP configuration information
May 30 15:16:23 1ea786539a1e kernel: ACPI: HPET id: 0x80860701 base: 0xfed00000
May 30 15:16:23 1ea786539a1e kernel: smpboot: Allowing 8 CPUs, 0 hotplug CPUs
May 30 15:16:23 1ea786539a1e kernel: [mem 0xc0000000-0xffffffff] available for PCI devices
May 30 15:16:23 1ea786539a1e kernel: Booting paravirtualized kernel on bare hardware
May 30 15:16:23 1ea786539a1e kernel: clocksource: refined-jiffies: mask: 0xffffffff max_cycles: 0xffffffff, max_idle_ns: 1910969940391419 ns
May 30 15:16:23 1ea786539a1e kernel: setup_percpu: NR_CPUS:128 nr_cpumask_bits:128 nr_cpu_ids:8 nr_node_ids:1
May 30 15:16:23 1ea786539a1e kernel: percpu: Embedded 54 pages/cpu s181208 r8192 d31784 u262144
May 30 15:16:23 1ea786539a1e kernel: Built 1 zonelists, mobility grouping on.  Total pages: 1032073
May 30 15:16:23 1ea786539a1e kernel: Kernel command line: earlyprintk=serial page_poison=1 vsyscall=emulate panic=1 nospec_store_bypass_disable noibrs noibpb no_stf_barrier mitigations=off console=ttyS0 console=ttyS1  vpnkit.connect=connect://2/1999
May 30 15:16:23 1ea786539a1e kernel: Dentry cache hash table entries: 524288 (order: 10, 4194304 bytes, linear)
May 30 15:16:23 1ea786539a1e kernel: Inode-cache hash table entries: 262144 (order: 9, 2097152 bytes, linear)
May 30 15:16:23 1ea786539a1e kernel: mem auto-init: stack:off, heap alloc:off, heap free:off
May 30 15:16:23 1ea786539a1e kernel: Memory: 3894520K/4193912K available (14348K kernel code, 2302K rwdata, 3536K rodata, 1608K init, 944K bss, 299132K reserved, 0K cma-reserved)
May 30 15:16:23 1ea786539a1e kernel: random: get_random_u32 called from ____cache_alloc+0x42d/0x612 with crng_init=0
May 30 15:16:23 1ea786539a1e kernel: ftrace: allocating 49213 entries in 193 pages
May 30 15:16:23 1ea786539a1e kernel: ftrace: allocated 193 pages with 3 groups
May 30 15:16:23 1ea786539a1e kernel: rcu: Hierarchical RCU implementation.
May 30 15:16:23 1ea786539a1e kernel: rcu: #011RCU restricting CPUs from NR_CPUS=128 to nr_cpu_ids=8.
May 30 15:16:23 1ea786539a1e kernel: #011Rude variant of Tasks RCU enabled.
May 30 15:16:23 1ea786539a1e kernel: #011Tracing variant of Tasks RCU enabled.
May 30 15:16:23 1ea786539a1e kernel: rcu: RCU calculated value of scheduler-enlistment delay is 100 jiffies.
May 30 15:16:23 1ea786539a1e kernel: rcu: Adjusting geometry for rcu_fanout_leaf=16, nr_cpu_ids=8
May 30 15:16:23 1ea786539a1e kernel: NR_IRQS: 8448, nr_irqs: 488, preallocated irqs: 16
May 30 15:16:23 1ea786539a1e kernel: Console: colour dummy device 80x25
May 30 15:16:23 1ea786539a1e kernel: printk: console [ttyS0] enabled
May 30 15:16:23 1ea786539a1e kernel: ACPI: Core revision 20200925
May 30 15:16:23 1ea786539a1e kernel: ACPI BIOS Warning (bug): Incorrect checksum in table [DSDT] - 0x7E, should be 0xDB (20200925/tbprint-173)
May 30 15:16:23 1ea786539a1e kernel: clocksource: hpet: mask: 0xffffffff max_cycles: 0xffffffff, max_idle_ns: 191126044627 ns
May 30 15:16:23 1ea786539a1e kernel: APIC: Switch to symmetric I/O mode setup
May 30 15:16:23 1ea786539a1e kernel: ..TIMER: vector=0x30 apic1=0 pin1=2 apic2=-1 pin2=-1
May 30 15:16:23 1ea786539a1e kernel: clocksource: tsc-early: mask: 0xffffffffffffffff max_cycles: 0x212717146a7, max_idle_ns: 440795291431 ns
May 30 15:16:23 1ea786539a1e kernel: Calibrating delay loop (skipped), value calculated using timer frequency.. 4599.93 BogoMIPS (lpj=2299968)
May 30 15:16:23 1ea786539a1e kernel: pid_max: default: 32768 minimum: 301
May 30 15:16:23 1ea786539a1e kernel: LSM: Security Framework initializing
May 30 15:16:23 1ea786539a1e kernel: Yama: becoming mindful.
May 30 15:16:23 1ea786539a1e kernel: Mount-cache hash table entries: 8192 (order: 4, 65536 bytes, linear)
May 30 15:16:23 1ea786539a1e kernel: Mountpoint-cache hash table entries: 8192 (order: 4, 65536 bytes, linear)
May 30 15:16:23 1ea786539a1e kernel: Last level iTLB entries: 4KB 64, 2MB 8, 4MB 8
May 30 15:16:23 1ea786539a1e kernel: Last level dTLB entries: 4KB 64, 2MB 0, 4MB 0, 1GB 4
May 30 15:16:23 1ea786539a1e kernel: Speculative Store Bypass: Vulnerable
May 30 15:16:23 1ea786539a1e kernel: SRBDS: Unknown: Dependent on hypervisor status
May 30 15:16:23 1ea786539a1e kernel: Freeing SMP alternatives memory: 20K
May 30 15:16:23 1ea786539a1e kernel: smpboot: CPU0: Intel(R) Core(TM) i9-9880H CPU @ 2.30GHz (family: 0x6, model: 0x9e, stepping: 0xd)
May 30 15:16:23 1ea786539a1e kernel: Performance Events: unsupported p6 CPU model 158 no PMU driver, software events only.
May 30 15:16:23 1ea786539a1e kernel: rcu: Hierarchical SRCU implementation.
May 30 15:16:23 1ea786539a1e kernel: NMI watchdog: Perf NMI watchdog permanently disabled
May 30 15:16:23 1ea786539a1e kernel: smp: Bringing up secondary CPUs ...
May 30 15:16:23 1ea786539a1e kernel: x86: Booting SMP configuration:
May 30 15:16:23 1ea786539a1e kernel: .... node  #0, CPUs:      #1
May 30 15:16:23 1ea786539a1e kernel: smpboot: CPU 1 Converting physical 0 to logical die 1
May 30 15:16:23 1ea786539a1e kernel: #2
May 30 15:16:23 1ea786539a1e kernel: smpboot: CPU 2 Converting physical 0 to logical die 2
May 30 15:16:23 1ea786539a1e kernel: #3
May 30 15:16:23 1ea786539a1e kernel: smpboot: CPU 3 Converting physical 0 to logical die 3
May 30 15:16:23 1ea786539a1e kernel: #4
May 30 15:16:23 1ea786539a1e kernel: smpboot: CPU 4 Converting physical 0 to logical die 4
May 30 15:16:23 1ea786539a1e kernel: #5
May 30 15:16:23 1ea786539a1e kernel: smpboot: CPU 5 Converting physical 0 to logical die 5
May 30 15:16:23 1ea786539a1e kernel: #6
May 30 15:16:23 1ea786539a1e kernel: smpboot: CPU 6 Converting physical 0 to logical die 6
May 30 15:16:23 1ea786539a1e kernel: #7
May 30 15:16:23 1ea786539a1e kernel: smpboot: CPU 7 Converting physical 0 to logical die 7
May 30 15:16:23 1ea786539a1e kernel: smp: Brought up 1 node, 8 CPUs
May 30 15:16:23 1ea786539a1e kernel: smpboot: Max logical packages: 8
May 30 15:16:23 1ea786539a1e kernel: smpboot: Total of 8 processors activated (36756.65 BogoMIPS)
May 30 15:16:23 1ea786539a1e kernel: devtmpfs: initialized
May 30 15:16:23 1ea786539a1e kernel: x86/mm: Memory block size: 128MB
May 30 15:16:23 1ea786539a1e kernel: clocksource: jiffies: mask: 0xffffffff max_cycles: 0xffffffff, max_idle_ns: 1911260446275000 ns
May 30 15:16:23 1ea786539a1e kernel: futex hash table entries: 2048 (order: 5, 131072 bytes, linear)
May 30 15:16:23 1ea786539a1e kernel: NET: Registered protocol family 16
May 30 15:16:23 1ea786539a1e kernel: audit: initializing netlink subsys (disabled)
May 30 15:16:23 1ea786539a1e kernel: audit: type=2000 audit(1622402059.571:1): state=initialized audit_enabled=0 res=1
May 30 15:16:23 1ea786539a1e kernel: thermal_sys: Registered thermal governor 'step_wise'
May 30 15:16:23 1ea786539a1e kernel: cpuidle: using governor ladder
May 30 15:16:23 1ea786539a1e kernel: cpuidle: using governor menu
May 30 15:16:23 1ea786539a1e kernel: ACPI FADT declares the system doesn't support PCIe ASPM, so disable it
May 30 15:16:23 1ea786539a1e kernel: ACPI: bus type PCI registered
May 30 15:16:23 1ea786539a1e kernel: acpiphp: ACPI Hot Plug PCI Controller Driver version: 0.5
May 30 15:16:23 1ea786539a1e kernel: PCI: MMCONFIG for domain 0000 [bus 00-ff] at [mem 0xe0000000-0xefffffff] (base 0xe0000000)
May 30 15:16:23 1ea786539a1e kernel: PCI: not using MMCONFIG
May 30 15:16:23 1ea786539a1e kernel: PCI: Using configuration type 1 for base access
May 30 15:16:23 1ea786539a1e kernel: Kprobes globally optimized
May 30 15:16:23 1ea786539a1e kernel: HugeTLB registered 1.00 GiB page size, pre-allocated 0 pages
May 30 15:16:23 1ea786539a1e kernel: HugeTLB registered 2.00 MiB page size, pre-allocated 0 pages
May 30 15:16:23 1ea786539a1e kernel: cryptd: max_cpu_qlen set to 1000
May 30 15:16:23 1ea786539a1e kernel: ACPI: Added _OSI(Module Device)
May 30 15:16:23 1ea786539a1e kernel: ACPI: Added _OSI(Processor Device)
May 30 15:16:23 1ea786539a1e kernel: ACPI: Added _OSI(3.0 _SCP Extensions)
May 30 15:16:23 1ea786539a1e kernel: ACPI: Added _OSI(Processor Aggregator Device)
May 30 15:16:23 1ea786539a1e kernel: ACPI: Added _OSI(Linux-Dell-Video)
May 30 15:16:23 1ea786539a1e kernel: ACPI: Added _OSI(Linux-Lenovo-NV-HDMI-Audio)
May 30 15:16:23 1ea786539a1e kernel: ACPI: Added _OSI(Linux-HPI-Hybrid-Graphics)
May 30 15:16:23 1ea786539a1e kernel: ACPI: 1 ACPI AML tables successfully acquired and loaded
May 30 15:16:23 1ea786539a1e kernel: ACPI: Interpreter enabled
May 30 15:16:23 1ea786539a1e kernel: ACPI: (supports S0 S5)
May 30 15:16:23 1ea786539a1e kernel: ACPI: Using IOAPIC for interrupt routing
May 30 15:16:23 1ea786539a1e kernel: PCI: MMCONFIG for domain 0000 [bus 00-ff] at [mem 0xe0000000-0xefffffff] (base 0xe0000000)
May 30 15:16:23 1ea786539a1e kernel: PCI: MMCONFIG at [mem 0xe0000000-0xefffffff] reserved in ACPI motherboard resources
May 30 15:16:23 1ea786539a1e kernel: PCI: Using host bridge windows from ACPI; if necessary, use "pci=nocrs" and report a bug
May 30 15:16:23 1ea786539a1e kernel: ACPI: PCI Root Bridge [PC00] (domain 0000 [bus 00])
May 30 15:16:23 1ea786539a1e kernel: acpi PNP0A03:00: _OSC: OS supports [ExtendedConfig ASPM ClockPM Segments MSI HPX-Type3]
May 30 15:16:23 1ea786539a1e kernel: acpi PNP0A03:00: host bridge window [mem 0x00000000-0xd0000fffff window] ([0x8000000000-0xd0000fffff] ignored, not CPU addressable)
May 30 15:16:23 1ea786539a1e kernel: acpi PNP0A03:00: host bridge window expanded to [mem 0x00000000-0x7fffffffff window]; [mem 0x00000000-0x7fffffffff window] ignored
May 30 15:16:23 1ea786539a1e kernel: PCI host bridge to bus 0000:00
May 30 15:16:23 1ea786539a1e kernel: pci_bus 0000:00: root bus resource [io  0x0000-0x0cf7 window]
May 30 15:16:23 1ea786539a1e kernel: pci_bus 0000:00: root bus resource [io  0x0d00-0x1fff window]
May 30 15:16:23 1ea786539a1e kernel: pci_bus 0000:00: root bus resource [io  0x2000-0x215f window]
May 30 15:16:23 1ea786539a1e kernel: pci_bus 0000:00: root bus resource [mem 0x00000000-0x7fffffffff window]
May 30 15:16:23 1ea786539a1e kernel: pci_bus 0000:00: root bus resource [bus 00]
May 30 15:16:23 1ea786539a1e kernel: pci 0000:00:00.0: [1275:1275] type 00 class 0x060000
May 30 15:16:23 1ea786539a1e kernel: pci 0000:00:00.0: reg 0x30: [mem 0x00000000-0x000007ff pref]
May 30 15:16:23 1ea786539a1e kernel: pci 0000:00:01.0: [1af4:1000] type 00 class 0x020000
May 30 15:16:23 1ea786539a1e kernel: pci 0000:00:01.0: reg 0x10: [io  0x2000-0x201f]
May 30 15:16:23 1ea786539a1e kernel: pci 0000:00:01.0: reg 0x14: [mem 0xc0000000-0xc0001fff]
May 30 15:16:23 1ea786539a1e kernel: pci 0000:00:01.0: reg 0x30: [mem 0x00000000-0x000007ff pref]
May 30 15:16:23 1ea786539a1e kernel: pci 0000:00:02.0: [1af4:1001] type 00 class 0x010000
May 30 15:16:23 1ea786539a1e kernel: pci 0000:00:02.0: reg 0x10: [io  0x2080-0x20ff]
May 30 15:16:23 1ea786539a1e kernel: pci 0000:00:02.0: reg 0x14: [mem 0xc0002000-0xc0003fff]
May 30 15:16:23 1ea786539a1e kernel: pci 0000:00:02.0: reg 0x30: [mem 0x00000000-0x000007ff pref]
May 30 15:16:23 1ea786539a1e kernel: pci 0000:00:03.0: [1af4:103f] type 00 class 0x020000
May 30 15:16:23 1ea786539a1e kernel: pci 0000:00:03.0: reg 0x10: [io  0x2100-0x211f]
May 30 15:16:23 1ea786539a1e kernel: pci 0000:00:03.0: reg 0x14: [mem 0xc0004000-0xc0005fff]
May 30 15:16:23 1ea786539a1e kernel: pci 0000:00:03.0: reg 0x30: [mem 0x00000000-0x000007ff pref]
May 30 15:16:23 1ea786539a1e kernel: pci 0000:00:04.0: [1af4:1005] type 00 class 0x100000
May 30 15:16:23 1ea786539a1e kernel: pci 0000:00:04.0: reg 0x10: [io  0x2120-0x213f]
May 30 15:16:23 1ea786539a1e kernel: pci 0000:00:04.0: reg 0x14: [mem 0xc0006000-0xc0007fff]
May 30 15:16:23 1ea786539a1e kernel: pci 0000:00:04.0: reg 0x30: [mem 0x00000000-0x000007ff pref]
May 30 15:16:23 1ea786539a1e kernel: pci 0000:00:1f.0: [8086:7000] type 00 class 0x060100
May 30 15:16:23 1ea786539a1e kernel: pci 0000:00:1f.0: reg 0x30: [mem 0x00000000-0x000007ff pref]
May 30 15:16:23 1ea786539a1e kernel: ACPI: PCI Interrupt Link [LNKA] (IRQs 3 4 *5 6 7 9 10 11 12 14 15)
May 30 15:16:23 1ea786539a1e kernel: ACPI: PCI Interrupt Link [LNKB] (IRQs 3 4 5 *6 7 9 10 11 12 14 15)
May 30 15:16:23 1ea786539a1e kernel: ACPI: PCI Interrupt Link [LNKC] (IRQs 3 4 5 6 *7 9 10 11 12 14 15)
May 30 15:16:23 1ea786539a1e kernel: ACPI: PCI Interrupt Link [LNKD] (IRQs 3 4 5 6 7 9 *10 11 12 14 15)
May 30 15:16:23 1ea786539a1e kernel: ACPI: PCI Interrupt Link [LNKE] (IRQs 3 4 5 6 7 9 10 11 12 14 15) *0, disabled.
May 30 15:16:23 1ea786539a1e kernel: ACPI: PCI Interrupt Link [LNKF] (IRQs 3 4 5 6 7 9 10 11 12 14 15) *0, disabled.
May 30 15:16:23 1ea786539a1e kernel: ACPI: PCI Interrupt Link [LNKG] (IRQs 3 4 5 6 7 9 10 11 12 14 15) *0, disabled.
May 30 15:16:23 1ea786539a1e kernel: ACPI: PCI Interrupt Link [LNKH] (IRQs 3 4 5 6 7 9 10 11 12 14 15) *0, disabled.
May 30 15:16:23 1ea786539a1e kernel: SCSI subsystem initialized
May 30 15:16:23 1ea786539a1e kernel: ACPI: bus type USB registered
May 30 15:16:23 1ea786539a1e kernel: usbcore: registered new interface driver usbfs
May 30 15:16:23 1ea786539a1e kernel: usbcore: registered new interface driver hub
May 30 15:16:23 1ea786539a1e kernel: usbcore: registered new device driver usb
May 30 15:16:23 1ea786539a1e kernel: pps_core: LinuxPPS API ver. 1 registered
May 30 15:16:23 1ea786539a1e kernel: pps_core: Software ver. 5.3.6 - Copyright 2005-2007 Rodolfo Giometti <giometti@linux.it>
May 30 15:16:23 1ea786539a1e kernel: PTP clock support registered
May 30 15:16:23 1ea786539a1e kernel: NetLabel: Initializing
May 30 15:16:23 1ea786539a1e kernel: NetLabel:  domain hash size = 128
May 30 15:16:23 1ea786539a1e kernel: NetLabel:  protocols = UNLABELED CIPSOv4 CALIPSO
May 30 15:16:23 1ea786539a1e kernel: NetLabel:  unlabeled traffic allowed by default
May 30 15:16:23 1ea786539a1e kernel: PCI: Using ACPI for IRQ routing
May 30 15:16:23 1ea786539a1e kernel: hpet0: at MMIO 0xfed00000, IRQs 2, 8, 0, 0, 0, 0, 0, 0
May 30 15:16:23 1ea786539a1e kernel: hpet0: 8 comparators, 32-bit 10.000000 MHz counter
May 30 15:16:23 1ea786539a1e kernel: clocksource: Switched to clocksource tsc-early
May 30 15:16:23 1ea786539a1e kernel: VFS: Disk quotas dquot_6.6.0
May 30 15:16:23 1ea786539a1e kernel: VFS: Dquot-cache hash table entries: 512 (order 0, 4096 bytes)
May 30 15:16:23 1ea786539a1e kernel: FS-Cache: Loaded
May 30 15:16:23 1ea786539a1e kernel: CacheFiles: Loaded
May 30 15:16:23 1ea786539a1e kernel: pnp: PnP ACPI init
May 30 15:16:23 1ea786539a1e kernel: system 00:00: [io  0x0220-0x0223] has been reserved
May 30 15:16:23 1ea786539a1e kernel: system 00:00: [io  0x0224-0x0227] has been reserved
May 30 15:16:23 1ea786539a1e kernel: system 00:00: [io  0x04d0-0x04d1] has been reserved
May 30 15:16:23 1ea786539a1e kernel: system 00:00: [io  0x0400-0x0407] has been reserved
May 30 15:16:23 1ea786539a1e kernel: system 00:00: [mem 0xe0000000-0xefffffff] has been reserved
May 30 15:16:23 1ea786539a1e kernel: pnp: PnP ACPI: found 4 devices
May 30 15:16:23 1ea786539a1e kernel: clocksource: acpi_pm: mask: 0xffffff max_cycles: 0xffffff, max_idle_ns: 2085701024 ns
May 30 15:16:23 1ea786539a1e kernel: NET: Registered protocol family 2
May 30 15:16:23 1ea786539a1e kernel: tcp_listen_portaddr_hash hash table entries: 2048 (order: 3, 32768 bytes, linear)
May 30 15:16:23 1ea786539a1e kernel: TCP established hash table entries: 32768 (order: 6, 262144 bytes, linear)
May 30 15:16:23 1ea786539a1e kernel: TCP bind hash table entries: 32768 (order: 7, 524288 bytes, linear)
May 30 15:16:23 1ea786539a1e kernel: TCP: Hash tables configured (established 32768 bind 32768)
May 30 15:16:23 1ea786539a1e kernel: UDP hash table entries: 2048 (order: 4, 65536 bytes, linear)
May 30 15:16:23 1ea786539a1e kernel: UDP-Lite hash table entries: 2048 (order: 4, 65536 bytes, linear)
May 30 15:16:23 1ea786539a1e kernel: NET: Registered protocol family 1
May 30 15:16:23 1ea786539a1e kernel: NET: Registered protocol family 44
May 30 15:16:23 1ea786539a1e kernel: pci 0000:00:01.0: BAR 6: assigned [mem 0xc0008000-0xc00087ff pref]
May 30 15:16:23 1ea786539a1e kernel: pci 0000:00:02.0: BAR 6: assigned [mem 0xc0008800-0xc0008fff pref]
May 30 15:16:23 1ea786539a1e kernel: pci 0000:00:03.0: BAR 6: assigned [mem 0xc0009000-0xc00097ff pref]
May 30 15:16:23 1ea786539a1e kernel: pci 0000:00:04.0: BAR 6: assigned [mem 0xc0009800-0xc0009fff pref]
May 30 15:16:23 1ea786539a1e kernel: pci 0000:00:1f.0: BAR 6: assigned [mem 0xc000a000-0xc000a7ff pref]
May 30 15:16:23 1ea786539a1e kernel: pci_bus 0000:00: resource 4 [io  0x0000-0x0cf7 window]
May 30 15:16:23 1ea786539a1e kernel: pci_bus 0000:00: resource 5 [io  0x0d00-0x1fff window]
May 30 15:16:23 1ea786539a1e kernel: pci_bus 0000:00: resource 6 [io  0x2000-0x215f window]
May 30 15:16:23 1ea786539a1e kernel: pci_bus 0000:00: resource 7 [mem 0x00000000-0x7fffffffff window]
May 30 15:16:23 1ea786539a1e kernel: pci 0000:00:1f.0: Activating ISA DMA hang workarounds
May 30 15:16:23 1ea786539a1e kernel: PCI: CLS 0 bytes, default 64
May 30 15:16:23 1ea786539a1e kernel: Trying to unpack rootfs image as initramfs...
May 30 15:16:23 1ea786539a1e kernel: Freeing initrd memory: 130928K
May 30 15:16:23 1ea786539a1e kernel: PCI-DMA: Using software bounce buffering for IO (SWIOTLB)
May 30 15:16:23 1ea786539a1e kernel: software IO TLB: mapped [mem 0x00000000bc000000-0x00000000c0000000] (64MB)
May 30 15:16:23 1ea786539a1e kernel: RAPL PMU: API unit is 2^-32 Joules, 0 fixed counters, 163840 ms ovfl timer
May 30 15:16:23 1ea786539a1e kernel: workingset: timestamp_bits=46 max_order=20 bucket_order=0
May 30 15:16:23 1ea786539a1e kernel: squashfs: version 4.0 (2009/01/31) Phillip Lougher
May 30 15:16:23 1ea786539a1e kernel: FS-Cache: Netfs 'cifs' registered for caching
May 30 15:16:23 1ea786539a1e kernel: Key type cifs.idmap registered
May 30 15:16:23 1ea786539a1e kernel: fuse: init (API version 7.32)
May 30 15:16:23 1ea786539a1e kernel: SGI XFS with ACLs, security attributes, quota, no debug enabled
May 30 15:16:23 1ea786539a1e kernel: 9p: Installing v9fs 9p2000 file system support
May 30 15:16:23 1ea786539a1e kernel: FS-Cache: Netfs '9p' registered for caching
May 30 15:16:23 1ea786539a1e kernel: NET: Registered protocol family 38
May 30 15:16:23 1ea786539a1e kernel: Key type asymmetric registered
May 30 15:16:23 1ea786539a1e kernel: Asymmetric key parser 'x509' registered
May 30 15:16:23 1ea786539a1e kernel: Block layer SCSI generic (bsg) driver version 0.4 loaded (major 247)
May 30 15:16:23 1ea786539a1e kernel: io scheduler mq-deadline registered
May 30 15:16:23 1ea786539a1e kernel: io scheduler kyber registered
May 30 15:16:23 1ea786539a1e kernel: io scheduler bfq registered
May 30 15:16:23 1ea786539a1e kernel: shpchp: Standard Hot Plug PCI Controller Driver version: 0.4
May 30 15:16:23 1ea786539a1e kernel: hv_vmbus: registering driver hyperv_fb
May 30 15:16:23 1ea786539a1e kernel: input: Power Button as /devices/LNXSYSTM:00/LNXPWRBN:00/input/input0
May 30 15:16:23 1ea786539a1e kernel: ACPI: Power Button [PWRF]
May 30 15:16:23 1ea786539a1e kernel: virtio-pci 0000:00:01.0: virtio_pci: leaving for legacy driver
May 30 15:16:23 1ea786539a1e kernel: virtio-pci 0000:00:02.0: virtio_pci: leaving for legacy driver
May 30 15:16:23 1ea786539a1e kernel: virtio-pci 0000:00:03.0: virtio_pci: leaving for legacy driver
May 30 15:16:23 1ea786539a1e kernel: virtio-pci 0000:00:04.0: virtio_pci: leaving for legacy driver
May 30 15:16:23 1ea786539a1e kernel: Serial: 8250/16550 driver, 4 ports, IRQ sharing disabled
May 30 15:16:23 1ea786539a1e kernel: 00:01: ttyS0 at I/O 0x3f8 (irq = 4, base_baud = 115200) is a 16550A
May 30 15:16:23 1ea786539a1e kernel: 00:02: ttyS1 at I/O 0x2f8 (irq = 3, base_baud = 115200) is a 16550A
May 30 15:16:23 1ea786539a1e kernel: Non-volatile memory driver v1.3
May 30 15:16:23 1ea786539a1e kernel: Hangcheck: starting hangcheck timer 0.9.1 (tick is 180 seconds, margin is 60 seconds).
May 30 15:16:23 1ea786539a1e kernel: random: fast init done
May 30 15:16:23 1ea786539a1e kernel: random: crng init done
May 30 15:16:23 1ea786539a1e kernel: brd: module loaded
May 30 15:16:23 1ea786539a1e kernel: loop: module loaded
May 30 15:16:23 1ea786539a1e kernel: virtio_blk virtio1: [vda] 536870912 512-byte logical blocks (275 GB/256 GiB)
May 30 15:16:23 1ea786539a1e kernel: vda: detected capacity change from 0 to 274877906944
May 30 15:16:23 1ea786539a1e kernel: vda: vda1
May 30 15:16:23 1ea786539a1e kernel: VMware PVSCSI driver - version 1.0.7.0-k
May 30 15:16:23 1ea786539a1e kernel: hv_vmbus: registering driver hv_storvsc
May 30 15:16:23 1ea786539a1e kernel: tun: Universal TUN/TAP device driver, 1.6
May 30 15:16:23 1ea786539a1e kernel: VMware vmxnet3 virtual NIC driver - version 1.5.0.0-k-NAPI
May 30 15:16:23 1ea786539a1e kernel: hv_vmbus: registering driver hv_netvsc
May 30 15:16:23 1ea786539a1e kernel: Fusion MPT base driver 3.04.20
May 30 15:16:23 1ea786539a1e kernel: Copyright (c) 1999-2008 LSI Corporation
May 30 15:16:23 1ea786539a1e kernel: Fusion MPT SPI Host driver 3.04.20
May 30 15:16:23 1ea786539a1e kernel: i8042: PNP: No PS/2 controller found.
May 30 15:16:23 1ea786539a1e kernel: hv_vmbus: registering driver hyperv_keyboard
May 30 15:16:23 1ea786539a1e kernel: mousedev: PS/2 mouse device common for all mice
May 30 15:16:23 1ea786539a1e kernel: input: PC Speaker as /devices/platform/pcspkr/input/input1
May 30 15:16:23 1ea786539a1e kernel: ACPI Error: Could not enable RealTimeClock event (20200925/evxfevnt-182)
May 30 15:16:23 1ea786539a1e kernel: ACPI Warning: Could not enable fixed event - RealTimeClock (4) (20200925/evxface-618)
May 30 15:16:23 1ea786539a1e kernel: rtc_cmos 00:03: registered as rtc0
May 30 15:16:23 1ea786539a1e kernel: rtc_cmos 00:03: setting system clock to 2021-05-30T19:14:22 UTC (1622402062)
May 30 15:16:23 1ea786539a1e kernel: rtc_cmos 00:03: alarms up to one day, y3k, 114 bytes nvram
May 30 15:16:23 1ea786539a1e kernel: i2c /dev entries driver
May 30 15:16:23 1ea786539a1e kernel: device-mapper: ioctl: 4.43.0-ioctl (2020-10-01) initialised: dm-devel@redhat.com
May 30 15:16:23 1ea786539a1e kernel: intel_pstate: CPU model not supported
May 30 15:16:23 1ea786539a1e kernel: usbcore: registered new interface driver usbhid
May 30 15:16:23 1ea786539a1e kernel: usbhid: USB HID core driver
May 30 15:16:23 1ea786539a1e kernel: hv_utils: Registering HyperV Utility Driver
May 30 15:16:23 1ea786539a1e kernel: hv_vmbus: registering driver hv_utils
May 30 15:16:23 1ea786539a1e kernel: hv_vmbus: registering driver hv_balloon
May 30 15:16:23 1ea786539a1e kernel: GACT probability on
May 30 15:16:23 1ea786539a1e kernel: Mirror/redirect action on
May 30 15:16:23 1ea786539a1e kernel: Simple TC action Loaded
May 30 15:16:23 1ea786539a1e kernel: u32 classifier
May 30 15:16:23 1ea786539a1e kernel:    Performance counters on
May 30 15:16:23 1ea786539a1e kernel:    input device check on
May 30 15:16:23 1ea786539a1e kernel:    Actions configured
May 30 15:16:23 1ea786539a1e kernel: xt_time: kernel timezone is -0000
May 30 15:16:23 1ea786539a1e kernel: IPVS: Registered protocols (TCP, UDP, SCTP, AH, ESP)
May 30 15:16:23 1ea786539a1e kernel: IPVS: Connection hash table configured (size=4096, memory=64Kbytes)
May 30 15:16:23 1ea786539a1e kernel: IPVS: ipvs loaded.
May 30 15:16:23 1ea786539a1e kernel: IPVS: [rr] scheduler registered.
May 30 15:16:23 1ea786539a1e kernel: IPVS: [wrr] scheduler registered.
May 30 15:16:23 1ea786539a1e kernel: IPVS: [lc] scheduler registered.
May 30 15:16:23 1ea786539a1e kernel: IPVS: [wlc] scheduler registered.
May 30 15:16:23 1ea786539a1e kernel: IPVS: [fo] scheduler registered.
May 30 15:16:23 1ea786539a1e kernel: IPVS: [ovf] scheduler registered.
May 30 15:16:23 1ea786539a1e kernel: IPVS: [lblc] scheduler registered.
May 30 15:16:23 1ea786539a1e kernel: IPVS: [lblcr] scheduler registered.
May 30 15:16:23 1ea786539a1e kernel: IPVS: [dh] scheduler registered.
May 30 15:16:23 1ea786539a1e kernel: IPVS: [sh] scheduler registered.
May 30 15:16:23 1ea786539a1e kernel: IPVS: [mh] scheduler registered.
May 30 15:16:23 1ea786539a1e kernel: IPVS: [sed] scheduler registered.
May 30 15:16:23 1ea786539a1e kernel: IPVS: [nq] scheduler registered.
May 30 15:16:23 1ea786539a1e kernel: IPVS: ftp: loaded support on port[0] = 21
May 30 15:16:23 1ea786539a1e kernel: ipip: IPv4 and MPLS over IPv4 tunneling driver
May 30 15:16:23 1ea786539a1e kernel: gre: GRE over IPv4 demultiplexor driver
May 30 15:16:23 1ea786539a1e kernel: ipt_CLUSTERIP: ClusterIP Version 0.8 loaded successfully
May 30 15:16:23 1ea786539a1e kernel: NET: Registered protocol family 10
May 30 15:16:23 1ea786539a1e kernel: Segment Routing with IPv6
May 30 15:16:23 1ea786539a1e kernel: NET: Registered protocol family 17
May 30 15:16:23 1ea786539a1e kernel: Bridge firewalling registered
May 30 15:16:23 1ea786539a1e kernel: 8021q: 802.1Q VLAN Support v1.8
May 30 15:16:23 1ea786539a1e kernel: 9pnet: Installing 9P2000 support
May 30 15:16:23 1ea786539a1e kernel: Key type dns_resolver registered
May 30 15:16:23 1ea786539a1e kernel: oprofile: using NMI timer interrupt.
May 30 15:16:23 1ea786539a1e kernel: IPI shorthand broadcast: enabled
May 30 15:16:23 1ea786539a1e kernel: AVX2 version of gcm_enc/dec engaged.
May 30 15:16:23 1ea786539a1e kernel: AES CTR mode by8 optimization enabled
May 30 15:16:23 1ea786539a1e kernel: sched_clock: Marking stable (6583939576, 44936426)->(6770233474, -141357472)
May 30 15:16:23 1ea786539a1e kernel: registered taskstats version 1
May 30 15:16:23 1ea786539a1e kernel: Key type ._fscrypt registered
May 30 15:16:23 1ea786539a1e kernel: Key type .fscrypt registered
May 30 15:16:23 1ea786539a1e kernel: Key type fscrypt-provisioning registered
May 30 15:16:23 1ea786539a1e kernel: Key type encrypted registered
May 30 15:16:23 1ea786539a1e kernel: ima: No TPM chip found, activating TPM-bypass!
May 30 15:16:23 1ea786539a1e kernel: ima: Allocated hash algorithm: sha256
May 30 15:16:23 1ea786539a1e kernel: ima: No architecture policies found
May 30 15:16:23 1ea786539a1e kernel: evm: Initialising EVM extended attributes:
May 30 15:16:23 1ea786539a1e kernel: evm: security.ima
May 30 15:16:23 1ea786539a1e kernel: evm: security.capability
May 30 15:16:23 1ea786539a1e kernel: evm: HMAC attrs: 0x1
May 30 15:16:23 1ea786539a1e kernel: Freeing unused kernel image (initmem) memory: 1608K
May 30 15:16:23 1ea786539a1e kernel: Write protecting the kernel read-only data: 20480k
May 30 15:16:23 1ea786539a1e kernel: Freeing unused kernel image (text/rodata gap) memory: 2032K
May 30 15:16:23 1ea786539a1e kernel: Freeing unused kernel image (rodata/data gap) memory: 560K
May 30 15:16:23 1ea786539a1e kernel: Run /init as init process
May 30 15:16:23 1ea786539a1e kernel: NET: Registered protocol family 40
May 30 15:16:23 1ea786539a1e kernel: tsc: Refined TSC clocksource calibration: 2302.357 MHz
May 30 15:16:23 1ea786539a1e kernel: clocksource: tsc: mask: 0xffffffffffffffff max_cycles: 0x212fe7b4a77, max_idle_ns: 440795219271 ns
May 30 15:16:23 1ea786539a1e kernel: clocksource: Switched to clocksource tsc
May 30 15:16:23 1ea786539a1e kernel: cgroup: cgroup: disabling cgroup2 socket matching due to net_prio or net_cls activation
May 30 15:16:23 1ea786539a1e kernel: IPVS: ftp: loaded support on port[0] = 21
May 30 15:16:23 1ea786539a1e kernel: IPVS: ftp: loaded support on port[0] = 21
May 30 15:16:23 1ea786539a1e kernel: IPVS: ftp: loaded support on port[0] = 21
May 30 15:16:23 1ea786539a1e kernel: IPVS: ftp: loaded support on port[0] = 21
May 30 15:16:23 1ea786539a1e kernel: EXT4-fs (vda1): mounted filesystem with ordered data mode. Opts: (null)
May 30 15:16:23 1ea786539a1e kernel: IPVS: ftp: loaded support on port[0] = 21
May 30 15:16:23 1ea786539a1e kernel: IPv6: ADDRCONF(NETDEV_CHANGE): services1: link becomes ready
May 30 15:16:23 1ea786539a1e kernel: IPv6: ADDRCONF(NETDEV_CHANGE): services0: link becomes ready
May 30 15:16:23 1ea786539a1e kernel: IPVS: ftp: loaded support on port[0] = 21
May 30 15:16:23 1ea786539a1e kernel: Adding 1048572k swap on /var/lib/swap.  Priority:-2 extents:5 across:1081340k 
May 30 15:16:23 1ea786539a1e kernel: binfmt_misc: register: failed to install interpreter file /usr/bin/qemu-i386
May 30 15:16:23 1ea786539a1e kernel: bpfilter: Loaded bpfilter_umh pid 1515
May 30 15:16:23 1ea786539a1e kernel: bpfilter: write fail -32
May 30 15:16:23 1ea786539a1e kernel: bpfilter: Loaded bpfilter_umh pid 1549
May 30 15:16:23 1ea786539a1e kernel: bpfilter: read fail 0
May 30 15:16:23 1ea786539a1e kernel: bpfilter: Loaded bpfilter_umh pid 1576
May 30 15:16:23 1ea786539a1e kernel: bpfilter: write fail -32
May 30 15:16:23 1ea786539a1e kernel: bpfilter: Loaded bpfilter_umh pid 1594
May 30 15:16:23 1ea786539a1e kernel: bpfilter: write fail -32
May 30 15:16:23 1ea786539a1e kernel: bpfilter: Loaded bpfilter_umh pid 1635
May 30 15:16:23 1ea786539a1e kernel: bpfilter: read fail 0
May 30 15:16:23 1ea786539a1e kernel: bpfilter: Loaded bpfilter_umh pid 1651
May 30 15:16:23 1ea786539a1e kernel: bpfilter: write fail -32
May 30 15:16:23 1ea786539a1e kernel: bpfilter: Loaded bpfilter_umh pid 1685
May 30 15:16:23 1ea786539a1e kernel: bpfilter: write fail -32
May 30 15:16:23 1ea786539a1e kernel: bpfilter: Loaded bpfilter_umh pid 1708
May 30 15:16:23 1ea786539a1e kernel: bpfilter: read fail 0
May 30 15:16:23 1ea786539a1e kernel: bpfilter: Loaded bpfilter_umh pid 1734
May 30 15:16:23 1ea786539a1e kernel: bpfilter: write fail -32
May 30 15:16:23 1ea786539a1e kernel: bpfilter: Loaded bpfilter_umh pid 1751
May 30 15:16:23 1ea786539a1e kernel: bpfilter: read fail 0
May 30 15:16:23 1ea786539a1e kernel: bpfilter: Loaded bpfilter_umh pid 1764
May 30 15:16:23 1ea786539a1e kernel: bpfilter: write fail -32
May 30 15:16:23 1ea786539a1e kernel: grpcfuse: loading out-of-tree module taints kernel.
May 30 15:16:23 1ea786539a1e kernel: grpcfuse module loaded
May 30 15:16:23 1ea786539a1e kernel: bpfilter: Loaded bpfilter_umh pid 1778
May 30 15:16:23 1ea786539a1e kernel: bpfilter: write fail -32
May 30 15:16:23 1ea786539a1e kernel: bpfilter: Loaded bpfilter_umh pid 1781
May 30 15:16:23 1ea786539a1e kernel: bpfilter: write fail -32
May 30 15:16:23 1ea786539a1e kernel: bpfilter: Loaded bpfilter_umh pid 1783
May 30 15:16:23 1ea786539a1e kernel: bpfilter: write fail -32
May 30 15:16:23 1ea786539a1e kernel: bpfilter: Loaded bpfilter_umh pid 1785
May 30 15:16:23 1ea786539a1e kernel: bpfilter: write fail -32
May 30 15:16:23 1ea786539a1e kernel: bpfilter: Loaded bpfilter_umh pid 1787
May 30 15:16:23 1ea786539a1e kernel: bpfilter: write fail -32
May 30 15:16:23 1ea786539a1e kernel: bpfilter: Loaded bpfilter_umh pid 1790
May 30 15:16:23 1ea786539a1e kernel: bpfilter: write fail -32
May 30 15:16:23 1ea786539a1e kernel: bpfilter: Loaded bpfilter_umh pid 1792
May 30 15:16:23 1ea786539a1e kernel: bpfilter: write fail -32
May 30 15:16:23 1ea786539a1e kernel: bpfilter: Loaded bpfilter_umh pid 1794
May 30 15:16:23 1ea786539a1e kernel: bpfilter: write fail -32
May 30 15:16:23 1ea786539a1e kernel: bpfilter: Loaded bpfilter_umh pid 1796
May 30 15:16:23 1ea786539a1e kernel: bpfilter: write fail -32
May 30 15:16:23 1ea786539a1e kernel: bpfilter: Loaded bpfilter_umh pid 1799
May 30 15:16:23 1ea786539a1e kernel: bpfilter: write fail -32
May 30 15:16:23 1ea786539a1e kernel: bpfilter: Loaded bpfilter_umh pid 1801
May 30 15:16:23 1ea786539a1e kernel: bpfilter: write fail -32
May 30 15:16:23 1ea786539a1e kernel: bpfilter: Loaded bpfilter_umh pid 1803
May 30 15:16:23 1ea786539a1e kernel: bpfilter: write fail -32
May 30 15:16:23 1ea786539a1e kernel: bpfilter: Loaded bpfilter_umh pid 1805
May 30 15:16:23 1ea786539a1e kernel: bpfilter: write fail -32
May 30 15:16:23 1ea786539a1e kernel: bpfilter: Loaded bpfilter_umh pid 1808
May 30 15:16:23 1ea786539a1e kernel: bpfilter: write fail -32
May 30 15:16:23 1ea786539a1e kernel: bpfilter: Loaded bpfilter_umh pid 1817
May 30 15:16:23 1ea786539a1e kernel: bpfilter: write fail -32
May 30 15:16:23 1ea786539a1e kernel: bpfilter: Loaded bpfilter_umh pid 1820
May 30 15:16:23 1ea786539a1e kernel: bpfilter: write fail -32
May 30 15:16:23 1ea786539a1e kernel: bpfilter: Loaded bpfilter_umh pid 1822
May 30 15:16:23 1ea786539a1e kernel: bpfilter: write fail -32
May 30 15:16:23 1ea786539a1e kernel: bpfilter: Loaded bpfilter_umh pid 1831
May 30 15:16:23 1ea786539a1e kernel: bpfilter: write fail -32
May 30 15:16:23 1ea786539a1e kernel: bpfilter: Loaded bpfilter_umh pid 1838
May 30 15:16:23 1ea786539a1e kernel: bpfilter: write fail -32
May 30 15:16:23 1ea786539a1e kernel: bpfilter: Loaded bpfilter_umh pid 1840
May 30 15:16:23 1ea786539a1e kernel: bpfilter: write fail -32
May 30 15:16:23 1ea786539a1e kernel: bpfilter: Loaded bpfilter_umh pid 1844
May 30 15:16:23 1ea786539a1e kernel: bpfilter: write fail -32
May 30 15:16:23 1ea786539a1e kernel: bpfilter: Loaded bpfilter_umh pid 1851
May 30 15:16:23 1ea786539a1e kernel: bpfilter: write fail -32
May 30 15:16:23 1ea786539a1e kernel: bpfilter: Loaded bpfilter_umh pid 1853
May 30 15:16:23 1ea786539a1e kernel: bpfilter: write fail -32
May 30 15:16:23 1ea786539a1e kernel: bpfilter: Loaded bpfilter_umh pid 1856
May 30 15:16:23 1ea786539a1e kernel: bpfilter: write fail -32
May 30 15:16:23 1ea786539a1e kernel: bpfilter: Loaded bpfilter_umh pid 1858
May 30 15:16:23 1ea786539a1e kernel: bpfilter: write fail -32
May 30 15:16:23 1ea786539a1e kernel: bpfilter: Loaded bpfilter_umh pid 1862
May 30 15:16:23 1ea786539a1e kernel: bpfilter: write fail -32
May 30 15:16:23 1ea786539a1e kernel: bpfilter: Loaded bpfilter_umh pid 1864
May 30 15:16:23 1ea786539a1e kernel: bpfilter: write fail -32
May 30 15:16:23 1ea786539a1e kernel: bpfilter: Loaded bpfilter_umh pid 1867
May 30 15:16:23 1ea786539a1e kernel: bpfilter: write fail -32
May 30 15:16:23 1ea786539a1e kernel: bpfilter: Loaded bpfilter_umh pid 1869
May 30 15:16:23 1ea786539a1e kernel: bpfilter: write fail -32
May 30 15:16:23 1ea786539a1e kernel: bpfilter: Loaded bpfilter_umh pid 1871
May 30 15:16:23 1ea786539a1e kernel: bpfilter: write fail -32
May 30 15:16:23 1ea786539a1e kernel: bpfilter: Loaded bpfilter_umh pid 1873
May 30 15:16:23 1ea786539a1e kernel: bpfilter: write fail -32
May 30 15:16:23 1ea786539a1e kernel: bpfilter: Loaded bpfilter_umh pid 1875
May 30 15:16:23 1ea786539a1e kernel: bpfilter: write fail -32
May 30 15:16:23 1ea786539a1e kernel: bpfilter: Loaded bpfilter_umh pid 1878
May 30 15:16:23 1ea786539a1e kernel: bpfilter: write fail -32
May 30 15:16:23 1ea786539a1e kernel: bpfilter: Loaded bpfilter_umh pid 1880
May 30 15:16:23 1ea786539a1e kernel: bpfilter: write fail -32
May 30 15:16:23 1ea786539a1e kernel: bpfilter: Loaded bpfilter_umh pid 1882
May 30 15:16:23 1ea786539a1e kernel: bpfilter: write fail -32
May 30 15:16:23 1ea786539a1e kernel: bpfilter: Loaded bpfilter_umh pid 1884
May 30 15:16:23 1ea786539a1e kernel: bpfilter: write fail -32
May 30 15:16:23 1ea786539a1e kernel: bpfilter: Loaded bpfilter_umh pid 1886
May 30 15:16:23 1ea786539a1e kernel: bpfilter: write fail -32
May 30 15:16:23 1ea786539a1e kernel: bpfilter: Loaded bpfilter_umh pid 1889
May 30 15:16:23 1ea786539a1e kernel: bpfilter: write fail -32
May 30 15:16:23 1ea786539a1e kernel: bpfilter: Loaded bpfilter_umh pid 1891
May 30 15:16:23 1ea786539a1e kernel: bpfilter: write fail -32
May 30 15:16:23 1ea786539a1e kernel: bpfilter: Loaded bpfilter_umh pid 1893
May 30 15:16:23 1ea786539a1e kernel: bpfilter: write fail -32
May 30 15:16:23 1ea786539a1e kernel: bpfilter: Loaded bpfilter_umh pid 1895
May 30 15:16:23 1ea786539a1e kernel: bpfilter: write fail -32
May 30 15:16:23 1ea786539a1e kernel: bpfilter: Loaded bpfilter_umh pid 1897
May 30 15:16:23 1ea786539a1e kernel: bpfilter: write fail -32
May 30 15:16:23 1ea786539a1e kernel: bpfilter: Loaded bpfilter_umh pid 1900
May 30 15:16:23 1ea786539a1e kernel: bpfilter: write fail -32
May 30 15:16:23 1ea786539a1e kernel: bpfilter: Loaded bpfilter_umh pid 1902
May 30 15:16:23 1ea786539a1e kernel: bpfilter: write fail -32
May 30 15:16:23 1ea786539a1e kernel: bpfilter: Loaded bpfilter_umh pid 1905
May 30 15:16:23 1ea786539a1e kernel: bpfilter: write fail -32
May 30 15:16:23 1ea786539a1e kernel: bpfilter: Loaded bpfilter_umh pid 1907
May 30 15:16:23 1ea786539a1e kernel: bpfilter: write fail -32
May 30 15:16:23 1ea786539a1e kernel: bpfilter: Loaded bpfilter_umh pid 1910
May 30 15:16:23 1ea786539a1e kernel: bpfilter: write fail -32
May 30 15:16:23 1ea786539a1e kernel: bpfilter: Loaded bpfilter_umh pid 1912
May 30 15:16:23 1ea786539a1e kernel: bpfilter: write fail -32
May 30 15:16:23 1ea786539a1e kernel: bpfilter: Loaded bpfilter_umh pid 1915
May 30 15:16:23 1ea786539a1e kernel: bpfilter: write fail -32
May 30 15:16:23 1ea786539a1e kernel: bpfilter: Loaded bpfilter_umh pid 1917
May 30 15:16:23 1ea786539a1e kernel: bpfilter: write fail -32
May 30 15:16:23 1ea786539a1e kernel: bpfilter: Loaded bpfilter_umh pid 1920
May 30 15:16:23 1ea786539a1e kernel: bpfilter: write fail -32
May 30 15:16:23 1ea786539a1e kernel: bpfilter: Loaded bpfilter_umh pid 1922
May 30 15:16:23 1ea786539a1e kernel: bpfilter: write fail -32
May 30 15:16:23 1ea786539a1e kernel: bpfilter: Loaded bpfilter_umh pid 1925
May 30 15:16:23 1ea786539a1e kernel: bpfilter: write fail -32
May 30 15:16:23 1ea786539a1e kernel: bpfilter: Loaded bpfilter_umh pid 1927
May 30 15:16:23 1ea786539a1e kernel: bpfilter: write fail -32
May 30 15:16:23 1ea786539a1e kernel: bpfilter: Loaded bpfilter_umh pid 1930
May 30 15:16:23 1ea786539a1e kernel: bpfilter: write fail -32
May 30 15:16:23 1ea786539a1e kernel: bpfilter: Loaded bpfilter_umh pid 1932
May 30 15:16:23 1ea786539a1e kernel: bpfilter: write fail -32
May 30 15:16:23 1ea786539a1e kernel: bpfilter: Loaded bpfilter_umh pid 1935
May 30 15:16:23 1ea786539a1e kernel: bpfilter: write fail -32
May 30 15:16:23 1ea786539a1e kernel: bpfilter: Loaded bpfilter_umh pid 1937
May 30 15:16:23 1ea786539a1e kernel: bpfilter: write fail -32
May 30 15:16:23 1ea786539a1e kernel: bpfilter: Loaded bpfilter_umh pid 1940
May 30 15:16:23 1ea786539a1e kernel: bpfilter: write fail -32
May 30 15:16:23 1ea786539a1e kernel: bpfilter: Loaded bpfilter_umh pid 1942
May 30 15:16:23 1ea786539a1e kernel: bpfilter: write fail -32
May 30 15:16:23 1ea786539a1e kernel: bpfilter: Loaded bpfilter_umh pid 1945
May 30 15:16:23 1ea786539a1e kernel: bpfilter: write fail -32
May 30 15:16:23 1ea786539a1e kernel: bpfilter: Loaded bpfilter_umh pid 1947
May 30 15:16:23 1ea786539a1e kernel: bpfilter: write fail -32
May 30 15:16:23 1ea786539a1e kernel: bpfilter: Loaded bpfilter_umh pid 1950
May 30 15:16:23 1ea786539a1e kernel: bpfilter: write fail -32
May 30 15:16:23 1ea786539a1e kernel: bpfilter: Loaded bpfilter_umh pid 1952
May 30 15:16:23 1ea786539a1e kernel: bpfilter: write fail -32
May 30 15:16:23 1ea786539a1e kernel: bpfilter: Loaded bpfilter_umh pid 1955
May 30 15:16:23 1ea786539a1e kernel: bpfilter: write fail -32
May 30 15:16:23 1ea786539a1e kernel: bpfilter: Loaded bpfilter_umh pid 1957
May 30 15:16:23 1ea786539a1e kernel: bpfilter: write fail -32
May 30 15:16:23 1ea786539a1e kernel: bpfilter: Loaded bpfilter_umh pid 1960
May 30 15:16:23 1ea786539a1e kernel: bpfilter: write fail -32
May 30 15:16:23 1ea786539a1e kernel: bpfilter: Loaded bpfilter_umh pid 1962
May 30 15:16:23 1ea786539a1e kernel: bpfilter: write fail -32
May 30 15:16:23 1ea786539a1e kernel: bpfilter: Loaded bpfilter_umh pid 1965
May 30 15:16:23 1ea786539a1e kernel: bpfilter: write fail -32
May 30 15:16:23 1ea786539a1e kernel: bpfilter: Loaded bpfilter_umh pid 1967
May 30 15:16:23 1ea786539a1e kernel: bpfilter: write fail -32
May 30 15:16:23 1ea786539a1e kernel: bpfilter: Loaded bpfilter_umh pid 1969
May 30 15:16:23 1ea786539a1e kernel: bpfilter: write fail -32
May 30 15:16:23 1ea786539a1e kernel: bpfilter: Loaded bpfilter_umh pid 1971
May 30 15:16:23 1ea786539a1e kernel: bpfilter: write fail -32
May 30 15:16:23 1ea786539a1e kernel: bpfilter: Loaded bpfilter_umh pid 1974
May 30 15:16:23 1ea786539a1e kernel: bpfilter: write fail -32
May 30 15:16:23 1ea786539a1e kernel: bpfilter: Loaded bpfilter_umh pid 1976
May 30 15:16:23 1ea786539a1e kernel: bpfilter: write fail -32
May 30 15:16:23 1ea786539a1e kernel: bpfilter: Loaded bpfilter_umh pid 1979
May 30 15:16:23 1ea786539a1e kernel: bpfilter: write fail -32
May 30 15:16:23 1ea786539a1e kernel: bpfilter: Loaded bpfilter_umh pid 1981
May 30 15:16:23 1ea786539a1e kernel: bpfilter: write fail -32
May 30 15:16:23 1ea786539a1e kernel: bpfilter: Loaded bpfilter_umh pid 1983
May 30 15:16:23 1ea786539a1e kernel: bpfilter: write fail -32
May 30 15:16:23 1ea786539a1e kernel: bpfilter: Loaded bpfilter_umh pid 1985
May 30 15:16:23 1ea786539a1e kernel: bpfilter: write fail -32
May 30 15:16:23 1ea786539a1e kernel: bpfilter: Loaded bpfilter_umh pid 1988
May 30 15:16:23 1ea786539a1e kernel: bpfilter: write fail -32
May 30 15:16:23 1ea786539a1e kernel: bpfilter: Loaded bpfilter_umh pid 1990
May 30 15:16:23 1ea786539a1e kernel: bpfilter: write fail -32
May 30 15:16:23 1ea786539a1e kernel: bpfilter: Loaded bpfilter_umh pid 1993
May 30 15:16:23 1ea786539a1e kernel: bpfilter: write fail -32
May 30 15:16:23 1ea786539a1e kernel: bpfilter: Loaded bpfilter_umh pid 1995
May 30 15:16:23 1ea786539a1e kernel: bpfilter: write fail -32
May 30 15:16:23 1ea786539a1e kernel: bpfilter: Loaded bpfilter_umh pid 1997
May 30 15:16:23 1ea786539a1e kernel: bpfilter: write fail -32
May 30 15:16:23 1ea786539a1e kernel: bpfilter: Loaded bpfilter_umh pid 1999
May 30 15:16:23 1ea786539a1e kernel: bpfilter: write fail -32
May 30 15:16:23 1ea786539a1e kernel: bpfilter: Loaded bpfilter_umh pid 2002
May 30 15:16:23 1ea786539a1e kernel: bpfilter: write fail -32
May 30 15:16:23 1ea786539a1e kernel: bpfilter: Loaded bpfilter_umh pid 2004
May 30 15:16:23 1ea786539a1e kernel: bpfilter: write fail -32
May 30 15:16:23 1ea786539a1e kernel: bpfilter: Loaded bpfilter_umh pid 2007
May 30 15:16:23 1ea786539a1e kernel: bpfilter: write fail -32
May 30 15:16:23 1ea786539a1e kernel: bpfilter: Loaded bpfilter_umh pid 2009
May 30 15:16:23 1ea786539a1e kernel: bpfilter: write fail -32
May 30 15:16:23 1ea786539a1e kernel: bpfilter: Loaded bpfilter_umh pid 2011
May 30 15:16:23 1ea786539a1e kernel: bpfilter: write fail -32
May 30 15:16:23 1ea786539a1e kernel: bpfilter: Loaded bpfilter_umh pid 2013
May 30 15:16:23 1ea786539a1e kernel: bpfilter: write fail -32
May 30 15:16:23 1ea786539a1e kernel: bpfilter: Loaded bpfilter_umh pid 2016
May 30 15:16:23 1ea786539a1e kernel: bpfilter: write fail -32
May 30 15:16:23 1ea786539a1e kernel: bpfilter: Loaded bpfilter_umh pid 2018
May 30 15:16:23 1ea786539a1e kernel: bpfilter: write fail -32
May 30 15:16:23 1ea786539a1e kernel: bpfilter: Loaded bpfilter_umh pid 2021
May 30 15:16:23 1ea786539a1e kernel: bpfilter: write fail -32
May 30 15:16:23 1ea786539a1e kernel: bpfilter: Loaded bpfilter_umh pid 2023
May 30 15:16:23 1ea786539a1e kernel: bpfilter: write fail -32
May 30 15:16:23 1ea786539a1e kernel: bpfilter: Loaded bpfilter_umh pid 2025
May 30 15:16:23 1ea786539a1e kernel: bpfilter: write fail -32
May 30 15:16:23 1ea786539a1e kernel: bpfilter: Loaded bpfilter_umh pid 2027
May 30 15:16:23 1ea786539a1e kernel: bpfilter: write fail -32
May 30 15:16:23 1ea786539a1e kernel: bpfilter: Loaded bpfilter_umh pid 2030
May 30 15:16:23 1ea786539a1e kernel: bpfilter: write fail -32
May 30 15:16:23 1ea786539a1e kernel: bpfilter: Loaded bpfilter_umh pid 2032
May 30 15:16:23 1ea786539a1e kernel: bpfilter: write fail -32
May 30 15:16:23 1ea786539a1e kernel: bpfilter: Loaded bpfilter_umh pid 2035
May 30 15:16:23 1ea786539a1e kernel: bpfilter: write fail -32
May 30 15:16:23 1ea786539a1e kernel: bpfilter: Loaded bpfilter_umh pid 2037
May 30 15:16:23 1ea786539a1e kernel: bpfilter: write fail -32
May 30 15:16:23 1ea786539a1e kernel: bpfilter: Loaded bpfilter_umh pid 2039
May 30 15:16:23 1ea786539a1e kernel: bpfilter: write fail -32
May 30 15:16:23 1ea786539a1e kernel: bpfilter: Loaded bpfilter_umh pid 2041
May 30 15:16:23 1ea786539a1e kernel: bpfilter: write fail -32
May 30 15:16:23 1ea786539a1e kernel: Initializing XFRM netlink socket
May 30 15:16:23 1ea786539a1e kernel: bpfilter: Loaded bpfilter_umh pid 2051
May 30 15:16:23 1ea786539a1e kernel: bpfilter: write fail -32
May 30 15:16:23 1ea786539a1e kernel: bpfilter: Loaded bpfilter_umh pid 2053
May 30 15:16:23 1ea786539a1e kernel: bpfilter: write fail -32
May 30 15:16:23 1ea786539a1e kernel: bpfilter: Loaded bpfilter_umh pid 2055
May 30 15:16:23 1ea786539a1e kernel: bpfilter: write fail -32
May 30 15:16:23 1ea786539a1e kernel: bpfilter: Loaded bpfilter_umh pid 2058
May 30 15:16:23 1ea786539a1e kernel: bpfilter: write fail -32
May 30 15:16:23 1ea786539a1e kernel: bpfilter: Loaded bpfilter_umh pid 2060
May 30 15:16:23 1ea786539a1e kernel: bpfilter: write fail -32
May 30 15:16:23 1ea786539a1e kernel: bpfilter: Loaded bpfilter_umh pid 2062
May 30 15:16:23 1ea786539a1e kernel: bpfilter: write fail -32
May 30 15:16:23 1ea786539a1e kernel: bpfilter: Loaded bpfilter_umh pid 2064
May 30 15:16:23 1ea786539a1e kernel: bpfilter: write fail -32
May 30 15:16:23 1ea786539a1e kernel: bpfilter: Loaded bpfilter_umh pid 2066
May 30 15:16:23 1ea786539a1e kernel: bpfilter: write fail -32
May 30 15:16:23 1ea786539a1e kernel: bpfilter: Loaded bpfilter_umh pid 2069
May 30 15:16:23 1ea786539a1e kernel: bpfilter: write fail -32
May 30 15:16:23 1ea786539a1e kernel: bpfilter: Loaded bpfilter_umh pid 2071
May 30 15:16:23 1ea786539a1e kernel: bpfilter: write fail -32
May 30 15:16:23 1ea786539a1e kernel: bpfilter: Loaded bpfilter_umh pid 2074
May 30 15:16:23 1ea786539a1e kernel: bpfilter: write fail -32
May 30 15:16:23 1ea786539a1e kernel: bpfilter: Loaded bpfilter_umh pid 2076
May 30 15:16:23 1ea786539a1e kernel: bpfilter: write fail -32
May 30 15:16:23 1ea786539a1e kernel: bpfilter: Loaded bpfilter_umh pid 2078
May 30 15:16:23 1ea786539a1e kernel: bpfilter: write fail -32
May 30 15:16:23 1ea786539a1e kernel: bpfilter: Loaded bpfilter_umh pid 2080
May 30 15:16:23 1ea786539a1e kernel: bpfilter: write fail -32
May 30 15:16:23 1ea786539a1e kernel: bpfilter: Loaded bpfilter_umh pid 2083
May 30 15:16:23 1ea786539a1e kernel: bpfilter: write fail -32
May 30 15:16:23 1ea786539a1e kernel: bpfilter: Loaded bpfilter_umh pid 2085
May 30 15:16:23 1ea786539a1e kernel: bpfilter: write fail -32
May 30 15:16:23 1ea786539a1e kernel: bpfilter: Loaded bpfilter_umh pid 2088
May 30 15:16:23 1ea786539a1e kernel: bpfilter: write fail -32
May 30 15:16:23 1ea786539a1e kernel: bpfilter: Loaded bpfilter_umh pid 2090
May 30 15:16:23 1ea786539a1e kernel: bpfilter: write fail -32
May 30 15:16:23 1ea786539a1e kernel: bpfilter: Loaded bpfilter_umh pid 2093
May 30 15:16:23 1ea786539a1e kernel: bpfilter: write fail -32
May 30 15:16:23 1ea786539a1e kernel: bpfilter: Loaded bpfilter_umh pid 2095
May 30 15:16:23 1ea786539a1e kernel: bpfilter: write fail -32
May 30 15:16:23 1ea786539a1e kernel: bpfilter: Loaded bpfilter_umh pid 2097
May 30 15:16:23 1ea786539a1e kernel: bpfilter: write fail -32
May 30 15:16:23 1ea786539a1e kernel: bpfilter: Loaded bpfilter_umh pid 2099
May 30 15:16:23 1ea786539a1e kernel: bpfilter: write fail -32
May 30 15:16:23 1ea786539a1e kernel: bpfilter: Loaded bpfilter_umh pid 2102
May 30 15:16:23 1ea786539a1e kernel: bpfilter: write fail -32
May 30 15:16:23 1ea786539a1e kernel: bpfilter: Loaded bpfilter_umh pid 2104
May 30 15:16:23 1ea786539a1e kernel: bpfilter: write fail -32
May 30 15:16:23 1ea786539a1e kernel: bpfilter: Loaded bpfilter_umh pid 2107
May 30 15:16:23 1ea786539a1e kernel: bpfilter: write fail -32
May 30 15:16:23 1ea786539a1e kernel: bpfilter: Loaded bpfilter_umh pid 2109
May 30 15:16:23 1ea786539a1e kernel: bpfilter: write fail -32
May 30 15:16:23 1ea786539a1e kernel: bpfilter: Loaded bpfilter_umh pid 2111
May 30 15:16:23 1ea786539a1e kernel: bpfilter: write fail -32
May 30 15:16:23 1ea786539a1e kernel: bpfilter: Loaded bpfilter_umh pid 2113
May 30 15:16:23 1ea786539a1e kernel: bpfilter: write fail -32
May 30 15:16:23 1ea786539a1e kernel: bpfilter: Loaded bpfilter_umh pid 2116
May 30 15:16:23 1ea786539a1e kernel: bpfilter: write fail -32
May 30 15:16:23 1ea786539a1e kernel: bpfilter: Loaded bpfilter_umh pid 2118
May 30 15:16:23 1ea786539a1e kernel: bpfilter: write fail -32
May 30 15:16:23 1ea786539a1e kernel: bpfilter: Loaded bpfilter_umh pid 2120
May 30 15:16:23 1ea786539a1e kernel: bpfilter: write fail -32
May 30 15:16:23 1ea786539a1e kernel: bpfilter: Loaded bpfilter_umh pid 2122
May 30 15:16:23 1ea786539a1e kernel: bpfilter: write fail -32
May 30 15:16:23 1ea786539a1e kernel: bpfilter: Loaded bpfilter_umh pid 2124
May 30 15:16:23 1ea786539a1e kernel: bpfilter: write fail -32
May 30 15:16:23 1ea786539a1e kernel: bpfilter: Loaded bpfilter_umh pid 2127
May 30 15:16:23 1ea786539a1e kernel: bpfilter: write fail -32
May 30 15:16:23 1ea786539a1e kernel: bpfilter: Loaded bpfilter_umh pid 2129
May 30 15:16:23 1ea786539a1e kernel: bpfilter: write fail -32
May 30 15:16:23 1ea786539a1e kernel: bpfilter: Loaded bpfilter_umh pid 2131
May 30 15:16:23 1ea786539a1e kernel: bpfilter: write fail -32
May 30 15:16:23 1ea786539a1e kernel: bpfilter: Loaded bpfilter_umh pid 2133
May 30 15:16:23 1ea786539a1e kernel: bpfilter: write fail -32
May 30 15:16:23 1ea786539a1e kernel: bpfilter: Loaded bpfilter_umh pid 2135
May 30 15:16:23 1ea786539a1e kernel: bpfilter: write fail -32
May 30 15:16:23 1ea786539a1e kernel: bpfilter: Loaded bpfilter_umh pid 2137
May 30 15:16:23 1ea786539a1e kernel: bpfilter: write fail -32
May 30 15:16:23 1ea786539a1e kernel: bpfilter: Loaded bpfilter_umh pid 2139
May 30 15:16:23 1ea786539a1e kernel: bpfilter: write fail -32
May 30 15:16:23 1ea786539a1e kernel: bpfilter: Loaded bpfilter_umh pid 2142
May 30 15:16:23 1ea786539a1e kernel: bpfilter: write fail -32
May 30 15:16:23 1ea786539a1e kernel: bpfilter: Loaded bpfilter_umh pid 2144
May 30 15:16:23 1ea786539a1e kernel: bpfilter: write fail -32
May 30 15:16:23 1ea786539a1e kernel: bpfilter: Loaded bpfilter_umh pid 2146
May 30 15:16:23 1ea786539a1e kernel: bpfilter: write fail -32
May 30 15:16:23 1ea786539a1e kernel: bpfilter: Loaded bpfilter_umh pid 2148
May 30 15:16:23 1ea786539a1e kernel: bpfilter: write fail -32
May 30 15:16:23 1ea786539a1e kernel: bpfilter: Loaded bpfilter_umh pid 2150
May 30 15:16:23 1ea786539a1e kernel: bpfilter: write fail -32
May 30 15:16:23 1ea786539a1e kernel: bpfilter: Loaded bpfilter_umh pid 2153
May 30 15:16:23 1ea786539a1e kernel: bpfilter: write fail -32
May 30 15:16:23 1ea786539a1e kernel: bpfilter: Loaded bpfilter_umh pid 2155
May 30 15:16:23 1ea786539a1e kernel: bpfilter: write fail -32
May 30 15:16:23 1ea786539a1e kernel: bpfilter: Loaded bpfilter_umh pid 2157
May 30 15:16:23 1ea786539a1e kernel: bpfilter: write fail -32
May 30 15:16:23 1ea786539a1e kernel: bpfilter: Loaded bpfilter_umh pid 2159
May 30 15:16:23 1ea786539a1e kernel: bpfilter: write fail -32
May 30 15:16:23 1ea786539a1e kernel: bpfilter: Loaded bpfilter_umh pid 2161
May 30 15:16:23 1ea786539a1e kernel: bpfilter: write fail -32
May 30 15:16:23 1ea786539a1e kernel: bpfilter: Loaded bpfilter_umh pid 2163
May 30 15:16:23 1ea786539a1e kernel: bpfilter: write fail -32
May 30 15:16:23 1ea786539a1e kernel: bpfilter: Loaded bpfilter_umh pid 2165
May 30 15:16:23 1ea786539a1e kernel: bpfilter: write fail -32
May 30 15:16:23 1ea786539a1e kernel: bpfilter: Loaded bpfilter_umh pid 2168
May 30 15:16:23 1ea786539a1e kernel: bpfilter: write fail -32
May 30 15:16:23 1ea786539a1e kernel: bpfilter: Loaded bpfilter_umh pid 2170
May 30 15:16:23 1ea786539a1e kernel: bpfilter: write fail -32
May 30 15:16:23 1ea786539a1e kernel: bpfilter: Loaded bpfilter_umh pid 2173
May 30 15:16:23 1ea786539a1e kernel: bpfilter: write fail -32
May 30 15:16:23 1ea786539a1e kernel: bpfilter: Loaded bpfilter_umh pid 2175
May 30 15:16:23 1ea786539a1e kernel: bpfilter: write fail -32
May 30 15:16:23 1ea786539a1e kernel: bpfilter: Loaded bpfilter_umh pid 2177
May 30 15:16:23 1ea786539a1e kernel: bpfilter: write fail -32
May 30 15:16:23 1ea786539a1e kernel: bpfilter: Loaded bpfilter_umh pid 2179
May 30 15:16:23 1ea786539a1e kernel: bpfilter: write fail -32
May 30 15:16:23 1ea786539a1e kernel: bpfilter: Loaded bpfilter_umh pid 2182
May 30 15:16:23 1ea786539a1e kernel: bpfilter: write fail -32
May 30 15:16:23 1ea786539a1e kernel: bpfilter: Loaded bpfilter_umh pid 2184
May 30 15:16:23 1ea786539a1e kernel: bpfilter: write fail -32
May 30 15:16:23 1ea786539a1e kernel: bpfilter: Loaded bpfilter_umh pid 2186
May 30 15:16:23 1ea786539a1e kernel: bpfilter: write fail -32
May 30 15:16:23 1ea786539a1e kernel: bpfilter: Loaded bpfilter_umh pid 2188
May 30 15:16:23 1ea786539a1e kernel: bpfilter: write fail -32
May 30 15:16:23 1ea786539a1e kernel: bpfilter: Loaded bpfilter_umh pid 2190
May 30 15:16:23 1ea786539a1e kernel: bpfilter: write fail -32
May 30 15:16:23 1ea786539a1e kernel: bpfilter: Loaded bpfilter_umh pid 2192
May 30 15:16:23 1ea786539a1e kernel: bpfilter: write fail -32
May 30 15:16:23 1ea786539a1e kernel: bpfilter: Loaded bpfilter_umh pid 2194
May 30 15:16:23 1ea786539a1e kernel: bpfilter: write fail -32
May 30 15:16:23 1ea786539a1e kernel: bpfilter: Loaded bpfilter_umh pid 2196
May 30 15:16:23 1ea786539a1e kernel: bpfilter: write fail -32
May 30 15:16:23 1ea786539a1e kernel: bpfilter: Loaded bpfilter_umh pid 2198
May 30 15:16:23 1ea786539a1e kernel: bpfilter: write fail -32
May 30 15:16:23 1ea786539a1e kernel: bpfilter: Loaded bpfilter_umh pid 2200
May 30 15:16:23 1ea786539a1e kernel: bpfilter: write fail -32
May 30 15:16:23 1ea786539a1e kernel: bpfilter: Loaded bpfilter_umh pid 2202
May 30 15:16:23 1ea786539a1e kernel: bpfilter: write fail -32
May 30 15:16:23 1ea786539a1e kernel: bpfilter: Loaded bpfilter_umh pid 2204
May 30 15:16:23 1ea786539a1e kernel: bpfilter: write fail -32
May 30 15:16:23 1ea786539a1e kernel: bpfilter: Loaded bpfilter_umh pid 2207
May 30 15:16:23 1ea786539a1e kernel: bpfilter: write fail -32
May 30 15:16:23 1ea786539a1e kernel: bpfilter: Loaded bpfilter_umh pid 2209
May 30 15:16:23 1ea786539a1e kernel: bpfilter: write fail -32
May 30 15:16:23 1ea786539a1e kernel: bpfilter: Loaded bpfilter_umh pid 2211
May 30 15:16:23 1ea786539a1e kernel: bpfilter: write fail -32
May 30 15:16:23 1ea786539a1e kernel: bpfilter: Loaded bpfilter_umh pid 2213
May 30 15:16:23 1ea786539a1e kernel: bpfilter: write fail -32
May 30 15:16:23 1ea786539a1e kernel: bpfilter: Loaded bpfilter_umh pid 2215
May 30 15:16:23 1ea786539a1e kernel: bpfilter: write fail -32
May 30 15:16:23 1ea786539a1e kernel: bpfilter: Loaded bpfilter_umh pid 2217
May 30 15:16:23 1ea786539a1e kernel: bpfilter: write fail -32
May 30 15:16:23 1ea786539a1e kernel: bpfilter: Loaded bpfilter_umh pid 2219
May 30 15:16:23 1ea786539a1e kernel: bpfilter: write fail -32
May 30 15:16:23 1ea786539a1e kernel: bpfilter: Loaded bpfilter_umh pid 2221
May 30 15:16:23 1ea786539a1e kernel: bpfilter: write fail -32
May 30 15:16:23 1ea786539a1e kernel: bpfilter: Loaded bpfilter_umh pid 2223
May 30 15:16:23 1ea786539a1e kernel: bpfilter: write fail -32
May 30 15:16:23 1ea786539a1e kernel: bpfilter: Loaded bpfilter_umh pid 2225
May 30 15:16:23 1ea786539a1e kernel: bpfilter: write fail -32
May 30 15:16:23 1ea786539a1e kernel: bpfilter: Loaded bpfilter_umh pid 2227
May 30 15:16:23 1ea786539a1e kernel: bpfilter: write fail -32
May 30 15:16:23 1ea786539a1e kernel: bpfilter: Loaded bpfilter_umh pid 2229
May 30 15:16:23 1ea786539a1e kernel: bpfilter: write fail -32
May 30 15:16:23 1ea786539a1e kernel: bpfilter: Loaded bpfilter_umh pid 2231
May 30 15:16:23 1ea786539a1e kernel: bpfilter: write fail -32
May 30 15:16:23 1ea786539a1e kernel: bpfilter: Loaded bpfilter_umh pid 2233
May 30 15:16:23 1ea786539a1e kernel: bpfilter: write fail -32
May 30 15:16:23 1ea786539a1e kernel: bpfilter: Loaded bpfilter_umh pid 2236
May 30 15:16:23 1ea786539a1e kernel: bpfilter: write fail -32
May 30 15:16:23 1ea786539a1e kernel: bpfilter: Loaded bpfilter_umh pid 2238
May 30 15:16:23 1ea786539a1e kernel: bpfilter: write fail -32
May 30 15:16:23 1ea786539a1e kernel: bpfilter: Loaded bpfilter_umh pid 2241
May 30 15:16:23 1ea786539a1e kernel: bpfilter: write fail -32
May 30 15:16:23 1ea786539a1e kernel: bpfilter: Loaded bpfilter_umh pid 2243
May 30 15:16:23 1ea786539a1e kernel: bpfilter: write fail -32
May 30 15:16:23 1ea786539a1e kernel: bpfilter: Loaded bpfilter_umh pid 2245
May 30 15:16:23 1ea786539a1e kernel: bpfilter: write fail -32
May 30 15:16:23 1ea786539a1e kernel: bpfilter: Loaded bpfilter_umh pid 2247
May 30 15:16:23 1ea786539a1e kernel: bpfilter: write fail -32
May 30 15:16:23 1ea786539a1e kernel: bpfilter: Loaded bpfilter_umh pid 2250
May 30 15:16:23 1ea786539a1e kernel: bpfilter: write fail -32
May 30 15:16:23 1ea786539a1e kernel: bpfilter: Loaded bpfilter_umh pid 2252
May 30 15:16:23 1ea786539a1e kernel: bpfilter: write fail -32
May 30 15:16:23 1ea786539a1e kernel: bpfilter: Loaded bpfilter_umh pid 2255
May 30 15:16:23 1ea786539a1e kernel: bpfilter: write fail -32
May 30 15:16:23 1ea786539a1e kernel: bpfilter: Loaded bpfilter_umh pid 2257
May 30 15:16:23 1ea786539a1e kernel: bpfilter: write fail -32
May 30 15:16:23 1ea786539a1e kernel: bpfilter: Loaded bpfilter_umh pid 2259
May 30 15:16:23 1ea786539a1e kernel: bpfilter: write fail -32
May 30 15:16:23 1ea786539a1e kernel: bpfilter: Loaded bpfilter_umh pid 2261
May 30 15:16:23 1ea786539a1e kernel: bpfilter: write fail -32
May 30 15:16:23 1ea786539a1e kernel: bpfilter: Loaded bpfilter_umh pid 2264
May 30 15:16:23 1ea786539a1e kernel: bpfilter: write fail -32
May 30 15:16:23 1ea786539a1e kernel: bpfilter: Loaded bpfilter_umh pid 2266
May 30 15:16:23 1ea786539a1e kernel: bpfilter: write fail -32
May 30 15:16:23 1ea786539a1e kernel: bpfilter: Loaded bpfilter_umh pid 2269
May 30 15:16:23 1ea786539a1e kernel: bpfilter: write fail -32
May 30 15:16:23 1ea786539a1e kernel: bpfilter: Loaded bpfilter_umh pid 2271
May 30 15:16:23 1ea786539a1e kernel: bpfilter: write fail -32
May 30 15:16:23 1ea786539a1e kernel: bpfilter: Loaded bpfilter_umh pid 2273
May 30 15:16:23 1ea786539a1e kernel: bpfilter: write fail -32
May 30 15:16:23 1ea786539a1e kernel: bpfilter: Loaded bpfilter_umh pid 2275
May 30 15:16:23 1ea786539a1e kernel: bpfilter: write fail -32
May 30 15:16:23 1ea786539a1e kernel: bpfilter: Loaded bpfilter_umh pid 2280
May 30 15:16:23 1ea786539a1e kernel: bpfilter: write fail -32
May 30 15:16:23 1ea786539a1e kernel: bpfilter: Loaded bpfilter_umh pid 2285
May 30 15:16:23 1ea786539a1e kernel: bpfilter: write fail -32
May 30 15:16:23 1ea786539a1e kernel: bpfilter: Loaded bpfilter_umh pid 2287
May 30 15:16:23 1ea786539a1e kernel: bpfilter: write fail -32
May 30 15:16:23 1ea786539a1e kernel: bpfilter: Loaded bpfilter_umh pid 2289
May 30 15:16:23 1ea786539a1e kernel: bpfilter: write fail -32
May 30 15:16:23 1ea786539a1e kernel: bpfilter: Loaded bpfilter_umh pid 2291
May 30 15:16:23 1ea786539a1e kernel: bpfilter: write fail -32
May 30 15:16:23 1ea786539a1e kernel: bpfilter: Loaded bpfilter_umh pid 2293
May 30 15:16:23 1ea786539a1e kernel: bpfilter: write fail -32
May 30 15:16:23 1ea786539a1e kernel: bpfilter: Loaded bpfilter_umh pid 2296
May 30 15:16:23 1ea786539a1e kernel: bpfilter: write fail -32
May 30 15:16:23 1ea786539a1e kernel: bpfilter: Loaded bpfilter_umh pid 2298
May 30 15:16:23 1ea786539a1e kernel: bpfilter: write fail -32
May 30 15:16:23 1ea786539a1e kernel: bpfilter: Loaded bpfilter_umh pid 2300
May 30 15:16:23 1ea786539a1e kernel: bpfilter: write fail -32
May 30 15:16:23 1ea786539a1e kernel: bpfilter: Loaded bpfilter_umh pid 2302
May 30 15:16:23 1ea786539a1e kernel: bpfilter: write fail -32
May 30 15:16:23 1ea786539a1e kernel: bpfilter: Loaded bpfilter_umh pid 2304
May 30 15:16:23 1ea786539a1e kernel: bpfilter: write fail -32
May 30 15:16:23 1ea786539a1e kernel: bpfilter: Loaded bpfilter_umh pid 2306
May 30 15:16:23 1ea786539a1e kernel: bpfilter: write fail -32
May 30 15:16:23 1ea786539a1e kernel: bpfilter: Loaded bpfilter_umh pid 2308
May 30 15:16:23 1ea786539a1e kernel: bpfilter: write fail -32
May 30 15:16:23 1ea786539a1e kernel: bpfilter: Loaded bpfilter_umh pid 2310
May 30 15:16:23 1ea786539a1e kernel: bpfilter: write fail -32
May 30 15:16:23 1ea786539a1e kernel: bpfilter: Loaded bpfilter_umh pid 2313
May 30 15:16:23 1ea786539a1e kernel: bpfilter: write fail -32
May 30 15:16:23 1ea786539a1e kernel: bpfilter: Loaded bpfilter_umh pid 2315
May 30 15:16:23 1ea786539a1e kernel: bpfilter: write fail -32
May 30 15:16:23 1ea786539a1e kernel: bpfilter: Loaded bpfilter_umh pid 2317
May 30 15:16:23 1ea786539a1e kernel: bpfilter: write fail -32
May 30 15:16:23 1ea786539a1e kernel: bpfilter: Loaded bpfilter_umh pid 2320
May 30 15:16:23 1ea786539a1e kernel: bpfilter: write fail -32
May 30 15:16:23 1ea786539a1e kernel: bpfilter: Loaded bpfilter_umh pid 2322
May 30 15:16:23 1ea786539a1e kernel: bpfilter: write fail -32
May 30 15:16:23 1ea786539a1e kernel: bpfilter: Loaded bpfilter_umh pid 2324
May 30 15:16:23 1ea786539a1e kernel: bpfilter: write fail -32
May 30 15:16:23 1ea786539a1e kernel: bpfilter: Loaded bpfilter_umh pid 2326
May 30 15:16:23 1ea786539a1e kernel: bpfilter: write fail -32
May 30 15:16:23 1ea786539a1e kernel: bpfilter: Loaded bpfilter_umh pid 2328
May 30 15:16:23 1ea786539a1e kernel: bpfilter: write fail -32
May 30 15:16:23 1ea786539a1e kernel: bpfilter: Loaded bpfilter_umh pid 2331
May 30 15:16:23 1ea786539a1e kernel: bpfilter: write fail -32
May 30 15:16:23 1ea786539a1e kernel: bpfilter: Loaded bpfilter_umh pid 2333
May 30 15:16:23 1ea786539a1e kernel: bpfilter: write fail -32
May 30 15:16:23 1ea786539a1e kernel: bpfilter: Loaded bpfilter_umh pid 2335
May 30 15:16:23 1ea786539a1e kernel: bpfilter: write fail -32
May 30 15:16:23 1ea786539a1e kernel: bpfilter: Loaded bpfilter_umh pid 2337
May 30 15:16:23 1ea786539a1e kernel: bpfilter: write fail -32
May 30 15:16:23 1ea786539a1e kernel: bpfilter: Loaded bpfilter_umh pid 2340
May 30 15:16:23 1ea786539a1e kernel: bpfilter: write fail -32
May 30 15:16:23 1ea786539a1e kernel: bpfilter: Loaded bpfilter_umh pid 2342
May 30 15:16:23 1ea786539a1e kernel: bpfilter: write fail -32
May 30 15:16:23 1ea786539a1e kernel: bpfilter: Loaded bpfilter_umh pid 2344
May 30 15:16:23 1ea786539a1e kernel: bpfilter: write fail -32
May 30 15:16:23 1ea786539a1e kernel: bpfilter: Loaded bpfilter_umh pid 2346
May 30 15:16:23 1ea786539a1e kernel: bpfilter: write fail -32
May 30 15:16:23 1ea786539a1e kernel: bpfilter: Loaded bpfilter_umh pid 2348
May 30 15:16:23 1ea786539a1e kernel: bpfilter: write fail -32
May 30 15:16:23 1ea786539a1e kernel: bpfilter: Loaded bpfilter_umh pid 2350
May 30 15:16:23 1ea786539a1e kernel: bpfilter: write fail -32
May 30 15:16:23 1ea786539a1e kernel: bpfilter: Loaded bpfilter_umh pid 2370
May 30 15:16:23 1ea786539a1e kernel: bpfilter: write fail -32
May 30 15:16:23 1ea786539a1e kernel: bpfilter: Loaded bpfilter_umh pid 2372
May 30 15:16:23 1ea786539a1e kernel: bpfilter: write fail -32
May 30 15:16:23 1ea786539a1e kernel: bpfilter: Loaded bpfilter_umh pid 2374
May 30 15:16:23 1ea786539a1e kernel: bpfilter: write fail -32
May 30 15:16:23 1ea786539a1e kernel: bpfilter: Loaded bpfilter_umh pid 2376
May 30 15:16:23 1ea786539a1e kernel: bpfilter: write fail -32
May 30 15:16:23 1ea786539a1e kernel: bpfilter: Loaded bpfilter_umh pid 2378
May 30 15:16:23 1ea786539a1e kernel: bpfilter: write fail -32
May 30 15:16:23 1ea786539a1e kernel: bpfilter: Loaded bpfilter_umh pid 2380
May 30 15:16:23 1ea786539a1e kernel: bpfilter: write fail -32
May 30 15:16:23 1ea786539a1e kernel: bpfilter: Loaded bpfilter_umh pid 2383
May 30 15:16:23 1ea786539a1e kernel: bpfilter: write fail -32
May 30 15:16:23 1ea786539a1e kernel: bpfilter: Loaded bpfilter_umh pid 2385
May 30 15:16:23 1ea786539a1e kernel: bpfilter: write fail -32
May 30 15:16:23 1ea786539a1e kernel: bpfilter: Loaded bpfilter_umh pid 2387
May 30 15:16:23 1ea786539a1e kernel: bpfilter: write fail -32
May 30 15:16:23 1ea786539a1e kernel: bpfilter: Loaded bpfilter_umh pid 2389
May 30 15:16:23 1ea786539a1e kernel: bpfilter: write fail -32
May 30 15:16:23 1ea786539a1e kernel: bpfilter: Loaded bpfilter_umh pid 2391
May 30 15:16:23 1ea786539a1e kernel: bpfilter: write fail -32
May 30 15:16:23 1ea786539a1e kernel: bpfilter: Loaded bpfilter_umh pid 2393
May 30 15:16:23 1ea786539a1e kernel: bpfilter: write fail -32
May 30 15:16:23 1ea786539a1e kernel: bpfilter: Loaded bpfilter_umh pid 2395
May 30 15:16:23 1ea786539a1e kernel: bpfilter: write fail -32
May 30 15:16:23 1ea786539a1e kernel: bpfilter: Loaded bpfilter_umh pid 2397
May 30 15:16:23 1ea786539a1e kernel: bpfilter: write fail -32
May 30 15:16:23 1ea786539a1e kernel: bpfilter: Loaded bpfilter_umh pid 2400
May 30 15:16:23 1ea786539a1e kernel: bpfilter: write fail -32
May 30 15:16:23 1ea786539a1e kernel: bpfilter: Loaded bpfilter_umh pid 2402
May 30 15:16:23 1ea786539a1e kernel: bpfilter: write fail -32
May 30 15:16:23 1ea786539a1e kernel: bpfilter: Loaded bpfilter_umh pid 2404
May 30 15:16:23 1ea786539a1e kernel: bpfilter: write fail -32
May 30 15:16:23 1ea786539a1e kernel: bpfilter: Loaded bpfilter_umh pid 2407
May 30 15:16:23 1ea786539a1e kernel: bpfilter: write fail -32
May 30 15:16:23 1ea786539a1e kernel: bpfilter: Loaded bpfilter_umh pid 2409
May 30 15:16:23 1ea786539a1e kernel: bpfilter: write fail -32
May 30 15:16:23 1ea786539a1e kernel: bpfilter: Loaded bpfilter_umh pid 2411
May 30 15:16:23 1ea786539a1e kernel: bpfilter: write fail -32
May 30 15:16:23 1ea786539a1e kernel: bpfilter: Loaded bpfilter_umh pid 2413
May 30 15:16:23 1ea786539a1e kernel: bpfilter: write fail -32
May 30 15:16:23 1ea786539a1e kernel: bpfilter: Loaded bpfilter_umh pid 2415
May 30 15:16:23 1ea786539a1e kernel: bpfilter: write fail -32
May 30 15:16:23 1ea786539a1e kernel: bpfilter: Loaded bpfilter_umh pid 2418
May 30 15:16:23 1ea786539a1e kernel: bpfilter: write fail -32
May 30 15:16:23 1ea786539a1e kernel: bpfilter: Loaded bpfilter_umh pid 2420
May 30 15:16:23 1ea786539a1e kernel: bpfilter: write fail -32
May 30 15:16:23 1ea786539a1e kernel: bpfilter: Loaded bpfilter_umh pid 2422
May 30 15:16:23 1ea786539a1e kernel: bpfilter: write fail -32
May 30 15:16:23 1ea786539a1e kernel: bpfilter: Loaded bpfilter_umh pid 2424
May 30 15:16:23 1ea786539a1e kernel: bpfilter: write fail -32
May 30 15:16:23 1ea786539a1e kernel: bpfilter: Loaded bpfilter_umh pid 2427
May 30 15:16:23 1ea786539a1e kernel: bpfilter: write fail -32
May 30 15:16:23 1ea786539a1e kernel: bpfilter: Loaded bpfilter_umh pid 2429
May 30 15:16:23 1ea786539a1e kernel: bpfilter: write fail -32
May 30 15:16:23 1ea786539a1e kernel: bpfilter: Loaded bpfilter_umh pid 2431
May 30 15:16:23 1ea786539a1e kernel: bpfilter: write fail -32
May 30 15:16:23 1ea786539a1e kernel: bpfilter: Loaded bpfilter_umh pid 2433
May 30 15:16:23 1ea786539a1e kernel: bpfilter: write fail -32
May 30 15:16:23 1ea786539a1e kernel: bpfilter: Loaded bpfilter_umh pid 2435
May 30 15:16:23 1ea786539a1e kernel: bpfilter: write fail -32
May 30 15:16:23 1ea786539a1e kernel: bpfilter: Loaded bpfilter_umh pid 2437
May 30 15:16:23 1ea786539a1e kernel: bpfilter: write fail -32
May 30 15:16:23 1ea786539a1e kernel: bpfilter: Loaded bpfilter_umh pid 2452
May 30 15:16:23 1ea786539a1e kernel: bpfilter: write fail -32
May 30 15:16:23 1ea786539a1e kernel: bpfilter: Loaded bpfilter_umh pid 2454
May 30 15:16:23 1ea786539a1e kernel: bpfilter: write fail -32
May 30 15:16:23 1ea786539a1e kernel: bpfilter: Loaded bpfilter_umh pid 2456
May 30 15:16:23 1ea786539a1e kernel: bpfilter: write fail -32
May 30 15:16:23 1ea786539a1e kernel: bpfilter: Loaded bpfilter_umh pid 2458
May 30 15:16:23 1ea786539a1e kernel: bpfilter: write fail -32
May 30 15:16:23 1ea786539a1e kernel: bpfilter: Loaded bpfilter_umh pid 2460
May 30 15:16:23 1ea786539a1e kernel: bpfilter: write fail -32
May 30 15:16:23 1ea786539a1e kernel: bpfilter: Loaded bpfilter_umh pid 2462
May 30 15:16:23 1ea786539a1e kernel: bpfilter: write fail -32
May 30 15:16:23 1ea786539a1e kernel: bpfilter: Loaded bpfilter_umh pid 2465
May 30 15:16:23 1ea786539a1e kernel: bpfilter: write fail -32
May 30 15:16:23 1ea786539a1e kernel: bpfilter: Loaded bpfilter_umh pid 2467
May 30 15:16:23 1ea786539a1e kernel: bpfilter: write fail -32
May 30 15:16:23 1ea786539a1e kernel: bpfilter: Loaded bpfilter_umh pid 2469
May 30 15:16:23 1ea786539a1e kernel: bpfilter: write fail -32
May 30 15:16:23 1ea786539a1e kernel: bpfilter: Loaded bpfilter_umh pid 2471
May 30 15:16:23 1ea786539a1e kernel: bpfilter: write fail -32
May 30 15:16:23 1ea786539a1e kernel: bpfilter: Loaded bpfilter_umh pid 2473
May 30 15:16:23 1ea786539a1e kernel: bpfilter: write fail -32
May 30 15:16:23 1ea786539a1e kernel: bpfilter: Loaded bpfilter_umh pid 2475
May 30 15:16:23 1ea786539a1e kernel: bpfilter: write fail -32
May 30 15:16:23 1ea786539a1e kernel: bpfilter: Loaded bpfilter_umh pid 2477
May 30 15:16:23 1ea786539a1e kernel: bpfilter: write fail -32
May 30 15:16:23 1ea786539a1e kernel: bpfilter: Loaded bpfilter_umh pid 2479
May 30 15:16:23 1ea786539a1e kernel: bpfilter: write fail -32
May 30 15:16:23 1ea786539a1e kernel: bpfilter: Loaded bpfilter_umh pid 2482
May 30 15:16:23 1ea786539a1e kernel: bpfilter: write fail -32
May 30 15:16:23 1ea786539a1e kernel: bpfilter: Loaded bpfilter_umh pid 2484
May 30 15:16:23 1ea786539a1e kernel: bpfilter: write fail -32
May 30 15:16:23 1ea786539a1e kernel: bpfilter: Loaded bpfilter_umh pid 2486
May 30 15:16:23 1ea786539a1e kernel: bpfilter: write fail -32
May 30 15:16:23 1ea786539a1e kernel: bpfilter: Loaded bpfilter_umh pid 2489
May 30 15:16:23 1ea786539a1e kernel: bpfilter: write fail -32
May 30 15:16:23 1ea786539a1e kernel: bpfilter: Loaded bpfilter_umh pid 2491
May 30 15:16:23 1ea786539a1e kernel: bpfilter: write fail -32
May 30 15:16:23 1ea786539a1e kernel: bpfilter: Loaded bpfilter_umh pid 2493
May 30 15:16:23 1ea786539a1e kernel: bpfilter: write fail -32
May 30 15:16:23 1ea786539a1e kernel: bpfilter: Loaded bpfilter_umh pid 2495
May 30 15:16:23 1ea786539a1e kernel: bpfilter: write fail -32
May 30 15:16:23 1ea786539a1e kernel: bpfilter: Loaded bpfilter_umh pid 2497
May 30 15:16:23 1ea786539a1e kernel: bpfilter: write fail -32
May 30 15:16:23 1ea786539a1e kernel: bpfilter: Loaded bpfilter_umh pid 2500
May 30 15:16:23 1ea786539a1e kernel: bpfilter: write fail -32
May 30 15:16:23 1ea786539a1e kernel: bpfilter: Loaded bpfilter_umh pid 2502
May 30 15:16:23 1ea786539a1e kernel: bpfilter: write fail -32
May 30 15:16:23 1ea786539a1e kernel: bpfilter: Loaded bpfilter_umh pid 2504
May 30 15:16:23 1ea786539a1e kernel: bpfilter: write fail -32
May 30 15:16:23 1ea786539a1e kernel: bpfilter: Loaded bpfilter_umh pid 2506
May 30 15:16:23 1ea786539a1e kernel: bpfilter: write fail -32
May 30 15:16:23 1ea786539a1e kernel: bpfilter: Loaded bpfilter_umh pid 2509
May 30 15:16:23 1ea786539a1e kernel: bpfilter: write fail -32
May 30 15:16:23 1ea786539a1e kernel: bpfilter: Loaded bpfilter_umh pid 2511
May 30 15:16:23 1ea786539a1e kernel: bpfilter: write fail -32
May 30 15:16:23 1ea786539a1e kernel: bpfilter: Loaded bpfilter_umh pid 2513
May 30 15:16:23 1ea786539a1e kernel: bpfilter: write fail -32
May 30 15:16:23 1ea786539a1e kernel: bpfilter: Loaded bpfilter_umh pid 2515
May 30 15:16:23 1ea786539a1e kernel: bpfilter: write fail -32
May 30 15:16:23 1ea786539a1e kernel: bpfilter: Loaded bpfilter_umh pid 2517
May 30 15:16:23 1ea786539a1e kernel: bpfilter: write fail -32
May 30 15:16:23 1ea786539a1e kernel: bpfilter: Loaded bpfilter_umh pid 2519
May 30 15:16:23 1ea786539a1e kernel: bpfilter: write fail -32
May 30 15:16:23 1ea786539a1e kernel: bpfilter: Loaded bpfilter_umh pid 2538
May 30 15:16:23 1ea786539a1e kernel: bpfilter: write fail -32
May 30 15:16:23 1ea786539a1e kernel: bpfilter: Loaded bpfilter_umh pid 2540
May 30 15:16:23 1ea786539a1e kernel: bpfilter: write fail -32
May 30 15:16:23 1ea786539a1e kernel: bpfilter: Loaded bpfilter_umh pid 2542
May 30 15:16:23 1ea786539a1e kernel: bpfilter: write fail -32
May 30 15:16:23 1ea786539a1e kernel: bpfilter: Loaded bpfilter_umh pid 2544
May 30 15:16:23 1ea786539a1e kernel: bpfilter: write fail -32
May 30 15:16:23 1ea786539a1e kernel: bpfilter: Loaded bpfilter_umh pid 2546
May 30 15:16:23 1ea786539a1e kernel: bpfilter: write fail -32
May 30 15:16:23 1ea786539a1e kernel: bpfilter: Loaded bpfilter_umh pid 2548
May 30 15:16:23 1ea786539a1e kernel: bpfilter: write fail -32
May 30 15:16:23 1ea786539a1e kernel: bpfilter: Loaded bpfilter_umh pid 2551
May 30 15:16:23 1ea786539a1e kernel: bpfilter: write fail -32
May 30 15:16:23 1ea786539a1e kernel: bpfilter: Loaded bpfilter_umh pid 2553
May 30 15:16:23 1ea786539a1e kernel: bpfilter: write fail -32
May 30 15:16:23 1ea786539a1e kernel: bpfilter: Loaded bpfilter_umh pid 2555
May 30 15:16:23 1ea786539a1e kernel: bpfilter: write fail -32
May 30 15:16:23 1ea786539a1e kernel: bpfilter: Loaded bpfilter_umh pid 2557
May 30 15:16:23 1ea786539a1e kernel: bpfilter: write fail -32
May 30 15:16:23 1ea786539a1e kernel: bpfilter: Loaded bpfilter_umh pid 2559
May 30 15:16:23 1ea786539a1e kernel: bpfilter: write fail -32
May 30 15:16:23 1ea786539a1e kernel: bpfilter: Loaded bpfilter_umh pid 2561
May 30 15:16:23 1ea786539a1e kernel: bpfilter: write fail -32
May 30 15:16:23 1ea786539a1e kernel: bpfilter: Loaded bpfilter_umh pid 2563
May 30 15:16:23 1ea786539a1e kernel: bpfilter: write fail -32
May 30 15:16:23 1ea786539a1e kernel: bpfilter: Loaded bpfilter_umh pid 2565
May 30 15:16:23 1ea786539a1e kernel: bpfilter: write fail -32
May 30 15:16:23 1ea786539a1e kernel: bpfilter: Loaded bpfilter_umh pid 2568
May 30 15:16:23 1ea786539a1e kernel: bpfilter: write fail -32
May 30 15:16:23 1ea786539a1e kernel: bpfilter: Loaded bpfilter_umh pid 2570
May 30 15:16:23 1ea786539a1e kernel: bpfilter: write fail -32
May 30 15:16:23 1ea786539a1e kernel: bpfilter: Loaded bpfilter_umh pid 2572
May 30 15:16:23 1ea786539a1e kernel: bpfilter: write fail -32
May 30 15:16:23 1ea786539a1e kernel: bpfilter: Loaded bpfilter_umh pid 2575
May 30 15:16:23 1ea786539a1e kernel: bpfilter: write fail -32
May 30 15:16:23 1ea786539a1e kernel: bpfilter: Loaded bpfilter_umh pid 2577
May 30 15:16:23 1ea786539a1e kernel: bpfilter: write fail -32
May 30 15:16:23 1ea786539a1e kernel: bpfilter: Loaded bpfilter_umh pid 2579
May 30 15:16:23 1ea786539a1e kernel: bpfilter: write fail -32
May 30 15:16:23 1ea786539a1e kernel: bpfilter: Loaded bpfilter_umh pid 2581
May 30 15:16:23 1ea786539a1e kernel: bpfilter: write fail -32
May 30 15:16:23 1ea786539a1e kernel: bpfilter: Loaded bpfilter_umh pid 2583
May 30 15:16:23 1ea786539a1e kernel: bpfilter: write fail -32
May 30 15:16:23 1ea786539a1e kernel: bpfilter: Loaded bpfilter_umh pid 2586
May 30 15:16:23 1ea786539a1e kernel: bpfilter: write fail -32
May 30 15:16:23 1ea786539a1e kernel: bpfilter: Loaded bpfilter_umh pid 2588
May 30 15:16:23 1ea786539a1e kernel: bpfilter: write fail -32
May 30 15:16:23 1ea786539a1e kernel: bpfilter: Loaded bpfilter_umh pid 2590
May 30 15:16:23 1ea786539a1e kernel: bpfilter: write fail -32
May 30 15:16:23 1ea786539a1e kernel: bpfilter: Loaded bpfilter_umh pid 2592
May 30 15:16:23 1ea786539a1e kernel: bpfilter: write fail -32
May 30 15:16:23 1ea786539a1e kernel: bpfilter: Loaded bpfilter_umh pid 2595
May 30 15:16:23 1ea786539a1e kernel: bpfilter: write fail -32
May 30 15:16:23 1ea786539a1e kernel: bpfilter: Loaded bpfilter_umh pid 2597
May 30 15:16:23 1ea786539a1e kernel: bpfilter: write fail -32
May 30 15:16:23 1ea786539a1e kernel: bpfilter: Loaded bpfilter_umh pid 2599
May 30 15:16:23 1ea786539a1e kernel: bpfilter: write fail -32
May 30 15:16:23 1ea786539a1e kernel: bpfilter: Loaded bpfilter_umh pid 2601
May 30 15:16:23 1ea786539a1e kernel: bpfilter: write fail -32
May 30 15:16:23 1ea786539a1e kernel: bpfilter: Loaded bpfilter_umh pid 2603
May 30 15:16:23 1ea786539a1e kernel: bpfilter: write fail -32
May 30 15:16:23 1ea786539a1e kernel: bpfilter: Loaded bpfilter_umh pid 2605
May 30 15:16:23 1ea786539a1e kernel: bpfilter: write fail -32
May 30 15:16:23 1ea786539a1e kernel: IPVS: ftp: loaded support on port[0] = 21
May 30 15:16:23 1ea786539a1e kernel: bpfilter: Loaded bpfilter_umh pid 2656
May 30 15:16:23 1ea786539a1e kernel: bpfilter: write fail -32
May 30 15:16:23 1ea786539a1e kernel: bpfilter: Loaded bpfilter_umh pid 2658
May 30 15:16:23 1ea786539a1e kernel: bpfilter: write fail -32
May 30 15:16:23 1ea786539a1e kernel: bpfilter: Loaded bpfilter_umh pid 2660
May 30 15:16:23 1ea786539a1e kernel: bpfilter: write fail -32
May 30 15:16:23 1ea786539a1e kernel: bpfilter: Loaded bpfilter_umh pid 2662
May 30 15:16:23 1ea786539a1e kernel: bpfilter: write fail -32
May 30 15:16:23 1ea786539a1e kernel: bpfilter: Loaded bpfilter_umh pid 2664
May 30 15:16:23 1ea786539a1e kernel: bpfilter: write fail -32
May 30 15:16:23 1ea786539a1e kernel: bpfilter: Loaded bpfilter_umh pid 2666
May 30 15:16:23 1ea786539a1e kernel: bpfilter: write fail -32
May 30 15:16:23 1ea786539a1e kernel: bpfilter: Loaded bpfilter_umh pid 2669
May 30 15:16:23 1ea786539a1e kernel: bpfilter: write fail -32
May 30 15:16:23 1ea786539a1e kernel: bpfilter: Loaded bpfilter_umh pid 2671
May 30 15:16:23 1ea786539a1e kernel: bpfilter: write fail -32
May 30 15:16:23 1ea786539a1e kernel: bpfilter: Loaded bpfilter_umh pid 2673
May 30 15:16:23 1ea786539a1e kernel: bpfilter: write fail -32
May 30 15:16:23 1ea786539a1e kernel: bpfilter: Loaded bpfilter_umh pid 2675
May 30 15:16:23 1ea786539a1e kernel: bpfilter: write fail -32
May 30 15:16:23 1ea786539a1e kernel: bpfilter: Loaded bpfilter_umh pid 2677
May 30 15:16:23 1ea786539a1e kernel: bpfilter: write fail -32
May 30 15:16:23 1ea786539a1e kernel: bpfilter: Loaded bpfilter_umh pid 2679
May 30 15:16:23 1ea786539a1e kernel: bpfilter: write fail -32
May 30 15:16:23 1ea786539a1e kernel: bpfilter: Loaded bpfilter_umh pid 2681
May 30 15:16:23 1ea786539a1e kernel: bpfilter: write fail -32
May 30 15:16:23 1ea786539a1e kernel: bpfilter: Loaded bpfilter_umh pid 2683
May 30 15:16:23 1ea786539a1e kernel: bpfilter: write fail -32
May 30 15:16:23 1ea786539a1e kernel: bpfilter: Loaded bpfilter_umh pid 2686
May 30 15:16:23 1ea786539a1e kernel: bpfilter: write fail -32
May 30 15:16:23 1ea786539a1e kernel: bpfilter: Loaded bpfilter_umh pid 2688
May 30 15:16:23 1ea786539a1e kernel: bpfilter: write fail -32
May 30 15:16:23 1ea786539a1e kernel: bpfilter: Loaded bpfilter_umh pid 2690
May 30 15:16:23 1ea786539a1e kernel: bpfilter: write fail -32
May 30 15:16:23 1ea786539a1e kernel: bpfilter: Loaded bpfilter_umh pid 2693
May 30 15:16:23 1ea786539a1e kernel: bpfilter: write fail -32
May 30 15:16:23 1ea786539a1e kernel: bpfilter: Loaded bpfilter_umh pid 2695
May 30 15:16:23 1ea786539a1e kernel: bpfilter: write fail -32
May 30 15:16:23 1ea786539a1e kernel: bpfilter: Loaded bpfilter_umh pid 2697
May 30 15:16:23 1ea786539a1e kernel: bpfilter: write fail -32
May 30 15:16:23 1ea786539a1e kernel: bpfilter: Loaded bpfilter_umh pid 2699
May 30 15:16:23 1ea786539a1e kernel: bpfilter: write fail -32
May 30 15:16:23 1ea786539a1e kernel: bpfilter: Loaded bpfilter_umh pid 2701
May 30 15:16:23 1ea786539a1e kernel: bpfilter: write fail -32
May 30 15:16:23 1ea786539a1e kernel: bpfilter: Loaded bpfilter_umh pid 2704
May 30 15:16:23 1ea786539a1e kernel: bpfilter: write fail -32
May 30 15:16:23 1ea786539a1e kernel: bpfilter: Loaded bpfilter_umh pid 2706
May 30 15:16:23 1ea786539a1e kernel: bpfilter: write fail -32
May 30 15:16:23 1ea786539a1e kernel: bpfilter: Loaded bpfilter_umh pid 2708
May 30 15:16:23 1ea786539a1e kernel: bpfilter: write fail -32
May 30 15:16:23 1ea786539a1e kernel: bpfilter: Loaded bpfilter_umh pid 2710
May 30 15:16:23 1ea786539a1e kernel: bpfilter: write fail -32
May 30 15:16:23 1ea786539a1e kernel: bpfilter: Loaded bpfilter_umh pid 2713
May 30 15:16:23 1ea786539a1e kernel: bpfilter: write fail -32
May 30 15:16:23 1ea786539a1e kernel: bpfilter: Loaded bpfilter_umh pid 2715
May 30 15:16:23 1ea786539a1e kernel: bpfilter: write fail -32
May 30 15:16:23 1ea786539a1e kernel: bpfilter: Loaded bpfilter_umh pid 2717
May 30 15:16:23 1ea786539a1e kernel: bpfilter: write fail -32
May 30 15:16:23 1ea786539a1e kernel: bpfilter: Loaded bpfilter_umh pid 2719
May 30 15:16:23 1ea786539a1e kernel: bpfilter: write fail -32
May 30 15:16:23 1ea786539a1e kernel: bpfilter: Loaded bpfilter_umh pid 2721
May 30 15:16:23 1ea786539a1e kernel: bpfilter: write fail -32
May 30 15:16:23 1ea786539a1e kernel: bpfilter: Loaded bpfilter_umh pid 2723
May 30 15:16:23 1ea786539a1e kernel: bpfilter: write fail -32
May 30 15:16:23 1ea786539a1e kernel: bpfilter: Loaded bpfilter_umh pid 2727
May 30 15:16:23 1ea786539a1e kernel: bpfilter: write fail -32
May 30 15:16:23 1ea786539a1e kernel: bpfilter: Loaded bpfilter_umh pid 2729
May 30 15:16:23 1ea786539a1e kernel: bpfilter: write fail -32
May 30 15:16:23 1ea786539a1e kernel: bpfilter: Loaded bpfilter_umh pid 2731
May 30 15:16:23 1ea786539a1e kernel: bpfilter: write fail -32
May 30 15:16:23 1ea786539a1e kernel: bpfilter: Loaded bpfilter_umh pid 2733
May 30 15:16:23 1ea786539a1e kernel: bpfilter: write fail -32
May 30 15:16:23 1ea786539a1e kernel: bpfilter: Loaded bpfilter_umh pid 2735
May 30 15:16:23 1ea786539a1e kernel: bpfilter: write fail -32
May 30 15:16:23 1ea786539a1e kernel: bpfilter: Loaded bpfilter_umh pid 2737
May 30 15:16:23 1ea786539a1e kernel: bpfilter: write fail -32
May 30 15:16:23 1ea786539a1e kernel: bpfilter: Loaded bpfilter_umh pid 2740
May 30 15:16:23 1ea786539a1e kernel: bpfilter: write fail -32
May 30 15:16:23 1ea786539a1e kernel: bpfilter: Loaded bpfilter_umh pid 2742
May 30 15:16:23 1ea786539a1e kernel: bpfilter: write fail -32
May 30 15:16:23 1ea786539a1e kernel: bpfilter: Loaded bpfilter_umh pid 2744
May 30 15:16:23 1ea786539a1e kernel: bpfilter: write fail -32
May 30 15:16:23 1ea786539a1e kernel: bpfilter: Loaded bpfilter_umh pid 2746
May 30 15:16:23 1ea786539a1e kernel: bpfilter: write fail -32
May 30 15:16:23 1ea786539a1e kernel: bpfilter: Loaded bpfilter_umh pid 2748
May 30 15:16:23 1ea786539a1e kernel: bpfilter: write fail -32
May 30 15:16:23 1ea786539a1e kernel: bpfilter: Loaded bpfilter_umh pid 2750
May 30 15:16:23 1ea786539a1e kernel: bpfilter: write fail -32
May 30 15:16:23 1ea786539a1e kernel: bpfilter: Loaded bpfilter_umh pid 2752
May 30 15:16:23 1ea786539a1e kernel: bpfilter: write fail -32
May 30 15:16:23 1ea786539a1e kernel: bpfilter: Loaded bpfilter_umh pid 2754
May 30 15:16:23 1ea786539a1e kernel: bpfilter: write fail -32
May 30 15:16:23 1ea786539a1e kernel: bpfilter: Loaded bpfilter_umh pid 2757
May 30 15:16:23 1ea786539a1e kernel: bpfilter: write fail -32
May 30 15:16:23 1ea786539a1e kernel: bpfilter: Loaded bpfilter_umh pid 2759
May 30 15:16:23 1ea786539a1e kernel: bpfilter: write fail -32
May 30 15:16:23 1ea786539a1e kernel: bpfilter: Loaded bpfilter_umh pid 2761
May 30 15:16:23 1ea786539a1e kernel: bpfilter: write fail -32
May 30 15:16:23 1ea786539a1e kernel: bpfilter: Loaded bpfilter_umh pid 2764
May 30 15:16:23 1ea786539a1e kernel: bpfilter: write fail -32
May 30 15:16:23 1ea786539a1e kernel: bpfilter: Loaded bpfilter_umh pid 2766
May 30 15:16:23 1ea786539a1e kernel: bpfilter: write fail -32
May 30 15:16:23 1ea786539a1e kernel: bpfilter: Loaded bpfilter_umh pid 2768
May 30 15:16:23 1ea786539a1e kernel: bpfilter: write fail -32
May 30 15:16:23 1ea786539a1e kernel: bpfilter: Loaded bpfilter_umh pid 2770
May 30 15:16:23 1ea786539a1e kernel: bpfilter: write fail -32
May 30 15:16:23 1ea786539a1e kernel: bpfilter: Loaded bpfilter_umh pid 2772
May 30 15:16:23 1ea786539a1e kernel: bpfilter: write fail -32
May 30 15:16:23 1ea786539a1e kernel: bpfilter: Loaded bpfilter_umh pid 2775
May 30 15:16:23 1ea786539a1e kernel: bpfilter: write fail -32
May 30 15:16:23 1ea786539a1e kernel: bpfilter: Loaded bpfilter_umh pid 2777
May 30 15:16:23 1ea786539a1e kernel: bpfilter: write fail -32
May 30 15:16:23 1ea786539a1e kernel: bpfilter: Loaded bpfilter_umh pid 2779
May 30 15:16:23 1ea786539a1e kernel: bpfilter: write fail -32
May 30 15:16:23 1ea786539a1e kernel: bpfilter: Loaded bpfilter_umh pid 2781
May 30 15:16:23 1ea786539a1e kernel: bpfilter: write fail -32
May 30 15:16:23 1ea786539a1e kernel: bpfilter: Loaded bpfilter_umh pid 2784
May 30 15:16:23 1ea786539a1e kernel: bpfilter: write fail -32
May 30 15:16:23 1ea786539a1e kernel: bpfilter: Loaded bpfilter_umh pid 2786
May 30 15:16:23 1ea786539a1e kernel: bpfilter: write fail -32
May 30 15:16:23 1ea786539a1e kernel: bpfilter: Loaded bpfilter_umh pid 2788
May 30 15:16:23 1ea786539a1e kernel: bpfilter: write fail -32
May 30 15:16:23 1ea786539a1e kernel: bpfilter: Loaded bpfilter_umh pid 2790
May 30 15:16:23 1ea786539a1e kernel: bpfilter: write fail -32
May 30 15:16:23 1ea786539a1e kernel: bpfilter: Loaded bpfilter_umh pid 2792
May 30 15:16:23 1ea786539a1e kernel: bpfilter: write fail -32
May 30 15:16:23 1ea786539a1e kernel: bpfilter: Loaded bpfilter_umh pid 2794
May 30 15:16:23 1ea786539a1e kernel: bpfilter: write fail -32
May 30 15:16:23 1ea786539a1e kernel: bpfilter: Loaded bpfilter_umh pid 2798
May 30 15:16:23 1ea786539a1e kernel: bpfilter: write fail -32
May 30 15:16:23 1ea786539a1e kernel: bpfilter: Loaded bpfilter_umh pid 2800
May 30 15:16:23 1ea786539a1e kernel: bpfilter: write fail -32
May 30 15:16:23 1ea786539a1e kernel: bpfilter: Loaded bpfilter_umh pid 2802
May 30 15:16:23 1ea786539a1e kernel: bpfilter: write fail -32
May 30 15:16:23 1ea786539a1e kernel: bpfilter: Loaded bpfilter_umh pid 2804
May 30 15:16:23 1ea786539a1e kernel: bpfilter: write fail -32
May 30 15:16:23 1ea786539a1e kernel: bpfilter: Loaded bpfilter_umh pid 2806
May 30 15:16:23 1ea786539a1e kernel: bpfilter: write fail -32
May 30 15:16:23 1ea786539a1e kernel: bpfilter: Loaded bpfilter_umh pid 2808
May 30 15:16:23 1ea786539a1e kernel: bpfilter: write fail -32
May 30 15:16:23 1ea786539a1e kernel: bpfilter: Loaded bpfilter_umh pid 2811
May 30 15:16:23 1ea786539a1e kernel: bpfilter: write fail -32
May 30 15:16:23 1ea786539a1e kernel: bpfilter: Loaded bpfilter_umh pid 2813
May 30 15:16:23 1ea786539a1e kernel: bpfilter: write fail -32
May 30 15:16:23 1ea786539a1e kernel: bpfilter: Loaded bpfilter_umh pid 2815
May 30 15:16:23 1ea786539a1e kernel: bpfilter: write fail -32
May 30 15:16:23 1ea786539a1e kernel: bpfilter: Loaded bpfilter_umh pid 2817
May 30 15:16:23 1ea786539a1e kernel: bpfilter: write fail -32
May 30 15:16:23 1ea786539a1e kernel: bpfilter: Loaded bpfilter_umh pid 2819
May 30 15:16:23 1ea786539a1e kernel: bpfilter: write fail -32
May 30 15:16:23 1ea786539a1e kernel: bpfilter: Loaded bpfilter_umh pid 2821
May 30 15:16:23 1ea786539a1e kernel: bpfilter: write fail -32
May 30 15:16:23 1ea786539a1e kernel: bpfilter: Loaded bpfilter_umh pid 2823
May 30 15:16:23 1ea786539a1e kernel: bpfilter: write fail -32
May 30 15:16:23 1ea786539a1e kernel: bpfilter: Loaded bpfilter_umh pid 2825
May 30 15:16:23 1ea786539a1e kernel: bpfilter: write fail -32
May 30 15:16:23 1ea786539a1e kernel: bpfilter: Loaded bpfilter_umh pid 2828
May 30 15:16:23 1ea786539a1e kernel: bpfilter: write fail -32
May 30 15:16:23 1ea786539a1e kernel: bpfilter: Loaded bpfilter_umh pid 2830
May 30 15:16:23 1ea786539a1e kernel: bpfilter: write fail -32
May 30 15:16:23 1ea786539a1e kernel: bpfilter: Loaded bpfilter_umh pid 2832
May 30 15:16:23 1ea786539a1e kernel: bpfilter: write fail -32
May 30 15:16:23 1ea786539a1e kernel: bpfilter: Loaded bpfilter_umh pid 2835
May 30 15:16:23 1ea786539a1e kernel: bpfilter: write fail -32
May 30 15:16:23 1ea786539a1e kernel: bpfilter: Loaded bpfilter_umh pid 2837
May 30 15:16:23 1ea786539a1e kernel: bpfilter: write fail -32
May 30 15:16:23 1ea786539a1e kernel: bpfilter: Loaded bpfilter_umh pid 2839
May 30 15:16:23 1ea786539a1e kernel: bpfilter: write fail -32
May 30 15:16:23 1ea786539a1e kernel: bpfilter: Loaded bpfilter_umh pid 2841
May 30 15:16:23 1ea786539a1e kernel: bpfilter: write fail -32
May 30 15:16:23 1ea786539a1e kernel: bpfilter: Loaded bpfilter_umh pid 2843
May 30 15:16:23 1ea786539a1e kernel: bpfilter: write fail -32
May 30 15:16:23 1ea786539a1e kernel: bpfilter: Loaded bpfilter_umh pid 2846
May 30 15:16:23 1ea786539a1e kernel: bpfilter: write fail -32
May 30 15:16:23 1ea786539a1e kernel: bpfilter: Loaded bpfilter_umh pid 2848
May 30 15:16:23 1ea786539a1e kernel: bpfilter: write fail -32
May 30 15:16:23 1ea786539a1e kernel: bpfilter: Loaded bpfilter_umh pid 2850
May 30 15:16:23 1ea786539a1e kernel: bpfilter: write fail -32
May 30 15:16:23 1ea786539a1e kernel: bpfilter: Loaded bpfilter_umh pid 2852
May 30 15:16:23 1ea786539a1e kernel: bpfilter: write fail -32
May 30 15:16:23 1ea786539a1e kernel: bpfilter: Loaded bpfilter_umh pid 2855
May 30 15:16:23 1ea786539a1e kernel: bpfilter: write fail -32
May 30 15:16:23 1ea786539a1e kernel: bpfilter: Loaded bpfilter_umh pid 2857
May 30 15:16:23 1ea786539a1e kernel: bpfilter: write fail -32
May 30 15:16:23 1ea786539a1e kernel: bpfilter: Loaded bpfilter_umh pid 2859
May 30 15:16:23 1ea786539a1e kernel: bpfilter: write fail -32
May 30 15:16:23 1ea786539a1e kernel: bpfilter: Loaded bpfilter_umh pid 2861
May 30 15:16:23 1ea786539a1e kernel: bpfilter: write fail -32
May 30 15:16:23 1ea786539a1e kernel: bpfilter: Loaded bpfilter_umh pid 2865
May 30 15:16:23 1ea786539a1e kernel: bpfilter: write fail -32
May 30 15:16:23 1ea786539a1e kernel: bpfilter: Loaded bpfilter_umh pid 2867
May 30 15:16:23 1ea786539a1e kernel: bpfilter: write fail -32
May 30 15:16:23 1ea786539a1e kernel: bpfilter: Loaded bpfilter_umh pid 2870
May 30 15:16:23 1ea786539a1e kernel: bpfilter: write fail -32
May 30 15:16:23 1ea786539a1e kernel: bpfilter: Loaded bpfilter_umh pid 2872
May 30 15:16:23 1ea786539a1e kernel: bpfilter: write fail -32
May 30 15:16:23 1ea786539a1e kernel: bpfilter: Loaded bpfilter_umh pid 2874
May 30 15:16:23 1ea786539a1e kernel: bpfilter: write fail -32
May 30 15:16:23 1ea786539a1e kernel: bpfilter: Loaded bpfilter_umh pid 2876
May 30 15:16:23 1ea786539a1e kernel: bpfilter: write fail -32
May 30 15:16:23 1ea786539a1e kernel: bpfilter: Loaded bpfilter_umh pid 2878
May 30 15:16:23 1ea786539a1e kernel: bpfilter: write fail -32
May 30 15:16:23 1ea786539a1e kernel: bpfilter: Loaded bpfilter_umh pid 2880
May 30 15:16:23 1ea786539a1e kernel: bpfilter: write fail -32
May 30 15:16:23 1ea786539a1e kernel: bpfilter: Loaded bpfilter_umh pid 2883
May 30 15:16:23 1ea786539a1e kernel: bpfilter: write fail -32
May 30 15:16:23 1ea786539a1e kernel: bpfilter: Loaded bpfilter_umh pid 2885
May 30 15:16:23 1ea786539a1e kernel: bpfilter: write fail -32
May 30 15:16:23 1ea786539a1e kernel: bpfilter: Loaded bpfilter_umh pid 2887
May 30 15:16:23 1ea786539a1e kernel: bpfilter: write fail -32
May 30 15:16:23 1ea786539a1e kernel: bpfilter: Loaded bpfilter_umh pid 2889
May 30 15:16:23 1ea786539a1e kernel: bpfilter: write fail -32
May 30 15:16:23 1ea786539a1e kernel: bpfilter: Loaded bpfilter_umh pid 2891
May 30 15:16:23 1ea786539a1e kernel: bpfilter: write fail -32
May 30 15:16:23 1ea786539a1e kernel: bpfilter: Loaded bpfilter_umh pid 2893
May 30 15:16:23 1ea786539a1e kernel: bpfilter: write fail -32
May 30 15:16:23 1ea786539a1e kernel: bpfilter: Loaded bpfilter_umh pid 2895
May 30 15:16:23 1ea786539a1e kernel: bpfilter: write fail -32
May 30 15:16:23 1ea786539a1e kernel: bpfilter: Loaded bpfilter_umh pid 2897
May 30 15:16:23 1ea786539a1e kernel: bpfilter: write fail -32
May 30 15:16:23 1ea786539a1e kernel: bpfilter: Loaded bpfilter_umh pid 2900
May 30 15:16:23 1ea786539a1e kernel: bpfilter: write fail -32
May 30 15:16:23 1ea786539a1e kernel: bpfilter: Loaded bpfilter_umh pid 2902
May 30 15:16:23 1ea786539a1e kernel: bpfilter: write fail -32
May 30 15:16:23 1ea786539a1e kernel: bpfilter: Loaded bpfilter_umh pid 2904
May 30 15:16:23 1ea786539a1e kernel: bpfilter: write fail -32
May 30 15:16:23 1ea786539a1e kernel: bpfilter: Loaded bpfilter_umh pid 2907
May 30 15:16:23 1ea786539a1e kernel: bpfilter: write fail -32
May 30 15:16:23 1ea786539a1e kernel: bpfilter: Loaded bpfilter_umh pid 2909
May 30 15:16:23 1ea786539a1e kernel: bpfilter: write fail -32
May 30 15:16:23 1ea786539a1e kernel: bpfilter: Loaded bpfilter_umh pid 2911
May 30 15:16:23 1ea786539a1e kernel: bpfilter: write fail -32
May 30 15:16:23 1ea786539a1e kernel: bpfilter: Loaded bpfilter_umh pid 2913
May 30 15:16:23 1ea786539a1e kernel: bpfilter: write fail -32
May 30 15:16:23 1ea786539a1e kernel: bpfilter: Loaded bpfilter_umh pid 2915
May 30 15:16:23 1ea786539a1e kernel: bpfilter: write fail -32
May 30 15:16:23 1ea786539a1e kernel: bpfilter: Loaded bpfilter_umh pid 2918
May 30 15:16:23 1ea786539a1e kernel: bpfilter: write fail -32
May 30 15:16:23 1ea786539a1e kernel: bpfilter: Loaded bpfilter_umh pid 2920
May 30 15:16:23 1ea786539a1e kernel: bpfilter: write fail -32
May 30 15:16:23 1ea786539a1e kernel: bpfilter: Loaded bpfilter_umh pid 2922
May 30 15:16:23 1ea786539a1e kernel: bpfilter: write fail -32
May 30 15:16:23 1ea786539a1e kernel: bpfilter: Loaded bpfilter_umh pid 2924
May 30 15:16:23 1ea786539a1e kernel: bpfilter: write fail -32
May 30 15:16:23 1ea786539a1e kernel: bpfilter: Loaded bpfilter_umh pid 2927
May 30 15:16:23 1ea786539a1e kernel: bpfilter: write fail -32
May 30 15:16:23 1ea786539a1e kernel: bpfilter: Loaded bpfilter_umh pid 2929
May 30 15:16:23 1ea786539a1e kernel: bpfilter: write fail -32
May 30 15:16:23 1ea786539a1e kernel: bpfilter: Loaded bpfilter_umh pid 2931
May 30 15:16:23 1ea786539a1e kernel: bpfilter: write fail -32
May 30 15:16:23 1ea786539a1e kernel: bpfilter: Loaded bpfilter_umh pid 2933
May 30 15:16:23 1ea786539a1e kernel: bpfilter: write fail -32
May 30 15:16:23 1ea786539a1e kernel: bpfilter: Loaded bpfilter_umh pid 2935
May 30 15:16:23 1ea786539a1e kernel: bpfilter: write fail -32
May 30 15:16:23 1ea786539a1e kernel: bpfilter: Loaded bpfilter_umh pid 2937
May 30 15:16:23 1ea786539a1e kernel: bpfilter: write fail -32
May 30 15:16:23 1ea786539a1e kernel: bpfilter: Loaded bpfilter_umh pid 2940
May 30 15:16:23 1ea786539a1e kernel: bpfilter: write fail -32
May 30 15:16:23 1ea786539a1e kernel: bpfilter: Loaded bpfilter_umh pid 2942
May 30 15:16:23 1ea786539a1e kernel: bpfilter: write fail -32
May 30 15:16:23 1ea786539a1e kernel: bpfilter: Loaded bpfilter_umh pid 2944
May 30 15:16:23 1ea786539a1e kernel: bpfilter: write fail -32
May 30 15:16:23 1ea786539a1e kernel: bpfilter: Loaded bpfilter_umh pid 2947
May 30 15:16:23 1ea786539a1e kernel: bpfilter: write fail -32
May 30 15:16:23 1ea786539a1e kernel: bpfilter: Loaded bpfilter_umh pid 2949
May 30 15:16:23 1ea786539a1e kernel: bpfilter: write fail -32
May 30 15:16:23 1ea786539a1e kernel: bpfilter: Loaded bpfilter_umh pid 2951
May 30 15:16:23 1ea786539a1e kernel: bpfilter: write fail -32
May 30 15:16:23 1ea786539a1e kernel: bpfilter: Loaded bpfilter_umh pid 2953
May 30 15:16:23 1ea786539a1e kernel: bpfilter: write fail -32
May 30 15:16:23 1ea786539a1e kernel: bpfilter: Loaded bpfilter_umh pid 2955
May 30 15:16:23 1ea786539a1e kernel: bpfilter: write fail -32
May 30 15:16:23 1ea786539a1e kernel: bpfilter: Loaded bpfilter_umh pid 2958
